Archive member included to satisfy reference by file (symbol)

app/libapp.a(app_a.c.obj)     (--whole-archive)
app/libapp.a(app_b.c.obj)     (--whole-archive)
app/libapp.a(app_shared.c.obj)
                              (--whole-archive)
app/libapp.a(app_syscall.c.obj)
                              (--whole-archive)
app/libapp.a(main.c.obj)      (--whole-archive)
app/libapp.a(sample_driver_foo.c.obj)
                              (--whole-archive)
app/libapp.a(sample_driver_handlers.c.obj)
                              (--whole-archive)
zephyr/libzephyr.a(cbprintf_packaged.c.obj)
                              (--whole-archive)
zephyr/libzephyr.a(dec.c.obj)
                              (--whole-archive)
zephyr/libzephyr.a(hex.c.obj)
                              (--whole-archive)
zephyr/libzephyr.a(printk.c.obj)
                              (--whole-archive)
zephyr/libzephyr.a(rb.c.obj)  (--whole-archive)
zephyr/libzephyr.a(sem.c.obj)
                              (--whole-archive)
zephyr/libzephyr.a(thread_entry.c.obj)
                              (--whole-archive)
zephyr/libzephyr.a(timeutil.c.obj)
                              (--whole-archive)
zephyr/libzephyr.a(heap.c.obj)
                              (--whole-archive)
zephyr/libzephyr.a(heap-validate.c.obj)
                              (--whole-archive)
zephyr/libzephyr.a(bitarray.c.obj)
                              (--whole-archive)
zephyr/libzephyr.a(multi_heap.c.obj)
                              (--whole-archive)
zephyr/libzephyr.a(cbprintf_complete.c.obj)
                              (--whole-archive)
zephyr/libzephyr.a(assert.c.obj)
                              (--whole-archive)
zephyr/libzephyr.a(mutex.c.obj)
                              (--whole-archive)
zephyr/libzephyr.a(user_work.c.obj)
                              (--whole-archive)
zephyr/libzephyr.a(configs.c.obj)
                              (--whole-archive)
zephyr/libzephyr.a(soc_m7.c.obj)
                              (--whole-archive)
zephyr/libzephyr.a(mpu_regions.c.obj)
                              (--whole-archive)
zephyr/libzephyr.a(stm32cube_hal.c.obj)
                              (--whole-archive)
zephyr/libzephyr.a(soc_config.c.obj)
                              (--whole-archive)
zephyr/libzephyr.a(log_minimal.c.obj)
                              (--whole-archive)
zephyr/libzephyr.a(mem_attr.c.obj)
                              (--whole-archive)
zephyr/libzephyr.a(tracing_none.c.obj)
                              (--whole-archive)
zephyr/arch/common/libarch__common.a(sw_isr_common.c.obj)
                              (--whole-archive)
zephyr/arch/arch/arm/core/libarch__arm__core.a(fatal.c.obj)
                              (--whole-archive)
zephyr/arch/arch/arm/core/libarch__arm__core.a(nmi.c.obj)
                              (--whole-archive)
zephyr/arch/arch/arm/core/libarch__arm__core.a(nmi_on_reset.S.obj)
                              (--whole-archive)
zephyr/arch/arch/arm/core/libarch__arm__core.a(tls.c.obj)
                              (--whole-archive)
zephyr/arch/arch/arm/core/libarch__arm__core.a(userspace.S.obj)
                              (--whole-archive)
zephyr/arch/arch/arm/core/cortex_m/libarch__arm__core__cortex_m.a(exc_exit.S.obj)
                              (--whole-archive)
zephyr/arch/arch/arm/core/cortex_m/libarch__arm__core__cortex_m.a(fault.c.obj)
                              (--whole-archive)
zephyr/arch/arch/arm/core/cortex_m/libarch__arm__core__cortex_m.a(fault_s.S.obj)
                              (--whole-archive)
zephyr/arch/arch/arm/core/cortex_m/libarch__arm__core__cortex_m.a(fpu.c.obj)
                              (--whole-archive)
zephyr/arch/arch/arm/core/cortex_m/libarch__arm__core__cortex_m.a(reset.S.obj)
                              (--whole-archive)
zephyr/arch/arch/arm/core/cortex_m/libarch__arm__core__cortex_m.a(scb.c.obj)
                              (--whole-archive)
zephyr/arch/arch/arm/core/cortex_m/libarch__arm__core__cortex_m.a(thread_abort.c.obj)
                              (--whole-archive)
zephyr/arch/arch/arm/core/cortex_m/libarch__arm__core__cortex_m.a(vector_table.S.obj)
                              (--whole-archive)
zephyr/arch/arch/arm/core/cortex_m/libarch__arm__core__cortex_m.a(swap.c.obj)
                              (--whole-archive)
zephyr/arch/arch/arm/core/cortex_m/libarch__arm__core__cortex_m.a(swap_helper.S.obj)
                              (--whole-archive)
zephyr/arch/arch/arm/core/cortex_m/libarch__arm__core__cortex_m.a(irq_manage.c.obj)
                              (--whole-archive)
zephyr/arch/arch/arm/core/cortex_m/libarch__arm__core__cortex_m.a(prep_c.c.obj)
                              (--whole-archive)
zephyr/arch/arch/arm/core/cortex_m/libarch__arm__core__cortex_m.a(thread.c.obj)
                              (--whole-archive)
zephyr/arch/arch/arm/core/cortex_m/libarch__arm__core__cortex_m.a(cpu_idle.S.obj)
                              (--whole-archive)
[...]
Memory Configuration

Name             Origin             Length             Attributes
FLASH            0x0000000008000000 0x0000000000100000 xr
RAM              0x0000000024000000 0x0000000000050000 xw
QSPI             0x0000000090000000 0x0000000010000000
SRAM1            0x0000000030000000 0x0000000000004000
SRAM2            0x0000000030004000 0x0000000000004000
SRAM4            0x0000000038000000 0x0000000000004000
DTCM             0x0000000020000000 0x0000000000020000
ITCM             0x0000000000000000 0x0000000000010000
IDT_LIST         0x00000000fffff7ff 0x0000000000000800 xw
*default*        0x0000000000000000 0xffffffffffffffff

Linker script and memory map

                0x0000000008009404                vfprintf = __i_vfprintf
                0x0000000000000000                vfscanf = __i_vfscanf
LOAD zephyr/CMakeFiles/zephyr_final.dir/misc/empty_file.c.obj
LOAD zephyr/CMakeFiles/zephyr_final.dir/isr_tables.c.obj
LOAD zephyr/CMakeFiles/offsets.dir/./arch/arm/core/offsets/offsets.c.obj
LOAD zephyr/kobject_hash_renamed.o
LOAD app/libapp.a
LOAD zephyr/libzephyr.a
LOAD zephyr/arch/common/libarch__common.a
LOAD zephyr/arch/arch/arm/core/libarch__arm__core.a
LOAD zephyr/arch/arch/arm/core/cortex_m/libarch__arm__core__cortex_m.a
LOAD zephyr/arch/arch/arm/core/mpu/libarch__arm__core__mpu.a
LOAD zephyr/lib/libc/picolibc/liblib__libc__picolibc.a
LOAD zephyr/lib/libc/common/liblib__libc__common.a
LOAD zephyr/drivers/interrupt_controller/libdrivers__interrupt_controller.a
LOAD zephyr/drivers/clock_control/libdrivers__clock_control.a
LOAD zephyr/drivers/console/libdrivers__console.a
LOAD zephyr/drivers/gpio/libdrivers__gpio.a
LOAD zephyr/drivers/pinctrl/libdrivers__pinctrl.a
LOAD zephyr/drivers/reset/libdrivers__reset.a
LOAD zephyr/drivers/serial/libdrivers__serial.a
LOAD zephyr/drivers/timer/libdrivers__timer.a
LOAD modules/stm32/stm32cube/lib..__modules__hal__stm32__stm32cube.a
LOAD zephyr/kernel/libkernel.a
LOAD c:/users/joedo/zephyr-sdk-0.16.3/arm-zephyr-eabi/bin/../lib/gcc/arm-zephyr-eabi/12.2.0/thumb/v7e-m/nofp\libgcc.a
LOAD zephyr/arch/common/libisr_tables.a
LOAD c:\users\joedo\zephyr-sdk-0.16.3\arm-zephyr-eabi\bin\../lib/gcc/../../picolibc/arm-zephyr-eabi/lib/thumb/v7e-m/nofp\libc.a
LOAD c:/users/joedo/zephyr-sdk-0.16.3/arm-zephyr-eabi/bin/../lib/gcc/arm-zephyr-eabi/12.2.0/thumb/v7e-m/nofp\libgcc.a
                0x0000000000000020                _region_min_align = 0x20

.rel.plt        0x0000000008000000        0x0
 *(SORT_BY_ALIGNMENT(.rel.plt))
                [!provide]                        PROVIDE (__rel_iplt_start = .)
 *(SORT_BY_ALIGNMENT(.rel.iplt))
 .rel.iplt      0x0000000008000000        0x0 zephyr/CMakeFiles/zephyr_final.dir/isr_tables.c.obj
                [!provide]                        PROVIDE (__rel_iplt_end = .)

.rela.plt       0x0000000000000000        0x0
 *(SORT_BY_ALIGNMENT(.rela.plt))
                [!provide]                        PROVIDE (__rela_iplt_start = .)
 *(SORT_BY_ALIGNMENT(.rela.iplt))
                [!provide]                        PROVIDE (__rela_iplt_end = .)

.rel.dyn
 *(SORT_BY_ALIGNMENT(.rel.*))

.rela.dyn
 *(SORT_BY_ALIGNMENT(.rela.*))

/DISCARD/
 *(SORT_BY_ALIGNMENT(.plt))

/DISCARD/
 *(SORT_BY_ALIGNMENT(.iplt))
                0x0000000008000000                __rom_region_start = 0x8000000

rom_start       0x0000000008000000      0x2cc
                0x0000000008000000                __rom_start_address = .
 FILL mask 0x00
                0x0000000008000000                . = (. + (0x0 - (. - __rom_start_address)))
                0x0000000008000000                . = ALIGN (0x4)
                0x0000000008000000                . = ALIGN (0x80)
                0x0000000008000000                . = ALIGN (0x400)
                0x0000000008000000                _vector_start = .
 *(SORT_BY_ALIGNMENT(.exc_vector_table))
 *(SORT_BY_ALIGNMENT(.exc_vector_table.*))
 .exc_vector_table._vector_table_section
                0x0000000008000000       0x40 zephyr/arch/arch/arm/core/cortex_m/libarch__arm__core__cortex_m.a(vector_table.S.obj)
                0x0000000008000000                _vector_table
 *(SORT_BY_ALIGNMENT(.vectors))
                0x00000000080002cc                _vector_end = .
                0x0000000008000040                . = ALIGN (0x4)
 *(SORT_BY_ALIGNMENT(.gnu.linkonce.irq_vector_table*))
 .gnu.linkonce.irq_vector_table
                0x0000000008000040      0x28c zephyr/CMakeFiles/zephyr_final.dir/isr_tables.c.obj
                0x0000000008000040                _irq_vector_table
                0x00000000080002cc                _vector_end = .

text            0x00000000080002cc     0xa7e0
                0x00000000080002cc                __text_region_start = .
                0x00000000080002cc                _kobject_text_area_start = .
 *(SORT_BY_ALIGNMENT(.kobject_data.literal*))
 *(SORT_BY_ALIGNMENT(.kobject_data.text*))
 .kobject_data.text
                0x00000000080002cc       0x58 zephyr/kobject_hash_renamed.o
                0x00000000080002cc                z_object_gperf_find
                0x00000000080002cc                k_object_find
                0x0000000008000300                z_object_gperf_wordlist_foreach
                0x0000000008000300                k_object_wordlist_foreach
                0x0000000008000324                _kobject_text_area_end = .
                0x0000000008000324                _kobject_text_area_used = (_kobject_text_area_end - _kobject_text_area_start)
                0x00000000080003cc                . = MAX (., (_kobject_text_area_start + 0x100))
 *fill*         0x0000000008000324       0xa8 
                0x0000000000000001                ASSERT ((0x100 >= _kobject_text_area_used), Reserved space for kobject text area is too small. Please change CONFIG_KOBJECT_TEXT_AREA to a larger number.)
 *(SORT_BY_ALIGNMENT(.text))
 .text          0x00000000080003cc       0x30 c:/users/joedo/zephyr-sdk-0.16.3/arm-zephyr-eabi/bin/../lib/gcc/arm-zephyr-eabi/12.2.0/thumb/v7e-m/nofp\libgcc.a(_aeabi_uldivmod.o)
                0x00000000080003cc                __aeabi_uldivmod
 .text          0x00000000080003fc        0x4 c:/users/joedo/zephyr-sdk-0.16.3/arm-zephyr-eabi/bin/../lib/gcc/arm-zephyr-eabi/12.2.0/thumb/v7e-m/nofp\libgcc.a(_dvmd_tls.o)
                0x00000000080003fc                __aeabi_idiv0
                0x00000000080003fc                __aeabi_ldiv0
 .text          0x0000000008000400      0x2a0 c:/users/joedo/zephyr-sdk-0.16.3/arm-zephyr-eabi/bin/../lib/gcc/arm-zephyr-eabi/12.2.0/thumb/v7e-m/nofp\libgcc.a(_udivmoddi4.o)
                0x0000000008000400                __udivmoddi4
 .text          0x00000000080006a0       0x14 c:\users\joedo\zephyr-sdk-0.16.3\arm-zephyr-eabi\bin\../lib/gcc/../../picolibc/arm-zephyr-eabi/lib/thumb/v7e-m/nofp\libc.a(strcmp.S.o)
                0x00000000080006a0                strcmp
 *(SORT_BY_ALIGNMENT(.text.*))
 .text.sample_callback
                0x00000000080006b4       0x44 app/libapp.a(app_a.c.obj)
                0x00000000080006b4                sample_callback
 .text.writeback_entry
                0x00000000080006f8       0xe4 app/libapp.a(app_a.c.obj)
 .text.monitor_entry
                0x00000000080007dc      0x110 app/libapp.a(app_a.c.obj)
 .text.app_a_entry
                0x00000000080008ec      0x18c app/libapp.a(app_a.c.obj)
                0x00000000080008ec                app_a_entry
 .text.processor_thread
                0x0000000008000a78       0xa4 app/libapp.a(app_b.c.obj)
 .text.app_b_entry
                0x0000000008000b1c       0x94 app/libapp.a(app_b.c.obj)
                0x0000000008000b1c                app_b_entry
 .text.z_impl_magic_syscall
                0x0000000008000bb0       0x24 app/libapp.a(app_syscall.c.obj)
                0x0000000008000bb0                z_impl_magic_syscall
 .text.z_mrsh_magic_syscall
                0x0000000008000bd4       0x4c app/libapp.a(app_syscall.c.obj)
                0x0000000008000bd4                z_mrsh_magic_syscall
 .text.main     0x0000000008000c20       0xcc app/libapp.a(main.c.obj)
                0x0000000008000c20                main
 .text.sample_driver_foo_init
                0x0000000008000cec       0x1c app/libapp.a(sample_driver_foo.c.obj)
 .text.sample_driver_timer_cb
                0x0000000008000d08       0x34 app/libapp.a(sample_driver_foo.c.obj)
 .text.z_vrfy_sample_driver_state_set
                0x0000000008000d3c       0x64 app/libapp.a(sample_driver_handlers.c.obj)
                0x0000000008000d3c                z_vrfy_sample_driver_state_set
 .text.z_mrsh_sample_driver_state_set
                0x0000000008000da0       0x1c app/libapp.a(sample_driver_handlers.c.obj)
                0x0000000008000da0                z_mrsh_sample_driver_state_set
 .text.z_vrfy_sample_driver_write
                0x0000000008000dbc       0x98 app/libapp.a(sample_driver_handlers.c.obj)
                0x0000000008000dbc                z_vrfy_sample_driver_write
 .text.z_mrsh_sample_driver_write
                0x0000000008000e54       0x1c app/libapp.a(sample_driver_handlers.c.obj)
                0x0000000008000e54                z_mrsh_sample_driver_write
 .text.char_out
                0x0000000008000e70        0xc zephyr/libzephyr.a(printk.c.obj)
 .text.__printk_hook_install
                0x0000000008000e7c        0xc zephyr/libzephyr.a(printk.c.obj)
                0x0000000008000e7c                __printk_hook_install
 .text.z_impl_k_str_out
                0x0000000008000e88       0x1c zephyr/libzephyr.a(printk.c.obj)
                0x0000000008000e88                z_impl_k_str_out
 .text.vprintk  0x0000000008000ea4       0x68 zephyr/libzephyr.a(printk.c.obj)
                0x0000000008000ea4                vprintk
 .text.z_mrsh_k_str_out
                0x0000000008000f0c       0x54 zephyr/libzephyr.a(printk.c.obj)
                0x0000000008000f0c                z_mrsh_k_str_out
 .text.z_thread_entry
                0x0000000008000f60       0x5c zephyr/libzephyr.a(thread_entry.c.obj)
                0x0000000008000f60                z_thread_entry
 .text.sys_heap_free
                0x0000000008000fbc       0x9c zephyr/libzephyr.a(heap.c.obj)
                0x0000000008000fbc                sys_heap_free
 .text.sys_heap_aligned_alloc
                0x0000000008001058      0x11c zephyr/libzephyr.a(heap.c.obj)
                0x0000000008001058                sys_heap_aligned_alloc
 .text.sys_heap_init
                0x0000000008001174      0x134 zephyr/libzephyr.a(heap.c.obj)
                0x0000000008001174                sys_heap_init
 .text.check_sys_mutex_addr
                0x00000000080012a8       0x3c zephyr/libzephyr.a(mutex.c.obj)
 .text.z_mrsh_z_sys_mutex_kernel_lock
                0x00000000080012e4       0x34 zephyr/libzephyr.a(mutex.c.obj)
                0x00000000080012e4                z_mrsh_z_sys_mutex_kernel_lock
 .text.z_mrsh_z_sys_mutex_kernel_unlock
                0x0000000008001318       0x2c zephyr/libzephyr.a(mutex.c.obj)
                0x0000000008001318                z_mrsh_z_sys_mutex_kernel_unlock
 .text.stm32h7_init
                0x0000000008001344       0xe4 zephyr/libzephyr.a(soc_m7.c.obj)
 .text.z_log_minimal_hexdump_print
                0x0000000008001428       0xc0 zephyr/libzephyr.a(log_minimal.c.obj)
                0x0000000008001428                z_log_minimal_hexdump_print
 .text.mem_attr_get_regions
                0x00000000080014e8        0xc zephyr/libzephyr.a(mem_attr.c.obj)
                0x00000000080014e8                mem_attr_get_regions
 .text.z_arm_fatal_error
                0x00000000080014f4       0x5c zephyr/arch/arch/arm/core/libarch__arm__core.a(fatal.c.obj)
                0x00000000080014f4                z_arm_fatal_error
 .text.z_SysNmiOnReset
                0x0000000008001550        0x8 zephyr/arch/arch/arm/core/libarch__arm__core.a(nmi_on_reset.S.obj)
                0x0000000008001550                z_SysNmiOnReset
 .text.arch_tls_stack_setup
                0x0000000008001558       0x60 zephyr/arch/arch/arm/core/libarch__arm__core.a(tls.c.obj)
                0x0000000008001558                arch_tls_stack_setup
 .text.z_arm_userspace_enter
                0x00000000080015b8       0x84 zephyr/arch/arch/arm/core/libarch__arm__core.a(userspace.S.obj)
                0x00000000080015b8                z_arm_userspace_enter
 .text.z_arm_do_syscall
                0x000000000800163c       0x98 zephyr/arch/arch/arm/core/libarch__arm__core.a(userspace.S.obj)
                0x000000000800163c                z_arm_do_syscall
 .text.arch_user_string_nlen
                0x00000000080016d4       0x24 zephyr/arch/arch/arm/core/libarch__arm__core.a(userspace.S.obj)
                0x00000000080016d4                arch_user_string_nlen
                0x00000000080016de                z_arm_user_string_nlen_fault_start
                0x00000000080016e0                z_arm_user_string_nlen_fault_end
                0x00000000080016f0                z_arm_user_string_nlen_fixup
 .text._HandlerModeExit
                0x00000000080016f8       0x1c zephyr/arch/arch/arm/core/cortex_m/libarch__arm__core__cortex_m.a(exc_exit.S.obj)
                0x00000000080016f8                z_arm_int_exit
                0x00000000080016f8                z_arm_exc_exit
 .text.usage_fault.constprop.0
                0x0000000008001714       0xa4 zephyr/arch/arch/arm/core/cortex_m/libarch__arm__core__cortex_m.a(fault.c.obj)
 .text.mem_manage_fault
                0x00000000080017b8      0x160 zephyr/arch/arch/arm/core/cortex_m/libarch__arm__core__cortex_m.a(fault.c.obj)
 .text.bus_fault
                0x0000000008001918       0xf4 zephyr/arch/arch/arm/core/cortex_m/libarch__arm__core__cortex_m.a(fault.c.obj)
 .text.z_arm_fault
                0x0000000008001a0c      0x21c zephyr/arch/arch/arm/core/cortex_m/libarch__arm__core__cortex_m.a(fault.c.obj)
                0x0000000008001a0c                z_arm_fault
 .text.z_arm_fault_init
                0x0000000008001c28       0x10 zephyr/arch/arch/arm/core/cortex_m/libarch__arm__core__cortex_m.a(fault.c.obj)
                0x0000000008001c28                z_arm_fault_init
 .text.__fault  0x0000000008001c38       0x14 zephyr/arch/arch/arm/core/cortex_m/libarch__arm__core__cortex_m.a(fault_s.S.obj)
                0x0000000008001c38                z_arm_usage_fault
                0x0000000008001c38                z_arm_mpu_fault
                0x0000000008001c38                z_arm_exc_spurious
                0x0000000008001c38                z_arm_debug_monitor
                0x0000000008001c38                z_arm_hard_fault
                0x0000000008001c38                z_arm_bus_fault
 .text._reset_section
                0x0000000008001c4c       0x2c zephyr/arch/arch/arm/core/cortex_m/libarch__arm__core__cortex_m.a(reset.S.obj)
                0x0000000008001c4c                __start
                0x0000000008001c4c                z_arm_reset
 .text.z_impl_k_thread_abort
                0x0000000008001c78       0x2c zephyr/arch/arch/arm/core/cortex_m/libarch__arm__core__cortex_m.a(thread_abort.c.obj)
                0x0000000008001c78                z_impl_k_thread_abort
 .text.arch_swap
                0x0000000008001ca4       0x34 zephyr/arch/arch/arm/core/cortex_m/libarch__arm__core__cortex_m.a(swap.c.obj)
                0x0000000008001ca4                arch_swap
 .text.z_arm_pendsv
                0x0000000008001cd8       0x80 zephyr/arch/arch/arm/core/cortex_m/libarch__arm__core__cortex_m.a(swap_helper.S.obj)
                0x0000000008001cd8                z_arm_pendsv
 .text.z_arm_svc
                0x0000000008001d58       0x70 zephyr/arch/arch/arm/core/cortex_m/libarch__arm__core__cortex_m.a(swap_helper.S.obj)
                0x0000000008001d58                z_arm_svc
 .text.arch_irq_enable
                0x0000000008001dc8       0x1c zephyr/arch/arch/arm/core/cortex_m/libarch__arm__core__cortex_m.a(irq_manage.c.obj)
                0x0000000008001dc8                arch_irq_enable
 .text.z_arm_irq_priority_set
                0x0000000008001de4       0x64 zephyr/arch/arch/arm/core/cortex_m/libarch__arm__core__cortex_m.a(irq_manage.c.obj)
                0x0000000008001de4                z_arm_irq_priority_set
 .text.z_arm_prep_c
                0x0000000008001e48       0x48 zephyr/arch/arch/arm/core/cortex_m/libarch__arm__core__cortex_m.a(prep_c.c.obj)
                0x0000000008001e48                z_arm_prep_c
 .text.arch_user_mode_enter
                0x0000000008001e90       0x40 zephyr/arch/arch/arm/core/cortex_m/libarch__arm__core__cortex_m.a(thread.c.obj)
                0x0000000008001e90                arch_user_mode_enter
 .text.arch_new_thread
                0x0000000008001ed0       0x6c zephyr/arch/arch/arm/core/cortex_m/libarch__arm__core__cortex_m.a(thread.c.obj)
                0x0000000008001ed0                arch_new_thread
 .text.z_check_thread_stack_fail
                0x0000000008001f3c       0x60 zephyr/arch/arch/arm/core/cortex_m/libarch__arm__core__cortex_m.a(thread.c.obj)
                0x0000000008001f3c                z_check_thread_stack_fail
 .text.arch_switch_to_main_thread
                0x0000000008001f9c       0x38 zephyr/arch/arch/arm/core/cortex_m/libarch__arm__core__cortex_m.a(thread.c.obj)
                0x0000000008001f9c                arch_switch_to_main_thread
 .text.z_arm_cpu_idle_init
                0x0000000008001fd4        0xc zephyr/arch/arch/arm/core/cortex_m/libarch__arm__core__cortex_m.a(cpu_idle.S.obj)
                0x0000000008001fd4                z_arm_cpu_idle_init
 .text.arch_cpu_idle
                0x0000000008001fe0       0x1c zephyr/arch/arch/arm/core/cortex_m/libarch__arm__core__cortex_m.a(cpu_idle.S.obj)
                0x0000000008001fe0                arch_cpu_idle
 .text.z_arm_interrupt_init
                0x0000000008001ffc       0x18 zephyr/arch/arch/arm/core/cortex_m/libarch__arm__core__cortex_m.a(irq_init.c.obj)
                0x0000000008001ffc                z_arm_interrupt_init
 .text._isr_wrapper
                0x0000000008002014       0x28 zephyr/arch/arch/arm/core/cortex_m/libarch__arm__core__cortex_m.a(isr_wrapper.S.obj)
                0x0000000008002014                _isr_wrapper
 .text.z_arm_configure_static_mpu_regions
                0x000000000800203c       0x18 zephyr/arch/arch/arm/core/mpu/libarch__arm__core__mpu.a(arm_core_mpu.c.obj)
                0x000000000800203c                z_arm_configure_static_mpu_regions
 .text.z_arm_configure_dynamic_mpu_regions
                0x0000000008002054      0x164 zephyr/arch/arch/arm/core/mpu/libarch__arm__core__mpu.a(arm_core_mpu.c.obj)
                0x0000000008002054                z_arm_configure_dynamic_mpu_regions
 .text.is_enabled_region
                0x00000000080021b8       0x2c zephyr/arch/arch/arm/core/mpu/libarch__arm__core__mpu.a(arm_mpu.c.obj)
 .text.region_init
                0x00000000080021e4       0x28 zephyr/arch/arch/arm/core/mpu/libarch__arm__core__mpu.a(arm_mpu.c.obj)
 .text.mpu_configure_region
                0x000000000800220c       0x3c zephyr/arch/arch/arm/core/mpu/libarch__arm__core__mpu.a(arm_mpu.c.obj)
 .text.arm_core_mpu_enable
                0x0000000008002248       0x18 zephyr/arch/arch/arm/core/mpu/libarch__arm__core__mpu.a(arm_mpu.c.obj)
                0x0000000008002248                arm_core_mpu_enable
 .text.arm_core_mpu_disable
                0x0000000008002260       0x14 zephyr/arch/arch/arm/core/mpu/libarch__arm__core__mpu.a(arm_mpu.c.obj)
                0x0000000008002260                arm_core_mpu_disable
 .text.arm_core_mpu_get_max_available_dyn_regions
                0x0000000008002274       0x10 zephyr/arch/arch/arm/core/mpu/libarch__arm__core__mpu.a(arm_mpu.c.obj)
                0x0000000008002274                arm_core_mpu_get_max_available_dyn_regions
 .text.arm_core_mpu_buffer_validate
                0x0000000008002284       0xcc zephyr/arch/arch/arm/core/mpu/libarch__arm__core__mpu.a(arm_mpu.c.obj)
                0x0000000008002284                arm_core_mpu_buffer_validate
 .text.arm_core_mpu_configure_static_mpu_regions
                0x0000000008002350       0x8c zephyr/arch/arch/arm/core/mpu/libarch__arm__core__mpu.a(arm_mpu.c.obj)
                0x0000000008002350                arm_core_mpu_configure_static_mpu_regions
 .text.arm_core_mpu_configure_dynamic_mpu_regions
                0x00000000080023dc       0x80 zephyr/arch/arch/arm/core/mpu/libarch__arm__core__mpu.a(arm_mpu.c.obj)
                0x00000000080023dc                arm_core_mpu_configure_dynamic_mpu_regions
 .text.z_arm_mpu_init
                0x000000000800245c      0x1ec zephyr/arch/arch/arm/core/mpu/libarch__arm__core__mpu.a(arm_mpu.c.obj)
                0x000000000800245c                z_arm_mpu_init
 .text.picolibc_locks_prepare
                0x0000000008002648       0x10 zephyr/lib/libc/picolibc/liblib__libc__picolibc.a(libc-hooks.c.obj)
 .text.z_impl_zephyr_fputc
                0x0000000008002658       0x10 zephyr/lib/libc/picolibc/liblib__libc__picolibc.a(libc-hooks.c.obj)
                0x0000000008002658                z_impl_zephyr_fputc
 .text.z_mrsh_zephyr_fputc
                0x0000000008002668       0x1c zephyr/lib/libc/picolibc/liblib__libc__picolibc.a(libc-hooks.c.obj)
                0x0000000008002668                z_mrsh_zephyr_fputc
 .text.__stdout_hook_install
                0x0000000008002684       0x18 zephyr/lib/libc/picolibc/liblib__libc__picolibc.a(libc-hooks.c.obj)
                0x0000000008002684                __stdout_hook_install
 .text.malloc_prepare
                0x000000000800269c       0x44 zephyr/lib/libc/common/liblib__libc__common.a(malloc.c.obj)
 .text.stm32_exti_isr
                0x00000000080026e0       0x50 zephyr/drivers/interrupt_controller/libdrivers__interrupt_controller.a(intc_exti_stm32.c.obj)
 .text.stm32_fill_irq_table
                0x0000000008002730       0x18 zephyr/drivers/interrupt_controller/libdrivers__interrupt_controller.a(intc_exti_stm32.c.obj)
 .text.stm32_exti_enable
                0x0000000008002748       0x50 zephyr/drivers/interrupt_controller/libdrivers__interrupt_controller.a(intc_exti_stm32.c.obj)
                0x0000000008002748                stm32_exti_enable
 .text.stm32_exti_set_callback
                0x0000000008002798       0x30 zephyr/drivers/interrupt_controller/libdrivers__interrupt_controller.a(intc_exti_stm32.c.obj)
                0x0000000008002798                stm32_exti_set_callback
 .text.stm32_exti_unset_callback
                0x00000000080027c8       0x14 zephyr/drivers/interrupt_controller/libdrivers__interrupt_controller.a(intc_exti_stm32.c.obj)
                0x00000000080027c8                stm32_exti_unset_callback
 .text.get_pllsrc_frequency
                0x00000000080027dc       0x18 zephyr/drivers/clock_control/libdrivers__clock_control.a(clock_stm32_ll_h7.c.obj)
 .text.get_hclk_frequency
                0x00000000080027f4       0x30 zephyr/drivers/clock_control/libdrivers__clock_control.a(clock_stm32_ll_h7.c.obj)
 .text.stm32_clock_control_configure
                0x0000000008002824       0x5c zephyr/drivers/clock_control/libdrivers__clock_control.a(clock_stm32_ll_h7.c.obj)
 .text.stm32_clock_control_get_subsys_rate
                0x0000000008002880       0x68 zephyr/drivers/clock_control/libdrivers__clock_control.a(clock_stm32_ll_h7.c.obj)
 .text.stm32_clock_control_init
                0x00000000080028e8      0x1cc zephyr/drivers/clock_control/libdrivers__clock_control.a(clock_stm32_ll_h7.c.obj)
                0x00000000080028e8                stm32_clock_control_init
 .text.uart_console_init
                0x0000000008002ab4       0x28 zephyr/drivers/console/libdrivers__console.a(uart_console.c.obj)
 .text.console_out
                0x0000000008002adc       0x28 zephyr/drivers/console/libdrivers__console.a(uart_console.c.obj)
 .text.gpio_stm32_manage_callback
                0x0000000008002b04       0xa0 zephyr/drivers/gpio/libdrivers__gpio.a(gpio_stm32.c.obj)
 .text.gpio_stm32_init
                0x0000000008002ba4       0x30 zephyr/drivers/gpio/libdrivers__gpio.a(gpio_stm32.c.obj)
 .text.gpio_stm32_isr
                0x0000000008002bd4       0x58 zephyr/drivers/gpio/libdrivers__gpio.a(gpio_stm32.c.obj)
 .text.gpio_stm32_pin_interrupt_configure
                0x0000000008002c2c      0x110 zephyr/drivers/gpio/libdrivers__gpio.a(gpio_stm32.c.obj)
 .text.z_mrsh_gpio_pin_configure
                0x0000000008002d3c      0x1c8 zephyr/drivers/gpio/libdrivers__gpio.a(gpio_handlers.c.obj)
                0x0000000008002d3c                z_mrsh_gpio_pin_configure
 .text.z_mrsh_gpio_port_get_raw
                0x0000000008002f04       0x94 zephyr/drivers/gpio/libdrivers__gpio.a(gpio_handlers.c.obj)
                0x0000000008002f04                z_mrsh_gpio_port_get_raw
 .text.z_mrsh_gpio_port_set_masked_raw
                0x0000000008002f98       0x74 zephyr/drivers/gpio/libdrivers__gpio.a(gpio_handlers.c.obj)
                0x0000000008002f98                z_mrsh_gpio_port_set_masked_raw
 .text.z_mrsh_gpio_port_set_bits_raw
                0x000000000800300c       0x68 zephyr/drivers/gpio/libdrivers__gpio.a(gpio_handlers.c.obj)
                0x000000000800300c                z_mrsh_gpio_port_set_bits_raw
 .text.z_mrsh_gpio_port_clear_bits_raw
                0x0000000008003074       0x68 zephyr/drivers/gpio/libdrivers__gpio.a(gpio_handlers.c.obj)
                0x0000000008003074                z_mrsh_gpio_port_clear_bits_raw
 .text.z_mrsh_gpio_port_toggle_bits
                0x00000000080030dc       0x68 zephyr/drivers/gpio/libdrivers__gpio.a(gpio_handlers.c.obj)
                0x00000000080030dc                z_mrsh_gpio_port_toggle_bits
 .text.z_mrsh_gpio_pin_interrupt_configure
                0x0000000008003144      0x16c zephyr/drivers/gpio/libdrivers__gpio.a(gpio_handlers.c.obj)
                0x0000000008003144                z_mrsh_gpio_pin_interrupt_configure
 .text.z_mrsh_gpio_get_pending_int
                0x00000000080032b0       0x64 zephyr/drivers/gpio/libdrivers__gpio.a(gpio_handlers.c.obj)
                0x00000000080032b0                z_mrsh_gpio_get_pending_int
 .text.pinctrl_configure_pins
                0x0000000008003314       0xb0 zephyr/drivers/pinctrl/libdrivers__pinctrl.a(pinctrl_stm32.c.obj)
                0x0000000008003314                pinctrl_configure_pins
 .text.uart_stm32_set_baudrate
                0x00000000080033c4       0x78 zephyr/drivers/serial/libdrivers__serial.a(uart_stm32.c.obj)
 .text.uart_stm32_parameters_set
                0x000000000800343c      0x134 zephyr/drivers/serial/libdrivers__serial.a(uart_stm32.c.obj)
 .text.uart_stm32_init
                0x0000000008003570      0x1b8 zephyr/drivers/serial/libdrivers__serial.a(uart_stm32.c.obj)
 .text.uart_stm32_configure
                0x0000000008003728      0x18c zephyr/drivers/serial/libdrivers__serial.a(uart_stm32.c.obj)
 .text.z_mrsh_uart_err_check
                0x00000000080038b4       0x64 zephyr/drivers/serial/libdrivers__serial.a(uart_handlers.c.obj)
                0x00000000080038b4                z_mrsh_uart_err_check
 .text.z_mrsh_uart_poll_in
                0x0000000008003918       0x9c zephyr/drivers/serial/libdrivers__serial.a(uart_handlers.c.obj)
                0x0000000008003918                z_mrsh_uart_poll_in
 .text.z_mrsh_uart_poll_in_u16
                0x00000000080039b4       0x8c zephyr/drivers/serial/libdrivers__serial.a(uart_handlers.c.obj)
                0x00000000080039b4                z_mrsh_uart_poll_in_u16
 .text.z_mrsh_uart_poll_out
                0x0000000008003a40       0x68 zephyr/drivers/serial/libdrivers__serial.a(uart_handlers.c.obj)
                0x0000000008003a40                z_mrsh_uart_poll_out
 .text.z_mrsh_uart_poll_out_u16
                0x0000000008003aa8       0x5c zephyr/drivers/serial/libdrivers__serial.a(uart_handlers.c.obj)
                0x0000000008003aa8                z_mrsh_uart_poll_out_u16
 .text.z_mrsh_uart_config_get
                0x0000000008003b04       0x9c zephyr/drivers/serial/libdrivers__serial.a(uart_handlers.c.obj)
                0x0000000008003b04                z_mrsh_uart_config_get
 .text.z_mrsh_uart_configure
                0x0000000008003ba0       0x9c zephyr/drivers/serial/libdrivers__serial.a(uart_handlers.c.obj)
                0x0000000008003ba0                z_mrsh_uart_configure
 .text.elapsed  0x0000000008003c3c       0x4c zephyr/drivers/timer/libdrivers__timer.a(cortex_m_systick.c.obj)
 .text.sys_clock_driver_init
                0x0000000008003c88       0x38 zephyr/drivers/timer/libdrivers__timer.a(cortex_m_systick.c.obj)
 .text.sys_clock_isr
                0x0000000008003cc0       0x54 zephyr/drivers/timer/libdrivers__timer.a(cortex_m_systick.c.obj)
                0x0000000008003cc0                sys_clock_isr
 .text.sys_clock_set_timeout
                0x0000000008003d14      0x168 zephyr/drivers/timer/libdrivers__timer.a(cortex_m_systick.c.obj)
                0x0000000008003d14                sys_clock_set_timeout
 .text.sys_clock_elapsed
                0x0000000008003e7c       0xa8 zephyr/drivers/timer/libdrivers__timer.a(cortex_m_systick.c.obj)
                0x0000000008003e7c                sys_clock_elapsed
 .text.sys_clock_cycle_get_32
                0x0000000008003f24       0x98 zephyr/drivers/timer/libdrivers__timer.a(cortex_m_systick.c.obj)
                0x0000000008003f24                sys_clock_cycle_get_32
 .text.HAL_DBGMCU_DisableDBGStopMode
                0x0000000008003fbc       0x10 modules/stm32/stm32cube/lib..__modules__hal__stm32__stm32cube.a(stm32h7xx_hal.c.obj)
                0x0000000008003fbc                HAL_DBGMCU_DisableDBGStopMode
 .text.LL_SetFlashLatency
                0x0000000008003fcc      0x198 modules/stm32/stm32cube/lib..__modules__hal__stm32__stm32cube.a(stm32h7xx_ll_utils.c.obj)
                0x0000000008003fcc                LL_SetFlashLatency
 .text.z_impl_k_busy_wait
                0x0000000008004164       0x30 zephyr/kernel/libkernel.a(busy_wait.c.obj)
                0x0000000008004164                z_impl_k_busy_wait
 .text.z_mrsh_k_busy_wait
                0x0000000008004194       0x1c zephyr/kernel/libkernel.a(busy_wait.c.obj)
                0x0000000008004194                z_mrsh_k_busy_wait
 .text.z_device_state_init
                0x00000000080041b0       0x4c zephyr/kernel/libkernel.a(device.c.obj)
                0x00000000080041b0                z_device_state_init
 .text.z_impl_device_get_binding
                0x00000000080041fc       0x9c zephyr/kernel/libkernel.a(device.c.obj)
                0x00000000080041fc                z_impl_device_get_binding
 .text.z_mrsh_device_get_binding
                0x0000000008004298       0x30 zephyr/kernel/libkernel.a(device.c.obj)
                0x0000000008004298                z_mrsh_device_get_binding
 .text.z_mrsh_device_is_ready
                0x00000000080042c8       0x54 zephyr/kernel/libkernel.a(device.c.obj)
                0x00000000080042c8                z_mrsh_device_is_ready
 .text.k_sys_fatal_error_handler
                0x000000000800431c       0x18 zephyr/kernel/libkernel.a(fatal.c.obj)
                0x000000000800431c                k_sys_fatal_error_handler
 .text.z_fatal_error
                0x0000000008004334       0xcc zephyr/kernel/libkernel.a(fatal.c.obj)
                0x0000000008004334                z_fatal_error
 .text.z_sys_init_run_level
                0x0000000008004400       0x48 zephyr/kernel/libkernel.a(init.c.obj)
 .text.bg_thread_main
                0x0000000008004448       0x34 zephyr/kernel/libkernel.a(init.c.obj)
 .text.z_bss_zero
                0x000000000800447c       0x18 zephyr/kernel/libkernel.a(init.c.obj)
                0x000000000800447c                z_bss_zero
 .text.z_init_cpu
                0x0000000008004494       0x8c zephyr/kernel/libkernel.a(init.c.obj)
                0x0000000008004494                z_init_cpu
 .text.z_cstart
                0x0000000008004520       0xd8 zephyr/kernel/libkernel.a(init.c.obj)
                0x0000000008004520                z_cstart
 .text.schedule_new_thread
                0x00000000080045f8       0x1c zephyr/kernel/libkernel.a(thread.c.obj)
 .text.z_thread_essential_clear
                0x0000000008004614       0x14 zephyr/kernel/libkernel.a(thread.c.obj)
                0x0000000008004614                z_thread_essential_clear
 .text.z_mrsh_k_thread_name_set
                0x0000000008004628       0x14 zephyr/kernel/libkernel.a(thread.c.obj)
                0x0000000008004628                z_mrsh_k_thread_name_set
 .text.z_mrsh_k_thread_name_copy
                0x000000000800463c       0x14 zephyr/kernel/libkernel.a(thread.c.obj)
                0x000000000800463c                z_mrsh_k_thread_name_copy
 .text.z_mrsh_k_thread_start
                0x0000000008004650       0x4c zephyr/kernel/libkernel.a(thread.c.obj)
                0x0000000008004650                z_mrsh_k_thread_start
 .text.z_setup_new_thread
                0x000000000800469c      0x164 zephyr/kernel/libkernel.a(thread.c.obj)
                0x000000000800469c                z_setup_new_thread
 .text.z_impl_k_thread_create
                0x0000000008004800       0x74 zephyr/kernel/libkernel.a(thread.c.obj)
                0x0000000008004800                z_impl_k_thread_create
 .text.z_vrfy_k_thread_create
                0x0000000008004874      0x118 zephyr/kernel/libkernel.a(thread.c.obj)
                0x0000000008004874                z_vrfy_k_thread_create
 .text.z_mrsh_k_thread_create
                0x000000000800498c       0x84 zephyr/kernel/libkernel.a(thread.c.obj)
                0x000000000800498c                z_mrsh_k_thread_create
 .text.z_init_static_threads
                0x0000000008004a10      0x118 zephyr/kernel/libkernel.a(thread.c.obj)
                0x0000000008004a10                z_init_static_threads
 .text.k_thread_user_mode_enter
                0x0000000008004b28       0x78 zephyr/kernel/libkernel.a(thread.c.obj)
                0x0000000008004b28                k_thread_user_mode_enter
 .text.z_spin_lock_valid
                0x0000000008004ba0       0x1c zephyr/kernel/libkernel.a(thread.c.obj)
                0x0000000008004ba0                z_spin_lock_valid
 .text.z_spin_unlock_valid
                0x0000000008004bbc       0x1c zephyr/kernel/libkernel.a(thread.c.obj)
                0x0000000008004bbc                z_spin_unlock_valid
 .text.z_spin_lock_set_owner
                0x0000000008004bd8       0x10 zephyr/kernel/libkernel.a(thread.c.obj)
                0x0000000008004bd8                z_spin_lock_set_owner
 .text.z_mrsh_k_float_disable
                0x0000000008004be8       0x44 zephyr/kernel/libkernel.a(thread.c.obj)
                0x0000000008004be8                z_mrsh_k_float_disable
 .text.z_mrsh_k_thread_timeout_remaining_ticks
                0x0000000008004c2c       0x84 zephyr/kernel/libkernel.a(thread.c.obj)
                0x0000000008004c2c                z_mrsh_k_thread_timeout_remaining_ticks
 .text.z_mrsh_k_thread_timeout_expires_ticks
                0x0000000008004cb0       0x84 zephyr/kernel/libkernel.a(thread.c.obj)
                0x0000000008004cb0                z_mrsh_k_thread_timeout_expires_ticks
 .text.idle     0x0000000008004d34       0x48 zephyr/kernel/libkernel.a(idle.c.obj)
                0x0000000008004d34                idle
 .text.z_vrfy_k_msgq_alloc_init
                0x0000000008004d7c       0x48 zephyr/kernel/libkernel.a(msg_q.c.obj)
                0x0000000008004d7c                z_vrfy_k_msgq_alloc_init
 .text.z_mrsh_k_msgq_alloc_init
                0x0000000008004dc4       0x1c zephyr/kernel/libkernel.a(msg_q.c.obj)
                0x0000000008004dc4                z_mrsh_k_msgq_alloc_init
 .text.z_impl_k_msgq_put
                0x0000000008004de0      0x168 zephyr/kernel/libkernel.a(msg_q.c.obj)
                0x0000000008004de0                z_impl_k_msgq_put
 .text.z_mrsh_k_msgq_put
                0x0000000008004f48       0x84 zephyr/kernel/libkernel.a(msg_q.c.obj)
                0x0000000008004f48                z_mrsh_k_msgq_put
 .text.z_mrsh_k_msgq_get_attrs
                0x0000000008004fcc       0x78 zephyr/kernel/libkernel.a(msg_q.c.obj)
                0x0000000008004fcc                z_mrsh_k_msgq_get_attrs
 .text.z_impl_k_msgq_get
                0x0000000008005044      0x17c zephyr/kernel/libkernel.a(msg_q.c.obj)
                0x0000000008005044                z_impl_k_msgq_get
 .text.z_mrsh_k_msgq_get
                0x00000000080051c0       0x84 zephyr/kernel/libkernel.a(msg_q.c.obj)
                0x00000000080051c0                z_mrsh_k_msgq_get
 .text.z_impl_k_msgq_peek
                0x0000000008005244       0xa4 zephyr/kernel/libkernel.a(msg_q.c.obj)
                0x0000000008005244                z_impl_k_msgq_peek
 .text.z_mrsh_k_msgq_peek
                0x00000000080052e8       0x78 zephyr/kernel/libkernel.a(msg_q.c.obj)
                0x00000000080052e8                z_mrsh_k_msgq_peek
 .text.z_impl_k_msgq_peek_at
                0x0000000008005360       0xbc zephyr/kernel/libkernel.a(msg_q.c.obj)
                0x0000000008005360                z_impl_k_msgq_peek_at
 .text.z_mrsh_k_msgq_peek_at
                0x000000000800541c       0x80 zephyr/kernel/libkernel.a(msg_q.c.obj)
                0x000000000800541c                z_mrsh_k_msgq_peek_at
 .text.z_impl_k_msgq_purge
                0x000000000800549c       0x7c zephyr/kernel/libkernel.a(msg_q.c.obj)
                0x000000000800549c                z_impl_k_msgq_purge
 .text.z_mrsh_k_msgq_purge
                0x0000000008005518       0x48 zephyr/kernel/libkernel.a(msg_q.c.obj)
                0x0000000008005518                z_mrsh_k_msgq_purge
 .text.z_mrsh_k_msgq_num_free_get
                0x0000000008005560       0x48 zephyr/kernel/libkernel.a(msg_q.c.obj)
                0x0000000008005560                z_mrsh_k_msgq_num_free_get
 .text.z_mrsh_k_msgq_num_used_get
                0x00000000080055a8       0x44 zephyr/kernel/libkernel.a(msg_q.c.obj)
                0x00000000080055a8                z_mrsh_k_msgq_num_used_get
 .text.z_mrsh_k_mutex_init
                0x00000000080055ec       0x48 zephyr/kernel/libkernel.a(mutex.c.obj)
                0x00000000080055ec                z_mrsh_k_mutex_init
 .text.z_impl_k_mutex_lock
                0x0000000008005634      0x1a4 zephyr/kernel/libkernel.a(mutex.c.obj)
                0x0000000008005634                z_impl_k_mutex_lock
 .text.z_mrsh_k_mutex_lock
                0x00000000080057d8       0x54 zephyr/kernel/libkernel.a(mutex.c.obj)
                0x00000000080057d8                z_mrsh_k_mutex_lock
 .text.z_impl_k_mutex_unlock
                0x000000000800582c      0x120 zephyr/kernel/libkernel.a(mutex.c.obj)
                0x000000000800582c                z_impl_k_mutex_unlock
 .text.z_mrsh_k_mutex_unlock
                0x000000000800594c       0x48 zephyr/kernel/libkernel.a(mutex.c.obj)
                0x000000000800594c                z_mrsh_k_mutex_unlock
 .text.queue_insert
                0x0000000008005994      0x134 zephyr/kernel/libkernel.a(queue.c.obj)
 .text.z_mrsh_k_queue_init
                0x0000000008005ac8       0x4c zephyr/kernel/libkernel.a(queue.c.obj)
                0x0000000008005ac8                z_mrsh_k_queue_init
 .text.z_impl_k_queue_cancel_wait
                0x0000000008005b14       0x74 zephyr/kernel/libkernel.a(queue.c.obj)
                0x0000000008005b14                z_impl_k_queue_cancel_wait
 .text.z_mrsh_k_queue_cancel_wait
                0x0000000008005b88       0x48 zephyr/kernel/libkernel.a(queue.c.obj)
                0x0000000008005b88                z_mrsh_k_queue_cancel_wait
 .text.z_mrsh_k_queue_alloc_append
                0x0000000008005bd0       0x4c zephyr/kernel/libkernel.a(queue.c.obj)
                0x0000000008005bd0                z_mrsh_k_queue_alloc_append
 .text.z_mrsh_k_queue_alloc_prepend
                0x0000000008005c1c       0x4c zephyr/kernel/libkernel.a(queue.c.obj)
                0x0000000008005c1c                z_mrsh_k_queue_alloc_prepend
 .text.z_impl_k_queue_get
                0x0000000008005c68       0xd8 zephyr/kernel/libkernel.a(queue.c.obj)
                0x0000000008005c68                z_impl_k_queue_get
 .text.z_mrsh_k_queue_get
                0x0000000008005d40       0x54 zephyr/kernel/libkernel.a(queue.c.obj)
                0x0000000008005d40                z_mrsh_k_queue_get
 .text.z_mrsh_k_queue_is_empty
                0x0000000008005d94       0x48 zephyr/kernel/libkernel.a(queue.c.obj)
                0x0000000008005d94                z_mrsh_k_queue_is_empty
 .text.z_mrsh_k_queue_peek_head
                0x0000000008005ddc       0x48 zephyr/kernel/libkernel.a(queue.c.obj)
                0x0000000008005ddc                z_mrsh_k_queue_peek_head
 .text.z_mrsh_k_queue_peek_tail
                0x0000000008005e24       0x48 zephyr/kernel/libkernel.a(queue.c.obj)
                0x0000000008005e24                z_mrsh_k_queue_peek_tail
 .text.sliceable
                0x0000000008005e6c       0x3c zephyr/kernel/libkernel.a(sched.c.obj)
 .text.slice_timeout
                0x0000000008005ea8       0x60 zephyr/kernel/libkernel.a(sched.c.obj)
 .text.z_reset_time_slice
                0x0000000008005f08       0x50 zephyr/kernel/libkernel.a(sched.c.obj)
                0x0000000008005f08                z_reset_time_slice
 .text.update_cache
                0x0000000008005f58       0x68 zephyr/kernel/libkernel.a(sched.c.obj)
 .text.ready_thread
                0x0000000008005fc0       0x94 zephyr/kernel/libkernel.a(sched.c.obj)
 .text.z_ready_thread
                0x0000000008006054       0x90 zephyr/kernel/libkernel.a(sched.c.obj)
                0x0000000008006054                z_ready_thread
 .text.z_unpend_thread_no_timeout
                0x00000000080060e4       0x94 zephyr/kernel/libkernel.a(sched.c.obj)
                0x00000000080060e4                z_unpend_thread_no_timeout
 .text.z_reschedule
                0x0000000008006178       0x8c zephyr/kernel/libkernel.a(sched.c.obj)
                0x0000000008006178                z_reschedule
 .text.z_sched_start
                0x0000000008006204       0xa8 zephyr/kernel/libkernel.a(sched.c.obj)
                0x0000000008006204                z_sched_start
 .text.z_impl_k_thread_resume
                0x00000000080062ac       0xa8 zephyr/kernel/libkernel.a(sched.c.obj)
                0x00000000080062ac                z_impl_k_thread_resume
 .text.z_mrsh_k_thread_resume
                0x0000000008006354       0x48 zephyr/kernel/libkernel.a(sched.c.obj)
                0x0000000008006354                z_mrsh_k_thread_resume
 .text.k_sched_lock
                0x000000000800639c       0xe0 zephyr/kernel/libkernel.a(sched.c.obj)
                0x000000000800639c                k_sched_lock
 .text.k_sched_unlock
                0x000000000800647c       0xec zephyr/kernel/libkernel.a(sched.c.obj)
                0x000000000800647c                k_sched_unlock
 .text.z_priq_dumb_remove
                0x0000000008006568       0x40 zephyr/kernel/libkernel.a(sched.c.obj)
                0x0000000008006568                z_priq_dumb_remove
 .text.move_thread_to_end_of_prio_q
                0x00000000080065a8       0xa4 zephyr/kernel/libkernel.a(sched.c.obj)
 .text.z_time_slice
                0x000000000800664c       0xcc zephyr/kernel/libkernel.a(sched.c.obj)
                0x000000000800664c                z_time_slice
 .text.unready_thread
                0x0000000008006718       0x38 zephyr/kernel/libkernel.a(sched.c.obj)
 .text.add_to_waitq_locked
                0x0000000008006750       0x7c zephyr/kernel/libkernel.a(sched.c.obj)
 .text.pend_locked
                0x00000000080067cc       0x30 zephyr/kernel/libkernel.a(sched.c.obj)
 .text.z_pend_curr
                0x00000000080067fc       0xf4 zephyr/kernel/libkernel.a(sched.c.obj)
                0x00000000080067fc                z_pend_curr
 .text.z_set_prio
                0x00000000080068f0      0x128 zephyr/kernel/libkernel.a(sched.c.obj)
                0x00000000080068f0                z_set_prio
 .text.z_thread_priority_set
                0x0000000008006a18       0x20 zephyr/kernel/libkernel.a(sched.c.obj)
                0x0000000008006a18                z_thread_priority_set
 .text.unpend_thread_no_timeout
                0x0000000008006a38       0x40 zephyr/kernel/libkernel.a(sched.c.obj)
 .text.z_unpend_thread
                0x0000000008006a78       0x9c zephyr/kernel/libkernel.a(sched.c.obj)
                0x0000000008006a78                z_unpend_thread
 .text.z_sched_wake_thread
                0x0000000008006b14       0xb4 zephyr/kernel/libkernel.a(sched.c.obj)
                0x0000000008006b14                z_sched_wake_thread
 .text.z_unpend1_no_timeout
                0x0000000008006bc8       0x9c zephyr/kernel/libkernel.a(sched.c.obj)
                0x0000000008006bc8                z_unpend1_no_timeout
 .text.z_unpend_first_thread
                0x0000000008006c64       0xa4 zephyr/kernel/libkernel.a(sched.c.obj)
                0x0000000008006c64                z_unpend_first_thread
 .text.z_thread_halt
                0x0000000008006d08      0x150 zephyr/kernel/libkernel.a(sched.c.obj)
 .text.z_impl_k_thread_suspend
                0x0000000008006e58       0xa4 zephyr/kernel/libkernel.a(sched.c.obj)
                0x0000000008006e58                z_impl_k_thread_suspend
 .text.z_mrsh_k_thread_suspend
                0x0000000008006efc       0x48 zephyr/kernel/libkernel.a(sched.c.obj)
                0x0000000008006efc                z_mrsh_k_thread_suspend
 .text.z_sched_init
                0x0000000008006f44       0x10 zephyr/kernel/libkernel.a(sched.c.obj)
                0x0000000008006f44                z_sched_init
 .text.z_mrsh_k_thread_priority_get
                0x0000000008006f54       0x44 zephyr/kernel/libkernel.a(sched.c.obj)
                0x0000000008006f54                z_mrsh_k_thread_priority_get
 .text.z_impl_k_thread_priority_set
                0x0000000008006f98       0x74 zephyr/kernel/libkernel.a(sched.c.obj)
                0x0000000008006f98                z_impl_k_thread_priority_set
 .text.z_mrsh_k_thread_priority_set
                0x000000000800700c       0x88 zephyr/kernel/libkernel.a(sched.c.obj)
                0x000000000800700c                z_mrsh_k_thread_priority_set
 .text.z_impl_k_yield
                0x0000000008007094      0x134 zephyr/kernel/libkernel.a(sched.c.obj)
                0x0000000008007094                z_impl_k_yield
 .text.z_tick_sleep
                0x00000000080071c8      0x148 zephyr/kernel/libkernel.a(sched.c.obj)
 .text.z_mrsh_k_yield
                0x0000000008007310       0x1c zephyr/kernel/libkernel.a(sched.c.obj)
                0x0000000008007310                z_mrsh_k_yield
 .text.z_impl_k_sleep
                0x000000000800732c       0x64 zephyr/kernel/libkernel.a(sched.c.obj)
                0x000000000800732c                z_impl_k_sleep
 .text.z_mrsh_k_sleep
                0x0000000008007390       0x1c zephyr/kernel/libkernel.a(sched.c.obj)
                0x0000000008007390                z_mrsh_k_sleep
 .text.z_mrsh_k_usleep
                0x00000000080073ac       0x1c zephyr/kernel/libkernel.a(sched.c.obj)
                0x00000000080073ac                z_mrsh_k_usleep
 .text.z_mrsh_k_wakeup
                0x00000000080073c8       0x48 zephyr/kernel/libkernel.a(sched.c.obj)
                0x00000000080073c8                z_mrsh_k_wakeup
 .text.z_impl_k_sched_current_thread_query
                0x0000000008007410        0xc zephyr/kernel/libkernel.a(sched.c.obj)
                0x0000000008007410                z_impl_k_sched_current_thread_query
 .text.z_mrsh_k_sched_current_thread_query
                0x000000000800741c       0x10 zephyr/kernel/libkernel.a(sched.c.obj)
                0x000000000800741c                z_mrsh_k_sched_current_thread_query
 .text.z_impl_k_is_preempt_thread
                0x000000000800742c       0x20 zephyr/kernel/libkernel.a(sched.c.obj)
                0x000000000800742c                z_impl_k_is_preempt_thread
 .text.z_mrsh_k_is_preempt_thread
                0x000000000800744c       0x18 zephyr/kernel/libkernel.a(sched.c.obj)
                0x000000000800744c                z_mrsh_k_is_preempt_thread
 .text.z_thread_abort
                0x0000000008007464       0xe0 zephyr/kernel/libkernel.a(sched.c.obj)
                0x0000000008007464                z_thread_abort
 .text.z_impl_k_thread_join
                0x0000000008007544      0x14c zephyr/kernel/libkernel.a(sched.c.obj)
                0x0000000008007544                z_impl_k_thread_join
 .text.z_mrsh_k_thread_join
                0x0000000008007690       0x30 zephyr/kernel/libkernel.a(sched.c.obj)
                0x0000000008007690                z_mrsh_k_thread_join
 .text.z_mrsh_k_thread_abort
                0x00000000080076c0       0x48 zephyr/kernel/libkernel.a(sched.c.obj)
                0x00000000080076c0                z_mrsh_k_thread_abort
 .text.z_data_copy
                0x0000000008007708       0x4c zephyr/kernel/libkernel.a(xip.c.obj)
                0x0000000008007708                z_data_copy
 .text.elapsed  0x0000000008007754       0x14 zephyr/kernel/libkernel.a(timeout.c.obj)
 .text.next_timeout
                0x0000000008007768       0x40 zephyr/kernel/libkernel.a(timeout.c.obj)
 .text.remove_timeout
                0x00000000080077a8       0x38 zephyr/kernel/libkernel.a(timeout.c.obj)
 .text.timeout_rem
                0x00000000080077e0       0x48 zephyr/kernel/libkernel.a(timeout.c.obj)
 .text.z_add_timeout
                0x0000000008007828      0x184 zephyr/kernel/libkernel.a(timeout.c.obj)
                0x0000000008007828                z_add_timeout
 .text.z_abort_timeout
                0x00000000080079ac       0x9c zephyr/kernel/libkernel.a(timeout.c.obj)
                0x00000000080079ac                z_abort_timeout
 .text.z_timeout_remaining
                0x0000000008007a48       0x98 zephyr/kernel/libkernel.a(timeout.c.obj)
                0x0000000008007a48                z_timeout_remaining
 .text.z_timeout_expires
                0x0000000008007ae0       0xa4 zephyr/kernel/libkernel.a(timeout.c.obj)
                0x0000000008007ae0                z_timeout_expires
 .text.sys_clock_announce
                0x0000000008007b84      0x160 zephyr/kernel/libkernel.a(timeout.c.obj)
                0x0000000008007b84                sys_clock_announce
 .text.sys_clock_tick_get
                0x0000000008007ce4       0xa0 zephyr/kernel/libkernel.a(timeout.c.obj)
                0x0000000008007ce4                sys_clock_tick_get
 .text.z_mrsh_k_uptime_ticks
                0x0000000008007d84       0x58 zephyr/kernel/libkernel.a(timeout.c.obj)
                0x0000000008007d84                z_mrsh_k_uptime_ticks
 .text.z_timer_expiration_handler
                0x0000000008007ddc      0x174 zephyr/kernel/libkernel.a(timer.c.obj)
                0x0000000008007ddc                z_timer_expiration_handler
 .text.z_impl_k_timer_start
                0x0000000008007f50       0xe4 zephyr/kernel/libkernel.a(timer.c.obj)
                0x0000000008007f50                z_impl_k_timer_start
 .text.z_mrsh_k_timer_start
                0x0000000008008034       0x60 zephyr/kernel/libkernel.a(timer.c.obj)
                0x0000000008008034                z_mrsh_k_timer_start
 .text.z_mrsh_k_timer_stop
                0x0000000008008094       0x48 zephyr/kernel/libkernel.a(timer.c.obj)
                0x0000000008008094                z_mrsh_k_timer_stop
 .text.z_impl_k_timer_status_get
                0x00000000080080dc       0x90 zephyr/kernel/libkernel.a(timer.c.obj)
                0x00000000080080dc                z_impl_k_timer_status_get
 .text.z_mrsh_k_timer_status_get
                0x000000000800816c       0x44 zephyr/kernel/libkernel.a(timer.c.obj)
                0x000000000800816c                z_mrsh_k_timer_status_get
 .text.z_impl_k_timer_status_sync
                0x00000000080081b0       0xfc zephyr/kernel/libkernel.a(timer.c.obj)
                0x00000000080081b0                z_impl_k_timer_status_sync
 .text.z_mrsh_k_timer_status_sync
                0x00000000080082ac       0x44 zephyr/kernel/libkernel.a(timer.c.obj)
                0x00000000080082ac                z_mrsh_k_timer_status_sync
 .text.z_mrsh_k_timer_remaining_ticks
                0x00000000080082f0       0x7c zephyr/kernel/libkernel.a(timer.c.obj)
                0x00000000080082f0                z_mrsh_k_timer_remaining_ticks
 .text.z_mrsh_k_timer_expires_ticks
                0x000000000800836c       0x7c zephyr/kernel/libkernel.a(timer.c.obj)
                0x000000000800836c                z_mrsh_k_timer_expires_ticks
 .text.z_mrsh_k_timer_user_data_get
                0x00000000080083e8       0x40 zephyr/kernel/libkernel.a(timer.c.obj)
                0x00000000080083e8                z_mrsh_k_timer_user_data_get
 .text.z_mrsh_k_timer_user_data_set
                0x0000000008008428       0x40 zephyr/kernel/libkernel.a(timer.c.obj)
                0x0000000008008428                z_mrsh_k_timer_user_data_set
 .text.z_thread_aligned_alloc
                0x0000000008008468       0x74 zephyr/kernel/libkernel.a(mempool.c.obj)
                0x0000000008008468                z_thread_aligned_alloc
 .text.z_impl_k_futex_wake
                0x00000000080084dc       0x94 zephyr/kernel/libkernel.a(futex.c.obj)
                0x00000000080084dc                z_impl_k_futex_wake
 .text.z_mrsh_k_futex_wake
                0x0000000008008570       0x54 zephyr/kernel/libkernel.a(futex.c.obj)
                0x0000000008008570                z_mrsh_k_futex_wake
 .text.z_impl_k_futex_wait
                0x00000000080085c4       0xa8 zephyr/kernel/libkernel.a(futex.c.obj)
                0x00000000080085c4                z_impl_k_futex_wait
 .text.z_mrsh_k_futex_wait
                0x000000000800866c       0x68 zephyr/kernel/libkernel.a(futex.c.obj)
                0x000000000800866c                z_mrsh_k_futex_wait
 .text.check_add_partition
                0x00000000080086d4       0xa8 zephyr/kernel/libkernel.a(mem_domain.c.obj)
 .text.add_thread_locked
                0x000000000800877c       0x60 zephyr/kernel/libkernel.a(mem_domain.c.obj)
 .text.remove_thread_locked
                0x00000000080087dc       0x3c zephyr/kernel/libkernel.a(mem_domain.c.obj)
 .text.k_mem_domain_init
                0x0000000008008818      0x130 zephyr/kernel/libkernel.a(mem_domain.c.obj)
                0x0000000008008818                k_mem_domain_init
 .text.k_mem_domain_add_partition
                0x0000000008008948       0xf4 zephyr/kernel/libkernel.a(mem_domain.c.obj)
                0x0000000008008948                k_mem_domain_add_partition
 .text.init_mem_domain_module
                0x0000000008008a3c       0xa4 zephyr/kernel/libkernel.a(mem_domain.c.obj)
 .text.z_mem_domain_init_thread
                0x0000000008008ae0       0xb8 zephyr/kernel/libkernel.a(mem_domain.c.obj)
                0x0000000008008ae0                z_mem_domain_init_thread
 .text.z_mem_domain_exit_thread
                0x0000000008008b98       0xb0 zephyr/kernel/libkernel.a(mem_domain.c.obj)
                0x0000000008008b98                z_mem_domain_exit_thread
 .text.k_mem_domain_add_thread
                0x0000000008008c48       0xac zephyr/kernel/libkernel.a(mem_domain.c.obj)
                0x0000000008008c48                k_mem_domain_add_thread
 .text.unref_check
                0x0000000008008cf4       0xa4 zephyr/kernel/libkernel.a(userspace.c.obj)
 .text.handler_no_syscall
                0x0000000008008d98       0x14 zephyr/kernel/libkernel.a(userspace.c.obj)
                0x0000000008008d98                z_mrsh_z_log_msg_simple_create_1
                0x0000000008008d98                z_mrsh_k_stack_push
                0x0000000008008d98                z_mrsh_k_thread_custom_data_get
                0x0000000008008d98                z_mrsh_k_event_wait_all
                0x0000000008008d98                z_mrsh_k_poll_signal_raise
                0x0000000008008d98                z_mrsh_log_process
                0x0000000008008d98                z_mrsh_clock_gettime
                0x0000000008008d98                z_mrsh_log_panic
                0x0000000008008d98                z_mrsh_z_log_msg_simple_create_2
                0x0000000008008d98                z_mrsh_zephyr_fwrite
                0x0000000008008d98                z_mrsh_k_pipe_get
                0x0000000008008d98                z_mrsh_uart_irq_is_pending
                0x0000000008008d98                z_mrsh_k_sem_init
                0x0000000008008d98                z_mrsh_uart_tx
                0x0000000008008d98                z_mrsh_k_float_enable
                0x0000000008008d98                z_mrsh_log_buffered_cnt
                0x0000000008008d98                z_mrsh_k_pipe_read_avail
                0x0000000008008d98                z_mrsh_uart_rx_enable
                0x0000000008008d98                z_mrsh_uart_irq_err_enable
                0x0000000008008d98                z_mrsh_uart_tx_u16
                0x0000000008008d98                z_mrsh_uart_rx_enable_u16
                0x0000000008008d98                z_mrsh_k_poll_signal_check
                0x0000000008008d98                z_mrsh_reset_line_toggle
                0x0000000008008d98                z_mrsh_uart_irq_tx_enable
                0x0000000008008d98                z_mrsh_k_stack_alloc_init
                0x0000000008008d98                z_mrsh_uart_irq_rx_enable
                0x0000000008008d98                z_mrsh_k_condvar_wait
                0x0000000008008d98                z_mrsh_k_event_set
                0x0000000008008d98                z_mrsh_zephyr_write_stdout
                0x0000000008008d98                z_mrsh_k_event_init
                0x0000000008008d98                z_mrsh_k_sem_reset
                0x0000000008008d98                z_mrsh_k_thread_stack_free
                0x0000000008008d98                z_mrsh_uart_line_ctrl_get
                0x0000000008008d98                z_mrsh_k_thread_stack_space_get
                0x0000000008008d98                z_mrsh_k_event_clear
                0x0000000008008d98                z_mrsh_uart_tx_abort
                0x0000000008008d98                z_mrsh_k_pipe_alloc_init
                0x0000000008008d98                z_mrsh_k_condvar_signal
                0x0000000008008d98                z_mrsh_uart_line_ctrl_set
                0x0000000008008d98                z_mrsh_k_event_set_masked
                0x0000000008008d98                z_mrsh_k_poll_signal_reset
                0x0000000008008d98                z_mrsh_zephyr_read_stdin
                0x0000000008008d98                z_mrsh_k_pipe_buffer_flush
                0x0000000008008d98                z_mrsh_k_event_post
                0x0000000008008d98                z_mrsh_uart_irq_update
                0x0000000008008d98                z_mrsh_k_thread_deadline_set
                0x0000000008008d98                z_mrsh_k_event_wait
                0x0000000008008d98                z_mrsh_k_pipe_flush
                0x0000000008008d98                z_mrsh_reset_line_assert
                0x0000000008008d98                z_mrsh_gpio_port_get_direction
                0x0000000008008d98                z_mrsh_z_log_msg_simple_create_0
                0x0000000008008d98                z_mrsh_z_log_msg_static_create
                0x0000000008008d98                z_mrsh_uart_irq_err_disable
                0x0000000008008d98                z_mrsh_sys_clock_hw_cycles_per_sec_runtime_get
                0x0000000008008d98                z_mrsh_z_log_msg_runtime_vcreate
                0x0000000008008d98                z_mrsh_gpio_pin_get_config
                0x0000000008008d98                z_mrsh_uart_irq_rx_disable
                0x0000000008008d98                z_mrsh_k_pipe_write_avail
                0x0000000008008d98                z_mrsh_k_sem_give
                0x0000000008008d98                z_mrsh_k_thread_custom_data_set
                0x0000000008008d98                z_mrsh_k_sem_take
                0x0000000008008d98                z_mrsh_k_poll
                0x0000000008008d98                z_mrsh_reset_line_deassert
                0x0000000008008d98                z_mrsh_uart_drv_cmd
                0x0000000008008d98                z_mrsh_log_filter_set
                0x0000000008008d98                z_mrsh_k_condvar_init
                0x0000000008008d98                z_mrsh_uart_rx_disable
                0x0000000008008d98                z_mrsh_k_thread_stack_alloc
                0x0000000008008d98                z_mrsh_uart_irq_tx_disable
                0x0000000008008d98                z_mrsh_k_pipe_put
                0x0000000008008d98                z_mrsh_k_sem_count_get
                0x0000000008008d98                z_mrsh_k_condvar_broadcast
                0x0000000008008d98                z_mrsh_k_stack_pop
                0x0000000008008d98                z_mrsh_reset_status
                0x0000000008008d98                z_mrsh_k_poll_signal_init
 .text.handler_bad_syscall
                0x0000000008008dac       0x18 zephyr/kernel/libkernel.a(userspace.c.obj)
 .text.app_shmem_bss_zero
                0x0000000008008dc4       0x24 zephyr/kernel/libkernel.a(userspace.c.obj)
 .text.otype_to_str
                0x0000000008008de8       0x18 zephyr/kernel/libkernel.a(userspace.c.obj)
                0x0000000008008de8                otype_to_str
 .text.z_priv_stack_find
                0x0000000008008e00       0x5c zephyr/kernel/libkernel.a(userspace.c.obj)
                0x0000000008008e00                z_priv_stack_find
 .text.k_thread_perms_inherit
                0x0000000008008e5c       0x34 zephyr/kernel/libkernel.a(userspace.c.obj)
                0x0000000008008e5c                k_thread_perms_inherit
 .text.k_thread_perms_all_clear
                0x0000000008008e90       0x1c zephyr/kernel/libkernel.a(userspace.c.obj)
                0x0000000008008e90                k_thread_perms_all_clear
 .text.k_object_dump_error
                0x0000000008008eac       0xe4 zephyr/kernel/libkernel.a(userspace.c.obj)
                0x0000000008008eac                k_object_dump_error
 .text.k_object_validate
                0x0000000008008f90       0x70 zephyr/kernel/libkernel.a(userspace.c.obj)
                0x0000000008008f90                k_object_validate
 .text.k_usermode_from_copy
                0x0000000008009000       0x48 zephyr/kernel/libkernel.a(userspace.c.obj)
                0x0000000008009000                k_usermode_from_copy
 .text.k_usermode_to_copy
                0x0000000008009048       0x48 zephyr/kernel/libkernel.a(userspace.c.obj)
                0x0000000008009048                k_usermode_to_copy
 .text.k_usermode_string_copy
                0x0000000008009090       0x58 zephyr/kernel/libkernel.a(userspace.c.obj)
                0x0000000008009090                k_usermode_string_copy
 .text.boot_banner
                0x00000000080090e8        0xc zephyr/kernel/libkernel.a(banner.c.obj)
                0x00000000080090e8                boot_banner
 .text.statics_init
                0x00000000080090f4       0x50 zephyr/kernel/libkernel.a(kheap.c.obj)
 .text.k_heap_aligned_alloc
                0x0000000008009144      0x13c zephyr/kernel/libkernel.a(kheap.c.obj)
                0x0000000008009144                k_heap_aligned_alloc
 .text.k_heap_free
                0x0000000008009280       0xa8 zephyr/kernel/libkernel.a(kheap.c.obj)
                0x0000000008009280                k_heap_free
 .text.z_mrsh_k_object_access_grant
                0x0000000008009328       0x78 zephyr/kernel/libkernel.a(userspace_handler.c.obj)
                0x0000000008009328                z_mrsh_k_object_access_grant
 .text.z_mrsh_k_object_release
                0x00000000080093a0       0x44 zephyr/kernel/libkernel.a(userspace_handler.c.obj)
                0x00000000080093a0                z_mrsh_k_object_release
 .text.z_mrsh_k_object_alloc
                0x00000000080093e4       0x10 zephyr/kernel/libkernel.a(userspace_handler.c.obj)
                0x00000000080093e4                z_mrsh_k_object_alloc
 .text.z_mrsh_k_object_alloc_size
                0x00000000080093f4       0x10 zephyr/kernel/libkernel.a(userspace_handler.c.obj)
                0x00000000080093f4                z_mrsh_k_object_alloc_size
 .text.__i_vfprintf
                0x0000000008009404      0x490 c:\users\joedo\zephyr-sdk-0.16.3\arm-zephyr-eabi\bin\../lib/gcc/../../picolibc/arm-zephyr-eabi/lib/thumb/v7e-m/nofp\libc.a(libc_tinystdio_vfiprintf.c.o)
                0x0000000008009404                __i_vfprintf
 .text._OffsetAbsSyms
                0x0000000008009894        0x2 zephyr/CMakeFiles/offsets.dir/./arch/arm/core/offsets/offsets.c.obj
                0x0000000008009894                _OffsetAbsSyms
 .text.arch_is_user_context
                0x0000000008009896        0xe app/libapp.a(app_a.c.obj)
 .text.sample_driver_state_set
                0x00000000080098a4       0x28 app/libapp.a(app_a.c.obj)
 .text.k_object_access_grant
                0x00000000080098cc       0x26 app/libapp.a(app_a.c.obj)
 .text.arch_is_user_context
                0x00000000080098f2        0xe app/libapp.a(app_b.c.obj)
 .text.k_object_access_grant
                0x0000000008009900       0x26 app/libapp.a(app_b.c.obj)
 .text.k_thread_create.constprop.0
                0x0000000008009926       0x6a app/libapp.a(main.c.obj)
 .text.k_thread_join.constprop.0.isra.0
                0x0000000008009990       0x32 app/libapp.a(main.c.obj)
 .text.sample_driver_foo_write
                0x00000000080099c2        0x4 app/libapp.a(sample_driver_foo.c.obj)
 .text.sample_driver_foo_set_callback
                0x00000000080099c6       0x24 app/libapp.a(sample_driver_foo.c.obj)
 .text.sample_driver_foo_state_set
                0x00000000080099ea       0x5e app/libapp.a(sample_driver_foo.c.obj)
 .text.arch_printk_char_out
                0x0000000008009a48        0x4 zephyr/libzephyr.a(printk.c.obj)
                0x0000000008009a48                arch_printk_char_out
 .text.buf_flush
                0x0000000008009a4c       0x32 zephyr/libzephyr.a(printk.c.obj)
 .text.printk   0x0000000008009a7e       0x1a zephyr/libzephyr.a(printk.c.obj)
                0x0000000008009a7e                printk
 .text.buf_char_out
                0x0000000008009a98       0x1c zephyr/libzephyr.a(printk.c.obj)
 .text.chunk_field
                0x0000000008009ab4       0x16 zephyr/libzephyr.a(heap.c.obj)
 .text.chunk_set
                0x0000000008009aca       0x16 zephyr/libzephyr.a(heap.c.obj)
 .text.chunk_size
                0x0000000008009ae0        0xc zephyr/libzephyr.a(heap.c.obj)
 .text.set_chunk_used
                0x0000000008009aec       0x30 zephyr/libzephyr.a(heap.c.obj)
 .text.set_chunk_size
                0x0000000008009b1c        0x8 zephyr/libzephyr.a(heap.c.obj)
 .text.mem_to_chunkid
                0x0000000008009b24       0x14 zephyr/libzephyr.a(heap.c.obj)
 .text.bytes_to_chunksz.isra.0
                0x0000000008009b38       0x14 zephyr/libzephyr.a(heap.c.obj)
 .text.bucket_idx.isra.0
                0x0000000008009b4c       0x18 zephyr/libzephyr.a(heap.c.obj)
 .text.free_list_remove_bidx
                0x0000000008009b64       0x5c zephyr/libzephyr.a(heap.c.obj)
 .text.free_list_remove
                0x0000000008009bc0       0x2e zephyr/libzephyr.a(heap.c.obj)
 .text.alloc_chunk
                0x0000000008009bee       0x74 zephyr/libzephyr.a(heap.c.obj)
 .text.split_chunks
                0x0000000008009c62       0x4e zephyr/libzephyr.a(heap.c.obj)
 .text.merge_chunks
                0x0000000008009cb0       0x3c zephyr/libzephyr.a(heap.c.obj)
 .text.free_list_add
                0x0000000008009cec       0x84 zephyr/libzephyr.a(heap.c.obj)
 .text.free_chunk
                0x0000000008009d70       0x84 zephyr/libzephyr.a(heap.c.obj)
 .text.sys_heap_alloc
                0x0000000008009df4       0x64 zephyr/libzephyr.a(heap.c.obj)
                0x0000000008009df4                sys_heap_alloc
 .text.assert_post_action
                0x0000000008009e58       0x28 zephyr/libzephyr.a(assert.c.obj)
                0x0000000008009e58                assert_post_action
 .text.assert_print
                0x0000000008009e80       0x1a zephyr/libzephyr.a(assert.c.obj)
                0x0000000008009e80                assert_print
 .text.z_impl_z_sys_mutex_kernel_lock
                0x0000000008009e9a       0x46 zephyr/libzephyr.a(mutex.c.obj)
                0x0000000008009e9a                z_impl_z_sys_mutex_kernel_lock
 .text.z_impl_z_sys_mutex_kernel_unlock
                0x0000000008009ee0       0x3e zephyr/libzephyr.a(mutex.c.obj)
                0x0000000008009ee0                z_impl_z_sys_mutex_kernel_unlock
 .text._ConfigAbsSyms
                0x0000000008009f1e        0x2 zephyr/libzephyr.a(configs.c.obj)
                0x0000000008009f1e                _ConfigAbsSyms
 .text.st_stm32_common_config
                0x0000000008009f20        0xa zephyr/libzephyr.a(soc_config.c.obj)
 .text.z_log_minimal_printk
                0x0000000008009f2a       0x1a zephyr/libzephyr.a(log_minimal.c.obj)
                0x0000000008009f2a                z_log_minimal_printk
 .text.z_do_kernel_oops
                0x0000000008009f44       0x22 zephyr/arch/arch/arm/core/libarch__arm__core.a(fatal.c.obj)
                0x0000000008009f44                z_do_kernel_oops
 .text.arch_syscall_oops
                0x0000000008009f66       0x1c zephyr/arch/arch/arm/core/libarch__arm__core.a(fatal.c.obj)
                0x0000000008009f66                arch_syscall_oops
 .text.z_arm_nmi
                0x0000000008009f82        0xe zephyr/arch/arch/arm/core/libarch__arm__core.a(nmi.c.obj)
                0x0000000008009f82                z_arm_nmi
 .text.z_irq_spurious
                0x0000000008009f90        0x8 zephyr/arch/arch/arm/core/cortex_m/libarch__arm__core__cortex_m.a(irq_manage.c.obj)
                0x0000000008009f90                z_irq_spurious
 .text.z_arm_thread_is_in_user_mode
                0x0000000008009f98        0xa zephyr/arch/arch/arm/core/cortex_m/libarch__arm__core__cortex_m.a(thread.c.obj)
                0x0000000008009f98                z_arm_thread_is_in_user_mode
 .text.arch_mem_domain_max_partitions_get
                0x0000000008009fa2        0xa zephyr/arch/arch/arm/core/mpu/libarch__arm__core__mpu.a(arm_core_mpu.c.obj)
                0x0000000008009fa2                arch_mem_domain_max_partitions_get
 .text.arch_buffer_validate
                0x0000000008009fac        0x4 zephyr/arch/arch/arm/core/mpu/libarch__arm__core__mpu.a(arm_core_mpu.c.obj)
                0x0000000008009fac                arch_buffer_validate
 .text.size_to_mpu_rasr_size
                0x0000000008009fb0       0x20 zephyr/arch/arch/arm/core/mpu/libarch__arm__core__mpu.a(arm_mpu.c.obj)
 .text.arch_is_user_context
                0x0000000008009fd0        0xe zephyr/lib/libc/picolibc/liblib__libc__picolibc.a(libc-hooks.c.obj)
 .text.picolibc_put
                0x0000000008009fde       0x26 zephyr/lib/libc/picolibc/liblib__libc__picolibc.a(libc-hooks.c.obj)
 .text.stm32_exti_init
                0x000000000800a004       0x92 zephyr/drivers/interrupt_controller/libdrivers__interrupt_controller.a(intc_exti_stm32.c.obj)
 .text.stm32_exti_disable
                0x000000000800a096       0x1a zephyr/drivers/interrupt_controller/libdrivers__interrupt_controller.a(intc_exti_stm32.c.obj)
                0x000000000800a096                stm32_exti_disable
 .text.stm32_exti_trigger
                0x000000000800a0b0       0x64 zephyr/drivers/interrupt_controller/libdrivers__interrupt_controller.a(intc_exti_stm32.c.obj)
                0x000000000800a0b0                stm32_exti_trigger
 .text.stm32_clock_control_on
                0x000000000800a114       0x24 zephyr/drivers/clock_control/libdrivers__clock_control.a(clock_stm32_ll_h7.c.obj)
 .text.stm32_clock_control_off
                0x000000000800a138       0x26 zephyr/drivers/clock_control/libdrivers__clock_control.a(clock_stm32_ll_h7.c.obj)
 .text.gpio_stm32_port_get_raw
                0x000000000800a15e        0xc zephyr/drivers/gpio/libdrivers__gpio.a(gpio_stm32.c.obj)
 .text.gpio_stm32_port_set_masked_raw
                0x000000000800a16a       0x12 zephyr/drivers/gpio/libdrivers__gpio.a(gpio_stm32.c.obj)
 .text.gpio_stm32_port_set_bits_raw
                0x000000000800a17c        0xa zephyr/drivers/gpio/libdrivers__gpio.a(gpio_stm32.c.obj)
 .text.gpio_stm32_port_clear_bits_raw
                0x000000000800a186        0xc zephyr/drivers/gpio/libdrivers__gpio.a(gpio_stm32.c.obj)
 .text.gpio_stm32_port_toggle_bits
                0x000000000800a192        0xe zephyr/drivers/gpio/libdrivers__gpio.a(gpio_stm32.c.obj)
 .text.gpio_stm32_configure_raw.isra.0
                0x000000000800a1a0       0xa0 zephyr/drivers/gpio/libdrivers__gpio.a(gpio_stm32.c.obj)
 .text.gpio_stm32_config
                0x000000000800a240       0x78 zephyr/drivers/gpio/libdrivers__gpio.a(gpio_stm32.c.obj)
 .text.gpio_stm32_configure
                0x000000000800a2b8       0x30 zephyr/drivers/gpio/libdrivers__gpio.a(gpio_stm32.c.obj)
                0x000000000800a2b8                gpio_stm32_configure
 .text.k_object_validation_check.constprop.0
                0x000000000800a2e8       0x20 zephyr/drivers/gpio/libdrivers__gpio.a(gpio_handlers.c.obj)
 .text.pinctrl_lookup_state
                0x000000000800a308       0x26 zephyr/drivers/pinctrl/libdrivers__pinctrl.a(common.c.obj)
                0x000000000800a308                pinctrl_lookup_state
 .text.reset_stm32_status
                0x000000000800a32e       0x22 zephyr/drivers/reset/libdrivers__reset.a(reset_stm32.c.obj)
 .text.reset_stm32_line_assert
                0x000000000800a350       0x1c zephyr/drivers/reset/libdrivers__reset.a(reset_stm32.c.obj)
 .text.reset_stm32_line_deassert
                0x000000000800a36c       0x1e zephyr/drivers/reset/libdrivers__reset.a(reset_stm32.c.obj)
 .text.reset_stm32_line_toggle
                0x000000000800a38a       0x16 zephyr/drivers/reset/libdrivers__reset.a(reset_stm32.c.obj)
 .text.uart_stm32_ll2cfg_databits
                0x000000000800a3a0       0x2a zephyr/drivers/serial/libdrivers__serial.a(uart_stm32.c.obj)
 .text.uart_stm32_err_check
                0x000000000800a3ca       0x62 zephyr/drivers/serial/libdrivers__serial.a(uart_stm32.c.obj)
 .text.uart_stm32_poll_out
                0x000000000800a42c       0x3a zephyr/drivers/serial/libdrivers__serial.a(uart_stm32.c.obj)
 .text.uart_stm32_poll_in
                0x000000000800a466       0x24 zephyr/drivers/serial/libdrivers__serial.a(uart_stm32.c.obj)
 .text.uart_stm32_config_get
                0x000000000800a48a       0x92 zephyr/drivers/serial/libdrivers__serial.a(uart_stm32.c.obj)
 .text.k_object_validation_check.constprop.0
                0x000000000800a51c       0x20 zephyr/drivers/serial/libdrivers__serial.a(uart_handlers.c.obj)
 .text.z_device_is_ready
                0x000000000800a53c       0x16 zephyr/kernel/libkernel.a(device.c.obj)
                0x000000000800a53c                z_device_is_ready
 .text.arch_system_halt
                0x000000000800a552       0x12 zephyr/kernel/libkernel.a(fatal.c.obj)
                0x000000000800a552                arch_system_halt
 .text.z_early_memset
                0x000000000800a564        0x4 zephyr/kernel/libkernel.a(init.c.obj)
                0x000000000800a564                z_early_memset
 .text.z_early_memcpy
                0x000000000800a568        0x4 zephyr/kernel/libkernel.a(init.c.obj)
                0x000000000800a568                z_early_memcpy
 .text.k_object_validation_check
                0x000000000800a56c       0x22 zephyr/kernel/libkernel.a(thread.c.obj)
 .text.k_is_in_isr
                0x000000000800a58e        0xc zephyr/kernel/libkernel.a(thread.c.obj)
                0x000000000800a58e                k_is_in_isr
 .text.k_thread_name_get
                0x000000000800a59a        0x4 zephyr/kernel/libkernel.a(thread.c.obj)
                0x000000000800a59a                k_thread_name_get
 .text.z_impl_k_thread_start
                0x000000000800a59e        0x4 zephyr/kernel/libkernel.a(thread.c.obj)
                0x000000000800a59e                z_impl_k_thread_start
 .text.z_stack_is_user_capable
                0x000000000800a5a2        0xe zephyr/kernel/libkernel.a(thread.c.obj)
                0x000000000800a5a2                z_stack_is_user_capable
 .text.k_object_validation_check.constprop.0
                0x000000000800a5b0       0x1e zephyr/kernel/libkernel.a(msg_q.c.obj)
 .text.k_msgq_init
                0x000000000800a5ce       0x26 zephyr/kernel/libkernel.a(msg_q.c.obj)
                0x000000000800a5ce                k_msgq_init
 .text.z_impl_k_msgq_alloc_init
                0x000000000800a5f4       0x38 zephyr/kernel/libkernel.a(msg_q.c.obj)
                0x000000000800a5f4                z_impl_k_msgq_alloc_init
 .text.k_object_validation_check.constprop.0
                0x000000000800a62c       0x1e zephyr/kernel/libkernel.a(mutex.c.obj)
 .text.adjust_owner_prio.isra.0
                0x000000000800a64a       0x10 zephyr/kernel/libkernel.a(mutex.c.obj)
 .text.z_impl_k_mutex_init
                0x000000000800a65a       0x14 zephyr/kernel/libkernel.a(mutex.c.obj)
                0x000000000800a65a                z_impl_k_mutex_init
 .text.k_object_validation_check.constprop.0
                0x000000000800a66e       0x1e zephyr/kernel/libkernel.a(queue.c.obj)
 .text.z_queue_node_peek
                0x000000000800a68c       0x18 zephyr/kernel/libkernel.a(queue.c.obj)
                0x000000000800a68c                z_queue_node_peek
 .text.z_impl_k_queue_init
                0x000000000800a6a4       0x14 zephyr/kernel/libkernel.a(queue.c.obj)
                0x000000000800a6a4                z_impl_k_queue_init
 .text.z_impl_k_queue_alloc_append
                0x000000000800a6b8       0x14 zephyr/kernel/libkernel.a(queue.c.obj)
                0x000000000800a6b8                z_impl_k_queue_alloc_append
 .text.z_impl_k_queue_alloc_prepend
                0x000000000800a6cc       0x14 zephyr/kernel/libkernel.a(queue.c.obj)
                0x000000000800a6cc                z_impl_k_queue_alloc_prepend
 .text.z_impl_k_queue_peek_head
                0x000000000800a6e0        0x8 zephyr/kernel/libkernel.a(queue.c.obj)
                0x000000000800a6e0                z_impl_k_queue_peek_head
 .text.z_impl_k_queue_peek_tail
                0x000000000800a6e8        0x8 zephyr/kernel/libkernel.a(queue.c.obj)
                0x000000000800a6e8                z_impl_k_queue_peek_tail
 .text.thread_obj_validate
                0x000000000800a6f0       0x28 zephyr/kernel/libkernel.a(sched.c.obj)
 .text.k_object_validation_check.constprop.0
                0x000000000800a718       0x20 zephyr/kernel/libkernel.a(sched.c.obj)
 .text.z_reschedule_irqlock
                0x000000000800a738       0x18 zephyr/kernel/libkernel.a(sched.c.obj)
                0x000000000800a738                z_reschedule_irqlock
 .text.z_reschedule_unlocked
                0x000000000800a750       0x14 zephyr/kernel/libkernel.a(sched.c.obj)
 .text.z_thread_timeout
                0x000000000800a764        0x8 zephyr/kernel/libkernel.a(sched.c.obj)
                0x000000000800a764                z_thread_timeout
 .text.z_unpend_all
                0x000000000800a76c       0x20 zephyr/kernel/libkernel.a(sched.c.obj)
                0x000000000800a76c                z_unpend_all
 .text.z_impl_k_usleep
                0x000000000800a78c       0x20 zephyr/kernel/libkernel.a(sched.c.obj)
                0x000000000800a78c                z_impl_k_usleep
 .text.z_impl_k_wakeup
                0x000000000800a7ac       0x36 zephyr/kernel/libkernel.a(sched.c.obj)
                0x000000000800a7ac                z_impl_k_wakeup
 .text.sys_clock_tick_get_32
                0x000000000800a7e2        0x8 zephyr/kernel/libkernel.a(timeout.c.obj)
                0x000000000800a7e2                sys_clock_tick_get_32
 .text.z_impl_k_uptime_ticks
                0x000000000800a7ea        0x4 zephyr/kernel/libkernel.a(timeout.c.obj)
                0x000000000800a7ea                z_impl_k_uptime_ticks
 .text.sys_timepoint_calc
                0x000000000800a7ee       0x48 zephyr/kernel/libkernel.a(timeout.c.obj)
                0x000000000800a7ee                sys_timepoint_calc
 .text.sys_timepoint_timeout
                0x000000000800a836       0x42 zephyr/kernel/libkernel.a(timeout.c.obj)
                0x000000000800a836                sys_timepoint_timeout
 .text.k_object_validation_check.constprop.0
                0x000000000800a878       0x20 zephyr/kernel/libkernel.a(timer.c.obj)
 .text.k_timer_init
                0x000000000800a898       0x1a zephyr/kernel/libkernel.a(timer.c.obj)
                0x000000000800a898                k_timer_init
 .text.z_impl_k_timer_stop
                0x000000000800a8b2       0x3a zephyr/kernel/libkernel.a(timer.c.obj)
                0x000000000800a8b2                z_impl_k_timer_stop
 .text.k_free   0x000000000800a8ec        0xe zephyr/kernel/libkernel.a(mempool.c.obj)
                0x000000000800a8ec                k_free
 .text.wordlist_cb
                0x000000000800a8fa       0x38 zephyr/kernel/libkernel.a(userspace.c.obj)
 .text.thread_index_get
                0x000000000800a932       0x12 zephyr/kernel/libkernel.a(userspace.c.obj)
 .text.clear_perms_cb
                0x000000000800a944        0x4 zephyr/kernel/libkernel.a(userspace.c.obj)
 .text.k_thread_perms_set
                0x000000000800a948       0x26 zephyr/kernel/libkernel.a(userspace.c.obj)
                0x000000000800a948                k_thread_perms_set
 .text.k_thread_perms_clear
                0x000000000800a96e       0x34 zephyr/kernel/libkernel.a(userspace.c.obj)
                0x000000000800a96e                k_thread_perms_clear
 .text.z_impl_k_object_access_grant
                0x000000000800a9a2       0x16 zephyr/kernel/libkernel.a(userspace.c.obj)
                0x000000000800a9a2                z_impl_k_object_access_grant
 .text.k_object_access_all_grant
                0x000000000800a9b8       0x12 zephyr/kernel/libkernel.a(userspace.c.obj)
                0x000000000800a9b8                k_object_access_all_grant
 .text.k_object_init
                0x000000000800a9ca       0x12 zephyr/kernel/libkernel.a(userspace.c.obj)
                0x000000000800a9ca                k_object_init
 .text.k_object_uninit
                0x000000000800a9dc       0x12 zephyr/kernel/libkernel.a(userspace.c.obj)
                0x000000000800a9dc                k_object_uninit
 .text.k_heap_init
                0x000000000800a9ee       0x10 zephyr/kernel/libkernel.a(kheap.c.obj)
                0x000000000800a9ee                k_heap_init
 .text.validate_kernel_object.constprop.0
                0x000000000800a9fe       0x26 zephyr/kernel/libkernel.a(userspace_handler.c.obj)
 .text.strnlen  0x000000000800aa24       0x18 c:\users\joedo\zephyr-sdk-0.16.3\arm-zephyr-eabi\bin\../lib/gcc/../../picolibc/arm-zephyr-eabi/lib/thumb/v7e-m/nofp\libc.a(libc_string_strnlen.c.o)
                0x000000000800aa24                strnlen
 .text.__ultoa_invert
                0x000000000800aa3c       0x38 c:\users\joedo\zephyr-sdk-0.16.3\arm-zephyr-eabi\bin\../lib/gcc/../../picolibc/arm-zephyr-eabi/lib/thumb/v7e-m/nofp\libc.a(libc_tinystdio_vfiprintf.c.o)
 .text.memcpy   0x000000000800aa74       0x1c c:\users\joedo\zephyr-sdk-0.16.3\arm-zephyr-eabi\bin\../lib/gcc/../../picolibc/arm-zephyr-eabi/lib/thumb/v7e-m/nofp\libc.a(memcpy.c.o)
                0x000000000800aa74                __aeabi_memcpy
                0x000000000800aa74                __aeabi_memcpy4
                0x000000000800aa74                __aeabi_memcpy8
                0x000000000800aa74                memcpy
 .text.memset   0x000000000800aa90       0x10 c:\users\joedo\zephyr-sdk-0.16.3\arm-zephyr-eabi\bin\../lib/gcc/../../picolibc/arm-zephyr-eabi/lib/thumb/v7e-m/nofp\libc.a(memset.c.o)
                0x000000000800aa90                memset
 *(SORT_BY_ALIGNMENT(.TEXT.*))
 .TEXT.__aeabi_read_tp
                0x000000000800aaa0        0xc zephyr/arch/arch/arm/core/cortex_m/libarch__arm__core__cortex_m.a(__aeabi_read_tp.S.obj)
                0x000000000800aaa0                __aeabi_read_tp
 *(SORT_BY_ALIGNMENT(.gnu.linkonce.t.*))
 *(SORT_BY_ALIGNMENT(.glue_7t))
 .glue_7t       0x000000000800aaac        0x0 linker stubs
 *(SORT_BY_ALIGNMENT(.glue_7))
 .glue_7        0x000000000800aaac        0x0 linker stubs
 *(SORT_BY_ALIGNMENT(.vfp11_veneer))
 .vfp11_veneer  0x000000000800aaac        0x0 linker stubs
 *(SORT_BY_ALIGNMENT(.v4_bx))
 .v4_bx         0x000000000800aaac        0x0 linker stubs
                0x000000000800aaac                . = ALIGN (0x4)
                0x000000000800aaac                __text_region_end = .

.ARM.exidx      0x000000000800aaac        0x8
                0x000000000800aaac                __exidx_start = .
 *(SORT_BY_ALIGNMENT(.ARM.exidx*) SORT_BY_ALIGNMENT(gnu.linkonce.armexidx.*))
 .ARM.exidx     0x000000000800aaac        0x8 c:/users/joedo/zephyr-sdk-0.16.3/arm-zephyr-eabi/bin/../lib/gcc/arm-zephyr-eabi/12.2.0/thumb/v7e-m/nofp\libgcc.a(_udivmoddi4.o)
 .ARM.exidx     0x000000000800aab4        0x0 c:\users\joedo\zephyr-sdk-0.16.3\arm-zephyr-eabi\bin\../lib/gcc/../../picolibc/arm-zephyr-eabi/lib/thumb/v7e-m/nofp\libc.a(strcmp.S.o)
                                          0x8 (size before relaxing)
                0x000000000800aab4                __exidx_end = .
                0x000000000800aab4                __rodata_region_start = .

initlevel       0x000000000800aab4       0xc8
                0x000000000800aab4                __init_start = .
                0x000000000800aab4                __init_EARLY_start = .
 *(SORT_BY_NAME(SORT_BY_ALIGNMENT(.z_init_EARLY?_*)))
 *(SORT_BY_NAME(SORT_BY_ALIGNMENT(.z_init_EARLY??_*)))
                0x000000000800aab4                __init_PRE_KERNEL_1_start = .
 *(SORT_BY_NAME(SORT_BY_ALIGNMENT(.z_init_PRE_KERNEL_1?_*)))
 .z_init_PRE_KERNEL_10_0_
                0x000000000800aab4        0x8 zephyr/libzephyr.a(soc_m7.c.obj)
 .z_init_PRE_KERNEL_11_00008_
                0x000000000800aabc        0x8 zephyr/drivers/clock_control/libdrivers__clock_control.a(clock_stm32_ll_h7.c.obj)
 .z_init_PRE_KERNEL_11_0_
                0x000000000800aac4        0x8 zephyr/libzephyr.a(soc_config.c.obj)
 *(SORT_BY_NAME(SORT_BY_ALIGNMENT(.z_init_PRE_KERNEL_1??_*)))
 .z_init_PRE_KERNEL_130_0_
                0x000000000800aacc        0x8 zephyr/kernel/libkernel.a(kheap.c.obj)
 .z_init_PRE_KERNEL_135_00063_
                0x000000000800aad4        0x8 zephyr/drivers/reset/libdrivers__reset.a(reset_stm32.c.obj)
 .z_init_PRE_KERNEL_140_00032_
                0x000000000800aadc        0x8 zephyr/drivers/gpio/libdrivers__gpio.a(gpio_stm32.c.obj)
 .z_init_PRE_KERNEL_140_00033_
                0x000000000800aae4        0x8 zephyr/drivers/gpio/libdrivers__gpio.a(gpio_stm32.c.obj)
 .z_init_PRE_KERNEL_140_00056_
                0x000000000800aaec        0x8 zephyr/drivers/interrupt_controller/libdrivers__interrupt_controller.a(intc_exti_stm32.c.obj)
 .z_init_PRE_KERNEL_140_00095_
                0x000000000800aaf4        0x8 zephyr/drivers/gpio/libdrivers__gpio.a(gpio_stm32.c.obj)
 .z_init_PRE_KERNEL_140_00096_
                0x000000000800aafc        0x8 zephyr/drivers/gpio/libdrivers__gpio.a(gpio_stm32.c.obj)
 .z_init_PRE_KERNEL_140_00097_
                0x000000000800ab04        0x8 zephyr/drivers/gpio/libdrivers__gpio.a(gpio_stm32.c.obj)
 .z_init_PRE_KERNEL_140_00098_
                0x000000000800ab0c        0x8 zephyr/drivers/gpio/libdrivers__gpio.a(gpio_stm32.c.obj)
 .z_init_PRE_KERNEL_140_00099_
                0x000000000800ab14        0x8 zephyr/drivers/gpio/libdrivers__gpio.a(gpio_stm32.c.obj)
 .z_init_PRE_KERNEL_140_00100_
                0x000000000800ab1c        0x8 zephyr/drivers/gpio/libdrivers__gpio.a(gpio_stm32.c.obj)
 .z_init_PRE_KERNEL_140_00101_
                0x000000000800ab24        0x8 zephyr/drivers/gpio/libdrivers__gpio.a(gpio_stm32.c.obj)
 .z_init_PRE_KERNEL_140_00102_
                0x000000000800ab2c        0x8 zephyr/drivers/gpio/libdrivers__gpio.a(gpio_stm32.c.obj)
 .z_init_PRE_KERNEL_140_00103_
                0x000000000800ab34        0x8 zephyr/drivers/gpio/libdrivers__gpio.a(gpio_stm32.c.obj)
 .z_init_PRE_KERNEL_140_0_
                0x000000000800ab3c        0x8 zephyr/kernel/libkernel.a(mem_domain.c.obj)
 .z_init_PRE_KERNEL_140_0_
                0x000000000800ab44        0x8 zephyr/kernel/libkernel.a(userspace.c.obj)
 .z_init_PRE_KERNEL_155_00070_
                0x000000000800ab4c        0x8 zephyr/drivers/serial/libdrivers__serial.a(uart_stm32.c.obj)
 .z_init_PRE_KERNEL_160_0_
                0x000000000800ab54        0x8 zephyr/drivers/console/libdrivers__console.a(uart_console.c.obj)
                0x000000000800ab5c                __init_PRE_KERNEL_2_start = .
 *(SORT_BY_NAME(SORT_BY_ALIGNMENT(.z_init_PRE_KERNEL_2?_*)))
 .z_init_PRE_KERNEL_20_0_
                0x000000000800ab5c        0x8 zephyr/drivers/timer/libdrivers__timer.a(cortex_m_systick.c.obj)
 *(SORT_BY_NAME(SORT_BY_ALIGNMENT(.z_init_PRE_KERNEL_2??_*)))
                0x000000000800ab64                __init_POST_KERNEL_start = .
 *(SORT_BY_NAME(SORT_BY_ALIGNMENT(.z_init_POST_KERNEL?_*)))
 *(SORT_BY_NAME(SORT_BY_ALIGNMENT(.z_init_POST_KERNEL??_*)))
 .z_init_POST_KERNEL40_0_
                0x000000000800ab64        0x8 zephyr/lib/libc/picolibc/liblib__libc__picolibc.a(libc-hooks.c.obj)
 .z_init_POST_KERNEL40_0_
                0x000000000800ab6c        0x8 zephyr/lib/libc/common/liblib__libc__common.a(malloc.c.obj)
 .z_init_POST_KERNEL50_0_
                0x000000000800ab74        0x8 app/libapp.a(sample_driver_foo.c.obj)
                0x000000000800ab7c                __init_APPLICATION_start = .
 *(SORT_BY_NAME(SORT_BY_ALIGNMENT(.z_init_APPLICATION?_*)))
 *(SORT_BY_NAME(SORT_BY_ALIGNMENT(.z_init_APPLICATION??_*)))
                0x000000000800ab7c                __init_SMP_start = .
 *(SORT_BY_NAME(SORT_BY_ALIGNMENT(.z_init_SMP?_*)))
 *(SORT_BY_NAME(SORT_BY_ALIGNMENT(.z_init_SMP??_*)))
                0x000000000800ab7c                __init_end = .

device_area     0x000000000800ab7c      0x140
                0x000000000800ab7c                _device_list_start = .
 *(SORT_BY_NAME(SORT_BY_ALIGNMENT(._device.static.*_?_*)))
 ._device.static.1_1_
                0x000000000800ab7c       0x14 zephyr/drivers/clock_control/libdrivers__clock_control.a(clock_stm32_ll_h7.c.obj)
                0x000000000800ab7c                __device_dts_ord_8
 *(SORT_BY_NAME(SORT_BY_ALIGNMENT(._device.static.*_??_*)))
 ._device.static.1_35_
                0x000000000800ab90       0x14 zephyr/drivers/reset/libdrivers__reset.a(reset_stm32.c.obj)
                0x000000000800ab90                __device_dts_ord_63
 ._device.static.1_40_
                0x000000000800aba4       0x14 zephyr/drivers/interrupt_controller/libdrivers__interrupt_controller.a(intc_exti_stm32.c.obj)
                0x000000000800aba4                __device_dts_ord_56
 ._device.static.1_40_
                0x000000000800abb8       0xdc zephyr/drivers/gpio/libdrivers__gpio.a(gpio_stm32.c.obj)
                0x000000000800abb8                __device_dts_ord_103
                0x000000000800abcc                __device_dts_ord_102
                0x000000000800abe0                __device_dts_ord_101
                0x000000000800abf4                __device_dts_ord_100
                0x000000000800ac08                __device_dts_ord_99
                0x000000000800ac1c                __device_dts_ord_98
                0x000000000800ac30                __device_dts_ord_33
                0x000000000800ac44                __device_dts_ord_97
                0x000000000800ac58                __device_dts_ord_96
                0x000000000800ac6c                __device_dts_ord_32
                0x000000000800ac80                __device_dts_ord_95
 ._device.static.1_55_
                0x000000000800ac94       0x14 zephyr/drivers/serial/libdrivers__serial.a(uart_stm32.c.obj)
                0x000000000800ac94                __device_dts_ord_70
 ._device.static.3_50_
                0x000000000800aca8       0x14 app/libapp.a(sample_driver_foo.c.obj)
                0x000000000800acbc                _device_list_end = .

sw_isr_table    0x000000000800acbc      0x518
                0x000000000800acbc                . = ALIGN (0x4)
 *(SORT_BY_ALIGNMENT(.gnu.linkonce.sw_isr_table*))
 .gnu.linkonce.sw_isr_table
                0x000000000800acbc      0x518 zephyr/CMakeFiles/zephyr_final.dir/isr_tables.c.obj
                0x000000000800acbc                _sw_isr_table

initlevel_error
                0x000000000800aab4        0x0
 *(SORT_BY_NAME(SORT_BY_ALIGNMENT(.z_init_[_A-Z0-9]*)))
                0x0000000000000001                ASSERT ((SIZEOF (initlevel_error) == 0x0), Undefined initialization levels used.)

k_object_assignment_area
                0x000000000800b1d4        0x0
                0x000000000800b1d4                _k_object_assignment_list_start = .
 *(SORT_BY_NAME(SORT_BY_ALIGNMENT(._k_object_assignment.static.*)))
                0x000000000800b1d4                _k_object_assignment_list_end = .

app_shmem_regions
                0x000000000800b1d4       0x28
                0x000000000800b1d4                __app_shmem_regions_start = .
 *(SORT_BY_NAME(SORT_BY_ALIGNMENT(.app_regions.*)))
 .app_regions.app_a_partition
                0x000000000800b1d4        0x8 app/libapp.a(app_a.c.obj)
                0x000000000800b1d4                app_a_partition_region
 .app_regions.app_b_partition
                0x000000000800b1dc        0x8 app/libapp.a(app_b.c.obj)
                0x000000000800b1dc                app_b_partition_region
 .app_regions.shared_partition