Archive member included to satisfy reference by file (symbol)

app/libapp.a(benchmark.c.obj)
                              (--whole-archive)
zephyr/libzephyr.a(cbprintf_packaged.c.obj)
                              (--whole-archive)
zephyr/libzephyr.a(dec.c.obj)
                              (--whole-archive)
zephyr/libzephyr.a(hex.c.obj)
                              (--whole-archive)
zephyr/libzephyr.a(printk.c.obj)
                              (--whole-archive)
zephyr/libzephyr.a(rb.c.obj)  (--whole-archive)
zephyr/libzephyr.a(sem.c.obj)
                              (--whole-archive)
zephyr/libzephyr.a(thread_entry.c.obj)
                              (--whole-archive)
zephyr/libzephyr.a(timeutil.c.obj)
                              (--whole-archive)
zephyr/libzephyr.a(heap.c.obj)
                              (--whole-archive)
zephyr/libzephyr.a(heap-validate.c.obj)
                              (--whole-archive)
zephyr/libzephyr.a(bitarray.c.obj)
                              (--whole-archive)
zephyr/libzephyr.a(multi_heap.c.obj)
                              (--whole-archive)
zephyr/libzephyr.a(cbprintf_complete.c.obj)
                              (--whole-archive)
zephyr/libzephyr.a(assert.c.obj)
                              (--whole-archive)
zephyr/libzephyr.a(configs.c.obj)
                              (--whole-archive)
zephyr/libzephyr.a(soc_m7.c.obj)
                              (--whole-archive)
zephyr/libzephyr.a(mpu_regions.c.obj)
                              (--whole-archive)
zephyr/libzephyr.a(stm32cube_hal.c.obj)
                              (--whole-archive)
zephyr/libzephyr.a(soc_config.c.obj)
                              (--whole-archive)
zephyr/libzephyr.a(log_minimal.c.obj)
                              (--whole-archive)
zephyr/libzephyr.a(mem_attr.c.obj)
                              (--whole-archive)
zephyr/libzephyr.a(tracing_none.c.obj)
                              (--whole-archive)
zephyr/arch/common/libarch__common.a(sw_isr_common.c.obj)
                              (--whole-archive)
zephyr/arch/arch/arm/core/libarch__arm__core.a(fatal.c.obj)
                              (--whole-archive)
zephyr/arch/arch/arm/core/libarch__arm__core.a(nmi.c.obj)
                              (--whole-archive)
zephyr/arch/arch/arm/core/libarch__arm__core.a(nmi_on_reset.S.obj)
                              (--whole-archive)
zephyr/arch/arch/arm/core/libarch__arm__core.a(tls.c.obj)
                              (--whole-archive)
zephyr/arch/arch/arm/core/cortex_m/libarch__arm__core__cortex_m.a(exc_exit.S.obj)
                              (--whole-archive)
zephyr/arch/arch/arm/core/cortex_m/libarch__arm__core__cortex_m.a(fault.c.obj)
                              (--whole-archive)
zephyr/arch/arch/arm/core/cortex_m/libarch__arm__core__cortex_m.a(fault_s.S.obj)
                              (--whole-archive)
zephyr/arch/arch/arm/core/cortex_m/libarch__arm__core__cortex_m.a(fpu.c.obj)
                              (--whole-archive)
zephyr/arch/arch/arm/core/cortex_m/libarch__arm__core__cortex_m.a(reset.S.obj)
                              (--whole-archive)
zephyr/arch/arch/arm/core/cortex_m/libarch__arm__core__cortex_m.a(scb.c.obj)
                              (--whole-archive)
zephyr/arch/arch/arm/core/cortex_m/libarch__arm__core__cortex_m.a(thread_abort.c.obj)
                              (--whole-archive)
zephyr/arch/arch/arm/core/cortex_m/libarch__arm__core__cortex_m.a(vector_table.S.obj)
                              (--whole-archive)
zephyr/arch/arch/arm/core/cortex_m/libarch__arm__core__cortex_m.a(swap.c.obj)
                              (--whole-archive)
zephyr/arch/arch/arm/core/cortex_m/libarch__arm__core__cortex_m.a(swap_helper.S.obj)
                              (--whole-archive)
zephyr/arch/arch/arm/core/cortex_m/libarch__arm__core__cortex_m.a(irq_manage.c.obj)
                              (--whole-archive)
zephyr/arch/arch/arm/core/cortex_m/libarch__arm__core__cortex_m.a(prep_c.c.obj)
                              (--whole-archive)
zephyr/arch/arch/arm/core/cortex_m/libarch__arm__core__cortex_m.a(thread.c.obj)
                              (--whole-archive)
zephyr/arch/arch/arm/core/cortex_m/libarch__arm__core__cortex_m.a(cpu_idle.S.obj)
                              (--whole-archive)
zephyr/arch/arch/arm/core/cortex_m/libarch__arm__core__cortex_m.a(irq_init.c.obj)
                              (--whole-archive)
zephyr/arch/arch/arm/core/cortex_m/libarch__arm__core__cortex_m.a(isr_wrapper.S.obj)
                              (--whole-archive)
zephyr/arch/arch/arm/core/cortex_m/libarch__arm__core__cortex_m.a(__aeabi_read_tp.S.obj)
                              (--whole-archive)
zephyr/arch/arch/arm/core/mpu/libarch__arm__core__mpu.a(arm_core_mpu.c.obj)
                              (--whole-archive)
zephyr/arch/arch/arm/core/mpu/libarch__arm__core__mpu.a(arm_mpu.c.obj)
                              (--whole-archive)
[...]
Memory Configuration

Name             Origin             Length             Attributes
FLASH            0x0000000008000000 0x0000000000100000 xr
RAM              0x0000000024000000 0x0000000000050000 xw
QSPI             0x0000000090000000 0x0000000010000000
SRAM1            0x0000000030000000 0x0000000000004000
SRAM2            0x0000000030004000 0x0000000000004000
SRAM4            0x0000000038000000 0x0000000000004000
DTCM             0x0000000020000000 0x0000000000020000
ITCM             0x0000000000000000 0x0000000000010000
IDT_LIST         0x00000000fffff7ff 0x0000000000000800 xw
*default*        0x0000000000000000 0xffffffffffffffff

Linker script and memory map

                0x0000000008002fb8                vfprintf = __i_vfprintf
                0x0000000000000000                vfscanf = __i_vfscanf
LOAD zephyr/CMakeFiles/zephyr_final.dir/misc/empty_file.c.obj
LOAD zephyr/CMakeFiles/zephyr_final.dir/isr_tables.c.obj
LOAD zephyr/CMakeFiles/offsets.dir/./arch/arm/core/offsets/offsets.c.obj
LOAD app/libapp.a
LOAD zephyr/libzephyr.a
LOAD zephyr/arch/common/libarch__common.a
LOAD zephyr/arch/arch/arm/core/libarch__arm__core.a
LOAD zephyr/arch/arch/arm/core/cortex_m/libarch__arm__core__cortex_m.a
LOAD zephyr/arch/arch/arm/core/mpu/libarch__arm__core__mpu.a
LOAD zephyr/lib/libc/picolibc/liblib__libc__picolibc.a
LOAD zephyr/lib/libc/common/liblib__libc__common.a
LOAD zephyr/subsys/zbus/libsubsys__zbus.a
LOAD zephyr/drivers/interrupt_controller/libdrivers__interrupt_controller.a
LOAD zephyr/drivers/clock_control/libdrivers__clock_control.a
LOAD zephyr/drivers/console/libdrivers__console.a
LOAD zephyr/drivers/gpio/libdrivers__gpio.a
LOAD zephyr/drivers/pinctrl/libdrivers__pinctrl.a
LOAD zephyr/drivers/reset/libdrivers__reset.a
LOAD zephyr/drivers/serial/libdrivers__serial.a
LOAD zephyr/drivers/timer/libdrivers__timer.a
LOAD modules/stm32/stm32cube/lib..__modules__hal__stm32__stm32cube.a
LOAD zephyr/kernel/libkernel.a
LOAD c:/users/joedo/zephyr-sdk-0.16.3/arm-zephyr-eabi/bin/../lib/gcc/arm-zephyr-eabi/12.2.0/thumb/v7e-m/nofp\libgcc.a
LOAD zephyr/arch/common/libisr_tables.a
LOAD c:\users\joedo\zephyr-sdk-0.16.3\arm-zephyr-eabi\bin\../lib/gcc/../../picolibc/arm-zephyr-eabi/lib/thumb/v7e-m/nofp\libc.a
LOAD c:/users/joedo/zephyr-sdk-0.16.3/arm-zephyr-eabi/bin/../lib/gcc/arm-zephyr-eabi/12.2.0/thumb/v7e-m/nofp\libgcc.a
                0x0000000000000020                _region_min_align = 0x20

.rel.plt        0x0000000008000000        0x0
 *(SORT_BY_ALIGNMENT(.rel.plt))
                [!provide]                        PROVIDE (__rel_iplt_start = .)
 *(SORT_BY_ALIGNMENT(.rel.iplt))
 .rel.iplt      0x0000000008000000        0x0 zephyr/CMakeFiles/zephyr_final.dir/isr_tables.c.obj
                [!provide]                        PROVIDE (__rel_iplt_end = .)

.rela.plt       0x0000000000000000        0x0
 *(SORT_BY_ALIGNMENT(.rela.plt))
                [!provide]                        PROVIDE (__rela_iplt_start = .)
 *(SORT_BY_ALIGNMENT(.rela.iplt))
                [!provide]                        PROVIDE (__rela_iplt_end = .)

.rel.dyn
 *(SORT_BY_ALIGNMENT(.rel.*))

.rela.dyn
 *(SORT_BY_ALIGNMENT(.rela.*))

/DISCARD/
 *(SORT_BY_ALIGNMENT(.plt))

/DISCARD/
 *(SORT_BY_ALIGNMENT(.iplt))
                0x0000000008000000                __rom_region_start = 0x8000000

rom_start       0x0000000008000000      0x2cc
                0x0000000008000000                __rom_start_address = .
 FILL mask 0x00
                0x0000000008000000                . = (. + (0x0 - (. - __rom_start_address)))
                0x0000000008000000                . = ALIGN (0x4)
                0x0000000008000000                . = ALIGN (0x80)
                0x0000000008000000                . = ALIGN (0x400)
                0x0000000008000000                _vector_start = .
 *(SORT_BY_ALIGNMENT(.exc_vector_table))
 *(SORT_BY_ALIGNMENT(.exc_vector_table.*))
 .exc_vector_table._vector_table_section
                0x0000000008000000       0x40 zephyr/arch/arch/arm/core/cortex_m/libarch__arm__core__cortex_m.a(vector_table.S.obj)
                0x0000000008000000                _vector_table
 *(SORT_BY_ALIGNMENT(.vectors))
                0x00000000080002cc                _vector_end = .
                0x0000000008000040                . = ALIGN (0x4)
 *(SORT_BY_ALIGNMENT(.gnu.linkonce.irq_vector_table*))
 .gnu.linkonce.irq_vector_table
                0x0000000008000040      0x28c zephyr/CMakeFiles/zephyr_final.dir/isr_tables.c.obj
                0x0000000008000040                _irq_vector_table
                0x00000000080002cc                _vector_end = .

text            0x00000000080002d0     0x3ce8
                0x00000000080002d0                __text_region_start = .
 *(SORT_BY_ALIGNMENT(.text))
 .text          0x00000000080002d0       0x30 c:/users/joedo/zephyr-sdk-0.16.3/arm-zephyr-eabi/bin/../lib/gcc/arm-zephyr-eabi/12.2.0/thumb/v7e-m/nofp\libgcc.a(_aeabi_uldivmod.o)
                0x00000000080002d0                __aeabi_uldivmod
 .text          0x0000000008000300        0x4 c:/users/joedo/zephyr-sdk-0.16.3/arm-zephyr-eabi/bin/../lib/gcc/arm-zephyr-eabi/12.2.0/thumb/v7e-m/nofp\libgcc.a(_dvmd_tls.o)
                0x0000000008000300                __aeabi_idiv0
                0x0000000008000300                __aeabi_ldiv0
 .text          0x0000000008000304      0x2a0 c:/users/joedo/zephyr-sdk-0.16.3/arm-zephyr-eabi/bin/../lib/gcc/arm-zephyr-eabi/12.2.0/thumb/v7e-m/nofp\libgcc.a(_udivmoddi4.o)
                0x0000000008000304                __udivmoddi4
 *(SORT_BY_ALIGNMENT(.text.*))
 *fill*         0x00000000080005a4        0x4 
 .text.producer_thread
                0x00000000080005a8      0x12c app/libapp.a(benchmark.c.obj)
 .text.s_cb     0x00000000080006d4       0x10 app/libapp.a(benchmark.c.obj)
 .text.char_out
                0x00000000080006e4        0xc zephyr/libzephyr.a(printk.c.obj)
 .text.__printk_hook_install
                0x00000000080006f0        0xc zephyr/libzephyr.a(printk.c.obj)
                0x00000000080006f0                __printk_hook_install
 .text.vprintk  0x00000000080006fc       0x30 zephyr/libzephyr.a(printk.c.obj)
                0x00000000080006fc                vprintk
 .text.z_thread_entry
                0x000000000800072c       0x34 zephyr/libzephyr.a(thread_entry.c.obj)
                0x000000000800072c                z_thread_entry
 .text.stm32h7_init
                0x0000000008000760       0xe4 zephyr/libzephyr.a(soc_m7.c.obj)
 .text.mem_attr_get_regions
                0x0000000008000844        0xc zephyr/libzephyr.a(mem_attr.c.obj)
                0x0000000008000844                mem_attr_get_regions
 .text.z_arm_fatal_error
                0x0000000008000850       0x5c zephyr/arch/arch/arm/core/libarch__arm__core.a(fatal.c.obj)
                0x0000000008000850                z_arm_fatal_error
 .text.z_SysNmiOnReset
                0x00000000080008ac        0x8 zephyr/arch/arch/arm/core/libarch__arm__core.a(nmi_on_reset.S.obj)
                0x00000000080008ac                z_SysNmiOnReset
 .text.arch_tls_stack_setup
                0x00000000080008b4       0x5c zephyr/arch/arch/arm/core/libarch__arm__core.a(tls.c.obj)
                0x00000000080008b4                arch_tls_stack_setup
 .text._HandlerModeExit
                0x0000000008000910       0x1c zephyr/arch/arch/arm/core/cortex_m/libarch__arm__core__cortex_m.a(exc_exit.S.obj)
                0x0000000008000910                z_arm_int_exit
                0x0000000008000910                z_arm_exc_exit
 .text.mem_manage_fault
                0x000000000800092c      0x100 zephyr/arch/arch/arm/core/cortex_m/libarch__arm__core__cortex_m.a(fault.c.obj)
 .text.usage_fault.constprop.0
                0x0000000008000a2c       0xa4 zephyr/arch/arch/arm/core/cortex_m/libarch__arm__core__cortex_m.a(fault.c.obj)
 .text.bus_fault.constprop.0
                0x0000000008000ad0       0xc8 zephyr/arch/arch/arm/core/cortex_m/libarch__arm__core__cortex_m.a(fault.c.obj)
 .text.z_arm_fault
                0x0000000008000b98      0x1b4 zephyr/arch/arch/arm/core/cortex_m/libarch__arm__core__cortex_m.a(fault.c.obj)
                0x0000000008000b98                z_arm_fault
 .text.z_arm_fault_init
                0x0000000008000d4c       0x10 zephyr/arch/arch/arm/core/cortex_m/libarch__arm__core__cortex_m.a(fault.c.obj)
                0x0000000008000d4c                z_arm_fault_init
 .text.__fault  0x0000000008000d5c       0x14 zephyr/arch/arch/arm/core/cortex_m/libarch__arm__core__cortex_m.a(fault_s.S.obj)
                0x0000000008000d5c                z_arm_usage_fault
                0x0000000008000d5c                z_arm_mpu_fault
                0x0000000008000d5c                z_arm_exc_spurious
                0x0000000008000d5c                z_arm_debug_monitor
                0x0000000008000d5c                z_arm_hard_fault
                0x0000000008000d5c                z_arm_bus_fault
 .text._reset_section
                0x0000000008000d70       0x2c zephyr/arch/arch/arm/core/cortex_m/libarch__arm__core__cortex_m.a(reset.S.obj)
                0x0000000008000d70                __start
                0x0000000008000d70                z_arm_reset
 .text.z_impl_k_thread_abort
                0x0000000008000d9c       0x2c zephyr/arch/arch/arm/core/cortex_m/libarch__arm__core__cortex_m.a(thread_abort.c.obj)
                0x0000000008000d9c                z_impl_k_thread_abort
 .text.arch_swap
                0x0000000008000dc8       0x30 zephyr/arch/arch/arm/core/cortex_m/libarch__arm__core__cortex_m.a(swap.c.obj)
                0x0000000008000dc8                arch_swap
 .text.z_arm_pendsv
                0x0000000008000df8       0x64 zephyr/arch/arch/arm/core/cortex_m/libarch__arm__core__cortex_m.a(swap_helper.S.obj)
                0x0000000008000df8                z_arm_pendsv
 .text.z_arm_svc
                0x0000000008000e5c       0x20 zephyr/arch/arch/arm/core/cortex_m/libarch__arm__core__cortex_m.a(swap_helper.S.obj)
                0x0000000008000e5c                z_arm_svc
 .text.arch_irq_enable
                0x0000000008000e7c       0x1c zephyr/arch/arch/arm/core/cortex_m/libarch__arm__core__cortex_m.a(irq_manage.c.obj)
                0x0000000008000e7c                arch_irq_enable
 .text.z_arm_irq_priority_set
                0x0000000008000e98       0x2c zephyr/arch/arch/arm/core/cortex_m/libarch__arm__core__cortex_m.a(irq_manage.c.obj)
                0x0000000008000e98                z_arm_irq_priority_set
 .text.z_arm_prep_c
                0x0000000008000ec4       0x48 zephyr/arch/arch/arm/core/cortex_m/libarch__arm__core__cortex_m.a(prep_c.c.obj)
                0x0000000008000ec4                z_arm_prep_c
 .text.arch_new_thread
                0x0000000008000f0c       0x2c zephyr/arch/arch/arm/core/cortex_m/libarch__arm__core__cortex_m.a(thread.c.obj)
                0x0000000008000f0c                arch_new_thread
 .text.z_check_thread_stack_fail
                0x0000000008000f38       0x2c zephyr/arch/arch/arm/core/cortex_m/libarch__arm__core__cortex_m.a(thread.c.obj)
                0x0000000008000f38                z_check_thread_stack_fail
 .text.arch_switch_to_main_thread
                0x0000000008000f64       0x38 zephyr/arch/arch/arm/core/cortex_m/libarch__arm__core__cortex_m.a(thread.c.obj)
                0x0000000008000f64                arch_switch_to_main_thread
 .text.z_arm_cpu_idle_init
                0x0000000008000f9c        0xc zephyr/arch/arch/arm/core/cortex_m/libarch__arm__core__cortex_m.a(cpu_idle.S.obj)
                0x0000000008000f9c                z_arm_cpu_idle_init
 .text.arch_cpu_idle
                0x0000000008000fa8       0x1c zephyr/arch/arch/arm/core/cortex_m/libarch__arm__core__cortex_m.a(cpu_idle.S.obj)
                0x0000000008000fa8                arch_cpu_idle
 .text.z_arm_interrupt_init
                0x0000000008000fc4       0x18 zephyr/arch/arch/arm/core/cortex_m/libarch__arm__core__cortex_m.a(irq_init.c.obj)
                0x0000000008000fc4                z_arm_interrupt_init
 .text._isr_wrapper
                0x0000000008000fdc       0x28 zephyr/arch/arch/arm/core/cortex_m/libarch__arm__core__cortex_m.a(isr_wrapper.S.obj)
                0x0000000008000fdc                _isr_wrapper
 .text.z_arm_configure_static_mpu_regions
                0x0000000008001004       0x18 zephyr/arch/arch/arm/core/mpu/libarch__arm__core__mpu.a(arm_core_mpu.c.obj)
                0x0000000008001004                z_arm_configure_static_mpu_regions
 .text.z_arm_configure_dynamic_mpu_regions
                0x000000000800101c       0x20 zephyr/arch/arch/arm/core/mpu/libarch__arm__core__mpu.a(arm_core_mpu.c.obj)
                0x000000000800101c                z_arm_configure_dynamic_mpu_regions
 .text.region_init
                0x000000000800103c       0x28 zephyr/arch/arch/arm/core/mpu/libarch__arm__core__mpu.a(arm_mpu.c.obj)
 .text.mpu_configure_regions
                0x0000000008001064       0x78 zephyr/arch/arch/arm/core/mpu/libarch__arm__core__mpu.a(arm_mpu.c.obj)
 .text.arm_core_mpu_enable
                0x00000000080010dc       0x18 zephyr/arch/arch/arm/core/mpu/libarch__arm__core__mpu.a(arm_mpu.c.obj)
                0x00000000080010dc                arm_core_mpu_enable
 .text.arm_core_mpu_disable
                0x00000000080010f4       0x14 zephyr/arch/arch/arm/core/mpu/libarch__arm__core__mpu.a(arm_mpu.c.obj)
                0x00000000080010f4                arm_core_mpu_disable
 .text.arm_core_mpu_configure_static_mpu_regions
                0x0000000008001108       0x14 zephyr/arch/arch/arm/core/mpu/libarch__arm__core__mpu.a(arm_mpu.c.obj)
                0x0000000008001108                arm_core_mpu_configure_static_mpu_regions
 .text.arm_core_mpu_configure_dynamic_mpu_regions
                0x000000000800111c       0x30 zephyr/arch/arch/arm/core/mpu/libarch__arm__core__mpu.a(arm_mpu.c.obj)
                0x000000000800111c                arm_core_mpu_configure_dynamic_mpu_regions
 .text.z_arm_mpu_init
                0x000000000800114c      0x140 zephyr/arch/arch/arm/core/mpu/libarch__arm__core__mpu.a(arm_mpu.c.obj)
                0x000000000800114c                z_arm_mpu_init
 .text.z_impl_zephyr_fputc
                0x000000000800128c       0x10 zephyr/lib/libc/picolibc/liblib__libc__picolibc.a(libc-hooks.c.obj)
                0x000000000800128c                z_impl_zephyr_fputc
 .text.__stdout_hook_install
                0x000000000800129c       0x18 zephyr/lib/libc/picolibc/liblib__libc__picolibc.a(libc-hooks.c.obj)
                0x000000000800129c                __stdout_hook_install
 .text.malloc_prepare
                0x00000000080012b4       0x24 zephyr/lib/libc/common/liblib__libc__common.a(malloc.c.obj)
 .text._zbus_vded_exec
                0x00000000080012d8       0x9c zephyr/subsys/zbus/libsubsys__zbus.a(zbus.c.obj)
 .text._zbus_init
                0x0000000008001374       0x64 zephyr/subsys/zbus/libsubsys__zbus.a(zbus.c.obj)
                0x0000000008001374                _zbus_init
 .text.stm32_exti_isr
                0x00000000080013d8       0x50 zephyr/drivers/interrupt_controller/libdrivers__interrupt_controller.a(intc_exti_stm32.c.obj)
 .text.stm32_fill_irq_table
                0x0000000008001428       0x18 zephyr/drivers/interrupt_controller/libdrivers__interrupt_controller.a(intc_exti_stm32.c.obj)
 .text.stm32_exti_enable
                0x0000000008001440       0x28 zephyr/drivers/interrupt_controller/libdrivers__interrupt_controller.a(intc_exti_stm32.c.obj)
                0x0000000008001440                stm32_exti_enable
 .text.stm32_exti_set_callback
                0x0000000008001468       0x30 zephyr/drivers/interrupt_controller/libdrivers__interrupt_controller.a(intc_exti_stm32.c.obj)
                0x0000000008001468                stm32_exti_set_callback
 .text.stm32_exti_unset_callback
                0x0000000008001498       0x14 zephyr/drivers/interrupt_controller/libdrivers__interrupt_controller.a(intc_exti_stm32.c.obj)
                0x0000000008001498                stm32_exti_unset_callback
 .text.get_pllsrc_frequency
                0x00000000080014ac       0x18 zephyr/drivers/clock_control/libdrivers__clock_control.a(clock_stm32_ll_h7.c.obj)
 .text.get_hclk_frequency
                0x00000000080014c4       0x30 zephyr/drivers/clock_control/libdrivers__clock_control.a(clock_stm32_ll_h7.c.obj)
 .text.stm32_clock_control_configure
                0x00000000080014f4       0x5c zephyr/drivers/clock_control/libdrivers__clock_control.a(clock_stm32_ll_h7.c.obj)
 .text.stm32_clock_control_get_subsys_rate
                0x0000000008001550       0x68 zephyr/drivers/clock_control/libdrivers__clock_control.a(clock_stm32_ll_h7.c.obj)
 .text.stm32_clock_control_init
                0x00000000080015b8      0x1cc zephyr/drivers/clock_control/libdrivers__clock_control.a(clock_stm32_ll_h7.c.obj)
                0x00000000080015b8                stm32_clock_control_init
 .text.uart_console_init
                0x0000000008001784       0x28 zephyr/drivers/console/libdrivers__console.a(uart_console.c.obj)
 .text.console_out
                0x00000000080017ac       0x28 zephyr/drivers/console/libdrivers__console.a(uart_console.c.obj)
 .text.gpio_stm32_init
                0x00000000080017d4       0x30 zephyr/drivers/gpio/libdrivers__gpio.a(gpio_stm32.c.obj)
 .text.gpio_stm32_pin_interrupt_configure
                0x0000000008001804      0x110 zephyr/drivers/gpio/libdrivers__gpio.a(gpio_stm32.c.obj)
 .text.pinctrl_configure_pins
                0x0000000008001914       0x84 zephyr/drivers/pinctrl/libdrivers__pinctrl.a(pinctrl_stm32.c.obj)
                0x0000000008001914                pinctrl_configure_pins
 .text.uart_stm32_set_baudrate
                0x0000000008001998       0x4c zephyr/drivers/serial/libdrivers__serial.a(uart_stm32.c.obj)
 .text.uart_stm32_parameters_set
                0x00000000080019e4      0x134 zephyr/drivers/serial/libdrivers__serial.a(uart_stm32.c.obj)
 .text.uart_stm32_init
                0x0000000008001b18      0x1b8 zephyr/drivers/serial/libdrivers__serial.a(uart_stm32.c.obj)
 .text.uart_stm32_configure
                0x0000000008001cd0      0x18c zephyr/drivers/serial/libdrivers__serial.a(uart_stm32.c.obj)
 .text.elapsed  0x0000000008001e5c       0x4c zephyr/drivers/timer/libdrivers__timer.a(cortex_m_systick.c.obj)
 .text.sys_clock_driver_init
                0x0000000008001ea8       0x38 zephyr/drivers/timer/libdrivers__timer.a(cortex_m_systick.c.obj)
 .text.sys_clock_isr
                0x0000000008001ee0       0x54 zephyr/drivers/timer/libdrivers__timer.a(cortex_m_systick.c.obj)
                0x0000000008001ee0                sys_clock_isr
 .text.sys_clock_set_timeout
                0x0000000008001f34       0xfc zephyr/drivers/timer/libdrivers__timer.a(cortex_m_systick.c.obj)
                0x0000000008001f34                sys_clock_set_timeout
 .text.sys_clock_elapsed
                0x0000000008002030       0x3c zephyr/drivers/timer/libdrivers__timer.a(cortex_m_systick.c.obj)
                0x0000000008002030                sys_clock_elapsed
 .text.sys_clock_cycle_get_32
                0x000000000800206c       0x2c zephyr/drivers/timer/libdrivers__timer.a(cortex_m_systick.c.obj)
                0x000000000800206c                sys_clock_cycle_get_32
 .text.HAL_DBGMCU_DisableDBGStopMode
                0x0000000008002098       0x10 modules/stm32/stm32cube/lib..__modules__hal__stm32__stm32cube.a(stm32h7xx_hal.c.obj)
                0x0000000008002098                HAL_DBGMCU_DisableDBGStopMode
 .text.LL_SetFlashLatency
                0x00000000080020a8      0x198 modules/stm32/stm32cube/lib..__modules__hal__stm32__stm32cube.a(stm32h7xx_ll_utils.c.obj)
                0x00000000080020a8                LL_SetFlashLatency
 .text.k_sys_fatal_error_handler
                0x0000000008002240       0x18 zephyr/kernel/libkernel.a(fatal.c.obj)
                0x0000000008002240                k_sys_fatal_error_handler
 .text.z_fatal_error
                0x0000000008002258       0xa0 zephyr/kernel/libkernel.a(fatal.c.obj)
                0x0000000008002258                z_fatal_error
 .text.z_sys_init_run_level
                0x00000000080022f8       0x48 zephyr/kernel/libkernel.a(init.c.obj)
 .text.bg_thread_main
                0x0000000008002340       0x34 zephyr/kernel/libkernel.a(init.c.obj)
 .text.z_bss_zero
                0x0000000008002374       0x18 zephyr/kernel/libkernel.a(init.c.obj)
                0x0000000008002374                z_bss_zero
 .text.z_init_cpu
                0x000000000800238c       0x8c zephyr/kernel/libkernel.a(init.c.obj)
                0x000000000800238c                z_init_cpu
 .text.z_cstart
                0x0000000008002418       0xd0 zephyr/kernel/libkernel.a(init.c.obj)
                0x0000000008002418                z_cstart
 .text.z_setup_new_thread
                0x00000000080024e8       0x80 zephyr/kernel/libkernel.a(thread.c.obj)
                0x00000000080024e8                z_setup_new_thread
 .text.z_init_static_threads
                0x0000000008002568       0x94 zephyr/kernel/libkernel.a(thread.c.obj)
                0x0000000008002568                z_init_static_threads
 .text.z_impl_k_msgq_put
                0x00000000080025fc       0xa0 zephyr/kernel/libkernel.a(msg_q.c.obj)
                0x00000000080025fc                z_impl_k_msgq_put
 .text.z_impl_k_mutex_lock
                0x000000000800269c       0xf4 zephyr/kernel/libkernel.a(mutex.c.obj)
                0x000000000800269c                z_impl_k_mutex_lock
 .text.z_impl_k_mutex_unlock
                0x0000000008002790       0x78 zephyr/kernel/libkernel.a(mutex.c.obj)
                0x0000000008002790                z_impl_k_mutex_unlock
 .text.sliceable
                0x0000000008002808       0x3c zephyr/kernel/libkernel.a(sched.c.obj)
 .text.slice_timeout
                0x0000000008002844       0x20 zephyr/kernel/libkernel.a(sched.c.obj)
 .text.z_reset_time_slice
                0x0000000008002864       0x50 zephyr/kernel/libkernel.a(sched.c.obj)
                0x0000000008002864                z_reset_time_slice
 .text.update_cache
                0x00000000080028b4       0x3c zephyr/kernel/libkernel.a(sched.c.obj)
 .text.move_thread_to_end_of_prio_q
                0x00000000080028f0       0x74 zephyr/kernel/libkernel.a(sched.c.obj)
 .text.ready_thread
                0x0000000008002964       0x68 zephyr/kernel/libkernel.a(sched.c.obj)
 .text.unready_thread
                0x00000000080029cc       0x30 zephyr/kernel/libkernel.a(sched.c.obj)
 .text.pend_locked
                0x00000000080029fc       0x30 zephyr/kernel/libkernel.a(sched.c.obj)
 .text.z_thread_halt
                0x0000000008002a2c       0xa0 zephyr/kernel/libkernel.a(sched.c.obj)
 .text.z_time_slice
                0x0000000008002acc       0x60 zephyr/kernel/libkernel.a(sched.c.obj)
                0x0000000008002acc                z_time_slice
 .text.z_pend_curr
                0x0000000008002b2c       0x3c zephyr/kernel/libkernel.a(sched.c.obj)
                0x0000000008002b2c                z_pend_curr
 .text.z_set_prio
                0x0000000008002b68       0x8c zephyr/kernel/libkernel.a(sched.c.obj)
                0x0000000008002b68                z_set_prio
 .text.z_reschedule
                0x0000000008002bf4       0x24 zephyr/kernel/libkernel.a(sched.c.obj)
                0x0000000008002bf4                z_reschedule
 .text.z_sched_start
                0x0000000008002c18       0x3c zephyr/kernel/libkernel.a(sched.c.obj)
                0x0000000008002c18                z_sched_start
 .text.k_sched_lock
                0x0000000008002c54       0x28 zephyr/kernel/libkernel.a(sched.c.obj)
                0x0000000008002c54                k_sched_lock
 .text.k_sched_unlock
                0x0000000008002c7c       0x38 zephyr/kernel/libkernel.a(sched.c.obj)
                0x0000000008002c7c                k_sched_unlock
 .text.z_sched_init
                0x0000000008002cb4       0x10 zephyr/kernel/libkernel.a(sched.c.obj)
                0x0000000008002cb4                z_sched_init
 .text.z_impl_k_sched_current_thread_query
                0x0000000008002cc4        0xc zephyr/kernel/libkernel.a(sched.c.obj)
                0x0000000008002cc4                z_impl_k_sched_current_thread_query
 .text.z_data_copy
                0x0000000008002cd0       0x34 zephyr/kernel/libkernel.a(xip.c.obj)
                0x0000000008002cd0                z_data_copy
 .text.elapsed  0x0000000008002d04       0x14 zephyr/kernel/libkernel.a(timeout.c.obj)
 .text.next_timeout
                0x0000000008002d18       0x40 zephyr/kernel/libkernel.a(timeout.c.obj)
 .text.remove_timeout
                0x0000000008002d58       0x38 zephyr/kernel/libkernel.a(timeout.c.obj)
 .text.z_add_timeout
                0x0000000008002d90       0xec zephyr/kernel/libkernel.a(timeout.c.obj)
                0x0000000008002d90                z_add_timeout
 .text.sys_clock_announce
                0x0000000008002e7c       0xd8 zephyr/kernel/libkernel.a(timeout.c.obj)
                0x0000000008002e7c                sys_clock_announce
 .text.sys_clock_tick_get
                0x0000000008002f54       0x34 zephyr/kernel/libkernel.a(timeout.c.obj)
                0x0000000008002f54                sys_clock_tick_get
 .text.boot_banner
                0x0000000008002f88        0xc zephyr/kernel/libkernel.a(banner.c.obj)
                0x0000000008002f88                boot_banner
 .text.statics_init
                0x0000000008002f94       0x24 zephyr/kernel/libkernel.a(kheap.c.obj)
 .text.__i_vfprintf
                0x0000000008002fb8      0x490 c:\users\joedo\zephyr-sdk-0.16.3\arm-zephyr-eabi\bin\../lib/gcc/../../picolibc/arm-zephyr-eabi/lib/thumb/v7e-m/nofp\libc.a(libc_tinystdio_vfiprintf.c.o)
                0x0000000008002fb8                __i_vfprintf
 .text._OffsetAbsSyms
                0x0000000008003448        0x2 zephyr/CMakeFiles/offsets.dir/./arch/arm/core/offsets/offsets.c.obj
                0x0000000008003448                _OffsetAbsSyms
 .text.arch_printk_char_out
                0x000000000800344a        0x4 zephyr/libzephyr.a(printk.c.obj)
                0x000000000800344a                arch_printk_char_out
 .text.printk   0x000000000800344e       0x1a zephyr/libzephyr.a(printk.c.obj)
                0x000000000800344e                printk
 .text.chunk_field
                0x0000000008003468       0x16 zephyr/libzephyr.a(heap.c.obj)
 .text.chunk_set
                0x000000000800347e       0x16 zephyr/libzephyr.a(heap.c.obj)
 .text.chunk_size
                0x0000000008003494        0xc zephyr/libzephyr.a(heap.c.obj)
 .text.set_chunk_used
                0x00000000080034a0       0x30 zephyr/libzephyr.a(heap.c.obj)
 .text.set_chunk_size
                0x00000000080034d0        0x8 zephyr/libzephyr.a(heap.c.obj)
 .text.bucket_idx.isra.0
                0x00000000080034d8       0x1e zephyr/libzephyr.a(heap.c.obj)
 .text.free_list_add
                0x00000000080034f6       0x84 zephyr/libzephyr.a(heap.c.obj)
 .text.sys_heap_init
                0x000000000800357a       0xb0 zephyr/libzephyr.a(heap.c.obj)
                0x000000000800357a                sys_heap_init
 .text._ConfigAbsSyms
                0x000000000800362a        0x2 zephyr/libzephyr.a(configs.c.obj)
                0x000000000800362a                _ConfigAbsSyms
 .text.st_stm32_common_config
                0x000000000800362c        0xa zephyr/libzephyr.a(soc_config.c.obj)
 .text.z_log_minimal_printk
                0x0000000008003636       0x1a zephyr/libzephyr.a(log_minimal.c.obj)
                0x0000000008003636                z_log_minimal_printk
 .text.z_do_kernel_oops
                0x0000000008003650        0x8 zephyr/arch/arch/arm/core/libarch__arm__core.a(fatal.c.obj)
                0x0000000008003650                z_do_kernel_oops
 .text.z_arm_nmi
                0x0000000008003658        0xe zephyr/arch/arch/arm/core/libarch__arm__core.a(nmi.c.obj)
                0x0000000008003658                z_arm_nmi
 .text.z_irq_spurious
                0x0000000008003666        0x8 zephyr/arch/arch/arm/core/cortex_m/libarch__arm__core__cortex_m.a(irq_manage.c.obj)
                0x0000000008003666                z_irq_spurious
 .text.size_to_mpu_rasr_size
                0x000000000800366e       0x20 zephyr/arch/arch/arm/core/mpu/libarch__arm__core__mpu.a(arm_mpu.c.obj)
 .text.picolibc_put
                0x000000000800368e        0xa zephyr/lib/libc/picolibc/liblib__libc__picolibc.a(libc-hooks.c.obj)
 .text.zbus_chan_pub
                0x0000000008003698       0x62 zephyr/subsys/zbus/libsubsys__zbus.a(zbus.c.obj)
                0x0000000008003698                zbus_chan_pub
 .text.stm32_exti_init
                0x00000000080036fa       0x92 zephyr/drivers/interrupt_controller/libdrivers__interrupt_controller.a(intc_exti_stm32.c.obj)
 .text.stm32_exti_disable
                0x000000000800378c       0x1a zephyr/drivers/interrupt_controller/libdrivers__interrupt_controller.a(intc_exti_stm32.c.obj)
                0x000000000800378c                stm32_exti_disable
 .text.stm32_exti_trigger
                0x00000000080037a6       0x64 zephyr/drivers/interrupt_controller/libdrivers__interrupt_controller.a(intc_exti_stm32.c.obj)
                0x00000000080037a6                stm32_exti_trigger
 .text.stm32_clock_control_on
                0x000000000800380a       0x24 zephyr/drivers/clock_control/libdrivers__clock_control.a(clock_stm32_ll_h7.c.obj)
 .text.stm32_clock_control_off
                0x000000000800382e       0x26 zephyr/drivers/clock_control/libdrivers__clock_control.a(clock_stm32_ll_h7.c.obj)
 .text.gpio_stm32_port_get_raw
                0x0000000008003854        0xc zephyr/drivers/gpio/libdrivers__gpio.a(gpio_stm32.c.obj)
 .text.gpio_stm32_port_set_masked_raw
                0x0000000008003860       0x12 zephyr/drivers/gpio/libdrivers__gpio.a(gpio_stm32.c.obj)
 .text.gpio_stm32_port_set_bits_raw
                0x0000000008003872        0xa zephyr/drivers/gpio/libdrivers__gpio.a(gpio_stm32.c.obj)
 .text.gpio_stm32_port_clear_bits_raw
                0x000000000800387c        0xc zephyr/drivers/gpio/libdrivers__gpio.a(gpio_stm32.c.obj)
 .text.gpio_stm32_port_toggle_bits
                0x0000000008003888        0xe zephyr/drivers/gpio/libdrivers__gpio.a(gpio_stm32.c.obj)
 .text.gpio_stm32_manage_callback
                0x0000000008003896       0x52 zephyr/drivers/gpio/libdrivers__gpio.a(gpio_stm32.c.obj)
 .text.gpio_stm32_configure_raw.isra.0
                0x00000000080038e8       0xa0 zephyr/drivers/gpio/libdrivers__gpio.a(gpio_stm32.c.obj)
 .text.gpio_stm32_config
                0x0000000008003988       0x78 zephyr/drivers/gpio/libdrivers__gpio.a(gpio_stm32.c.obj)
 .text.gpio_stm32_isr
                0x0000000008003a00       0x2e zephyr/drivers/gpio/libdrivers__gpio.a(gpio_stm32.c.obj)
 .text.gpio_stm32_configure
                0x0000000008003a2e       0x30 zephyr/drivers/gpio/libdrivers__gpio.a(gpio_stm32.c.obj)
                0x0000000008003a2e                gpio_stm32_configure
 .text.pinctrl_lookup_state
                0x0000000008003a5e       0x26 zephyr/drivers/pinctrl/libdrivers__pinctrl.a(common.c.obj)
                0x0000000008003a5e                pinctrl_lookup_state
 .text.reset_stm32_status
                0x0000000008003a84       0x22 zephyr/drivers/reset/libdrivers__reset.a(reset_stm32.c.obj)
 .text.reset_stm32_line_assert
                0x0000000008003aa6       0x1c zephyr/drivers/reset/libdrivers__reset.a(reset_stm32.c.obj)
 .text.reset_stm32_line_deassert
                0x0000000008003ac2       0x1e zephyr/drivers/reset/libdrivers__reset.a(reset_stm32.c.obj)
 .text.reset_stm32_line_toggle
                0x0000000008003ae0       0x16 zephyr/drivers/reset/libdrivers__reset.a(reset_stm32.c.obj)
 .text.uart_stm32_ll2cfg_databits
                0x0000000008003af6       0x2a zephyr/drivers/serial/libdrivers__serial.a(uart_stm32.c.obj)
 .text.uart_stm32_err_check
                0x0000000008003b20       0x62 zephyr/drivers/serial/libdrivers__serial.a(uart_stm32.c.obj)
 .text.uart_stm32_poll_out
                0x0000000008003b82       0x3a zephyr/drivers/serial/libdrivers__serial.a(uart_stm32.c.obj)
 .text.uart_stm32_poll_in
                0x0000000008003bbc       0x24 zephyr/drivers/serial/libdrivers__serial.a(uart_stm32.c.obj)
 .text.uart_stm32_config_get
                0x0000000008003be0       0x92 zephyr/drivers/serial/libdrivers__serial.a(uart_stm32.c.obj)
 .text.z_device_state_init
                0x0000000008003c72        0x2 zephyr/kernel/libkernel.a(device.c.obj)
                0x0000000008003c72                z_device_state_init
 .text.z_device_is_ready
                0x0000000008003c74       0x16 zephyr/kernel/libkernel.a(device.c.obj)
                0x0000000008003c74                z_device_is_ready
 .text.arch_system_halt
                0x0000000008003c8a       0x12 zephyr/kernel/libkernel.a(fatal.c.obj)
                0x0000000008003c8a                arch_system_halt
 .text.z_early_memset
                0x0000000008003c9c        0x4 zephyr/kernel/libkernel.a(init.c.obj)
                0x0000000008003c9c                z_early_memset
 .text.z_early_memcpy
                0x0000000008003ca0        0x4 zephyr/kernel/libkernel.a(init.c.obj)
                0x0000000008003ca0                z_early_memcpy
 .text.k_thread_name_get
                0x0000000008003ca4        0x4 zephyr/kernel/libkernel.a(thread.c.obj)
                0x0000000008003ca4                k_thread_name_get
 .text.idle     0x0000000008003ca8       0x18 zephyr/kernel/libkernel.a(idle.c.obj)
                0x0000000008003ca8                idle
 .text.adjust_owner_prio.isra.0
                0x0000000008003cc0       0x10 zephyr/kernel/libkernel.a(mutex.c.obj)
 .text.z_impl_k_mutex_init
                0x0000000008003cd0        0xe zephyr/kernel/libkernel.a(mutex.c.obj)
                0x0000000008003cd0                z_impl_k_mutex_init
 .text.sys_dlist_remove
                0x0000000008003cde       0x10 zephyr/kernel/libkernel.a(sched.c.obj)
 .text.unpend_thread_no_timeout
                0x0000000008003cee       0x14 zephyr/kernel/libkernel.a(sched.c.obj)
 .text.add_to_waitq_locked
                0x0000000008003d02       0x50 zephyr/kernel/libkernel.a(sched.c.obj)
 .text.z_ready_thread
                0x0000000008003d52       0x20 zephyr/kernel/libkernel.a(sched.c.obj)
                0x0000000008003d52                z_ready_thread
 .text.z_sched_wake_thread
                0x0000000008003d72       0x44 zephyr/kernel/libkernel.a(sched.c.obj)
                0x0000000008003d72                z_sched_wake_thread
 .text.z_thread_timeout
                0x0000000008003db6        0x8 zephyr/kernel/libkernel.a(sched.c.obj)
                0x0000000008003db6                z_thread_timeout
 .text.z_unpend_first_thread
                0x0000000008003dbe       0x38 zephyr/kernel/libkernel.a(sched.c.obj)
                0x0000000008003dbe                z_unpend_first_thread
 .text.z_reschedule_irqlock
                0x0000000008003df6       0x18 zephyr/kernel/libkernel.a(sched.c.obj)
                0x0000000008003df6                z_reschedule_irqlock
 .text.z_reschedule_unlocked
                0x0000000008003e0e       0x14 zephyr/kernel/libkernel.a(sched.c.obj)
 .text.z_thread_abort
                0x0000000008003e22       0x42 zephyr/kernel/libkernel.a(sched.c.obj)
                0x0000000008003e22                z_thread_abort
 .text.z_abort_timeout
                0x0000000008003e64       0x2c zephyr/kernel/libkernel.a(timeout.c.obj)
                0x0000000008003e64                z_abort_timeout
 .text.sys_timepoint_calc
                0x0000000008003e90       0x48 zephyr/kernel/libkernel.a(timeout.c.obj)
                0x0000000008003e90                sys_timepoint_calc
 .text.sys_timepoint_timeout
                0x0000000008003ed8       0x42 zephyr/kernel/libkernel.a(timeout.c.obj)
                0x0000000008003ed8                sys_timepoint_timeout
 .text.main     0x0000000008003f1a        0x6 zephyr/kernel/libkernel.a(main_weak.c.obj)
                0x0000000008003f1a                main
 .text.k_heap_init
                0x0000000008003f20       0x10 zephyr/kernel/libkernel.a(kheap.c.obj)
                0x0000000008003f20                k_heap_init
 .text.strnlen  0x0000000008003f30       0x18 c:\users\joedo\zephyr-sdk-0.16.3\arm-zephyr-eabi\bin\../lib/gcc/../../picolibc/arm-zephyr-eabi/lib/thumb/v7e-m/nofp\libc.a(libc_string_strnlen.c.o)
                0x0000000008003f30                strnlen
 .text.__ultoa_invert
                0x0000000008003f48       0x38 c:\users\joedo\zephyr-sdk-0.16.3\arm-zephyr-eabi\bin\../lib/gcc/../../picolibc/arm-zephyr-eabi/lib/thumb/v7e-m/nofp\libc.a(libc_tinystdio_vfiprintf.c.o)
 .text.memcpy   0x0000000008003f80       0x1c c:\users\joedo\zephyr-sdk-0.16.3\arm-zephyr-eabi\bin\../lib/gcc/../../picolibc/arm-zephyr-eabi/lib/thumb/v7e-m/nofp\libc.a(memcpy.c.o)
                0x0000000008003f80                __aeabi_memcpy
                0x0000000008003f80                __aeabi_memcpy4
                0x0000000008003f80                __aeabi_memcpy8
                0x0000000008003f80                memcpy
 .text.memset   0x0000000008003f9c       0x10 c:\users\joedo\zephyr-sdk-0.16.3\arm-zephyr-eabi\bin\../lib/gcc/../../picolibc/arm-zephyr-eabi/lib/thumb/v7e-m/nofp\libc.a(memset.c.o)
                0x0000000008003f9c                memset
 *(SORT_BY_ALIGNMENT(.TEXT.*))
 .TEXT.__aeabi_read_tp
                0x0000000008003fac        0xc zephyr/arch/arch/arm/core/cortex_m/libarch__arm__core__cortex_m.a(__aeabi_read_tp.S.obj)
                0x0000000008003fac                __aeabi_read_tp
 *(SORT_BY_ALIGNMENT(.gnu.linkonce.t.*))
 *(SORT_BY_ALIGNMENT(.glue_7t))
 .glue_7t       0x0000000008003fb8        0x0 linker stubs
 *(SORT_BY_ALIGNMENT(.glue_7))
 .glue_7        0x0000000008003fb8        0x0 linker stubs
 *(SORT_BY_ALIGNMENT(.vfp11_veneer))
 .vfp11_veneer  0x0000000008003fb8        0x0 linker stubs
 *(SORT_BY_ALIGNMENT(.v4_bx))
 .v4_bx         0x0000000008003fb8        0x0 linker stubs
                0x0000000008003fb8                . = ALIGN (0x4)
                0x0000000008003fb8                __text_region_end = .

.ARM.exidx      0x0000000008003fb8        0x8
                0x0000000008003fb8                __exidx_start = .
 *(SORT_BY_ALIGNMENT(.ARM.exidx*) SORT_BY_ALIGNMENT(gnu.linkonce.armexidx.*))
 .ARM.exidx     0x0000000008003fb8        0x8 c:/users/joedo/zephyr-sdk-0.16.3/arm-zephyr-eabi/bin/../lib/gcc/arm-zephyr-eabi/12.2.0/thumb/v7e-m/nofp\libgcc.a(_udivmoddi4.o)
                0x0000000008003fc0                __exidx_end = .
                0x0000000008003fc0                __rodata_region_start = .

initlevel       0x0000000008003fc0       0xb0
                0x0000000008003fc0                __init_start = .
                0x0000000008003fc0                __init_EARLY_start = .
 *(SORT_BY_NAME(SORT_BY_ALIGNMENT(.z_init_EARLY?_*)))
 *(SORT_BY_NAME(SORT_BY_ALIGNMENT(.z_init_EARLY??_*)))
                0x0000000008003fc0                __init_PRE_KERNEL_1_start = .
 *(SORT_BY_NAME(SORT_BY_ALIGNMENT(.z_init_PRE_KERNEL_1?_*)))
 .z_init_PRE_KERNEL_10_0_
                0x0000000008003fc0        0x8 zephyr/libzephyr.a(soc_m7.c.obj)
 .z_init_PRE_KERNEL_11_00008_
                0x0000000008003fc8        0x8 zephyr/drivers/clock_control/libdrivers__clock_control.a(clock_stm32_ll_h7.c.obj)
 .z_init_PRE_KERNEL_11_0_
                0x0000000008003fd0        0x8 zephyr/libzephyr.a(soc_config.c.obj)
 *(SORT_BY_NAME(SORT_BY_ALIGNMENT(.z_init_PRE_KERNEL_1??_*)))
 .z_init_PRE_KERNEL_130_0_
                0x0000000008003fd8        0x8 zephyr/kernel/libkernel.a(kheap.c.obj)
 .z_init_PRE_KERNEL_135_00063_
                0x0000000008003fe0        0x8 zephyr/drivers/reset/libdrivers__reset.a(reset_stm32.c.obj)
 .z_init_PRE_KERNEL_140_00032_
                0x0000000008003fe8        0x8 zephyr/drivers/gpio/libdrivers__gpio.a(gpio_stm32.c.obj)
 .z_init_PRE_KERNEL_140_00033_
                0x0000000008003ff0        0x8 zephyr/drivers/gpio/libdrivers__gpio.a(gpio_stm32.c.obj)
 .z_init_PRE_KERNEL_140_00056_
                0x0000000008003ff8        0x8 zephyr/drivers/interrupt_controller/libdrivers__interrupt_controller.a(intc_exti_stm32.c.obj)
 .z_init_PRE_KERNEL_140_00095_
                0x0000000008004000        0x8 zephyr/drivers/gpio/libdrivers__gpio.a(gpio_stm32.c.obj)
 .z_init_PRE_KERNEL_140_00096_
                0x0000000008004008        0x8 zephyr/drivers/gpio/libdrivers__gpio.a(gpio_stm32.c.obj)
 .z_init_PRE_KERNEL_140_00097_
                0x0000000008004010        0x8 zephyr/drivers/gpio/libdrivers__gpio.a(gpio_stm32.c.obj)
 .z_init_PRE_KERNEL_140_00098_
                0x0000000008004018        0x8 zephyr/drivers/gpio/libdrivers__gpio.a(gpio_stm32.c.obj)
 .z_init_PRE_KERNEL_140_00099_
                0x0000000008004020        0x8 zephyr/drivers/gpio/libdrivers__gpio.a(gpio_stm32.c.obj)
 .z_init_PRE_KERNEL_140_00100_
                0x0000000008004028        0x8 zephyr/drivers/gpio/libdrivers__gpio.a(gpio_stm32.c.obj)
 .z_init_PRE_KERNEL_140_00101_
                0x0000000008004030        0x8 zephyr/drivers/gpio/libdrivers__gpio.a(gpio_stm32.c.obj)
 .z_init_PRE_KERNEL_140_00102_
                0x0000000008004038        0x8 zephyr/drivers/gpio/libdrivers__gpio.a(gpio_stm32.c.obj)
 .z_init_PRE_KERNEL_140_00103_
                0x0000000008004040        0x8 zephyr/drivers/gpio/libdrivers__gpio.a(gpio_stm32.c.obj)
 .z_init_PRE_KERNEL_155_00070_
                0x0000000008004048        0x8 zephyr/drivers/serial/libdrivers__serial.a(uart_stm32.c.obj)
 .z_init_PRE_KERNEL_160_0_
                0x0000000008004050        0x8 zephyr/drivers/console/libdrivers__console.a(uart_console.c.obj)
                0x0000000008004058                __init_PRE_KERNEL_2_start = .
 *(SORT_BY_NAME(SORT_BY_ALIGNMENT(.z_init_PRE_KERNEL_2?_*)))
 .z_init_PRE_KERNEL_20_0_
                0x0000000008004058        0x8 zephyr/drivers/timer/libdrivers__timer.a(cortex_m_systick.c.obj)
 *(SORT_BY_NAME(SORT_BY_ALIGNMENT(.z_init_PRE_KERNEL_2??_*)))
                0x0000000008004060                __init_POST_KERNEL_start = .
 *(SORT_BY_NAME(SORT_BY_ALIGNMENT(.z_init_POST_KERNEL?_*)))
 *(SORT_BY_NAME(SORT_BY_ALIGNMENT(.z_init_POST_KERNEL??_*)))
 .z_init_POST_KERNEL40_0_
                0x0000000008004060        0x8 zephyr/lib/libc/common/liblib__libc__common.a(malloc.c.obj)
                0x0000000008004068                __init_APPLICATION_start = .
 *(SORT_BY_NAME(SORT_BY_ALIGNMENT(.z_init_APPLICATION?_*)))
 .z_init_APPLICATION5_0_
                0x0000000008004068        0x8 zephyr/subsys/zbus/libsubsys__zbus.a(zbus.c.obj)
 *(SORT_BY_NAME(SORT_BY_ALIGNMENT(.z_init_APPLICATION??_*)))
                0x0000000008004070                __init_SMP_start = .
 *(SORT_BY_NAME(SORT_BY_ALIGNMENT(.z_init_SMP?_*)))
 *(SORT_BY_NAME(SORT_BY_ALIGNMENT(.z_init_SMP??_*)))
                0x0000000008004070                __init_end = .

device_area     0x0000000008004070      0x12c
                0x0000000008004070                _device_list_start = .
 *(SORT_BY_NAME(SORT_BY_ALIGNMENT(._device.static.*_?_*)))
 ._device.static.1_1_
                0x0000000008004070       0x14 zephyr/drivers/clock_control/libdrivers__clock_control.a(clock_stm32_ll_h7.c.obj)
                0x0000000008004070                __device_dts_ord_8
 *(SORT_BY_NAME(SORT_BY_ALIGNMENT(._device.static.*_??_*)))
 ._device.static.1_35_
                0x0000000008004084       0x14 zephyr/drivers/reset/libdrivers__reset.a(reset_stm32.c.obj)
                0x0000000008004084                __device_dts_ord_63
 ._device.static.1_40_
                0x0000000008004098       0x14 zephyr/drivers/interrupt_controller/libdrivers__interrupt_controller.a(intc_exti_stm32.c.obj)
                0x0000000008004098                __device_dts_ord_56
 ._device.static.1_40_
                0x00000000080040ac       0xdc zephyr/drivers/gpio/libdrivers__gpio.a(gpio_stm32.c.obj)
                0x00000000080040ac                __device_dts_ord_103
                0x00000000080040c0                __device_dts_ord_102
                0x00000000080040d4                __device_dts_ord_101
                0x00000000080040e8                __device_dts_ord_100
                0x00000000080040fc                __device_dts_ord_99
                0x0000000008004110                __device_dts_ord_98
                0x0000000008004124                __device_dts_ord_33
                0x0000000008004138                __device_dts_ord_97
                0x000000000800414c                __device_dts_ord_96
                0x0000000008004160                __device_dts_ord_32
                0x0000000008004174                __device_dts_ord_95
 ._device.static.1_55_
                0x0000000008004188       0x14 zephyr/drivers/serial/libdrivers__serial.a(uart_stm32.c.obj)
                0x0000000008004188                __device_dts_ord_70
                0x000000000800419c                _device_list_end = .

sw_isr_table    0x000000000800419c      0x518
                0x000000000800419c                . = ALIGN (0x4)
 *(SORT_BY_ALIGNMENT(.gnu.linkonce.sw_isr_table*))
 .gnu.linkonce.sw_isr_table
                0x000000000800419c      0x518 zephyr/CMakeFiles/zephyr_final.dir/isr_tables.c.obj
                0x000000000800419c                _sw_isr_table

initlevel_error
                0x0000000008003fc0        0x0
 *(SORT_BY_NAME(SORT_BY_ALIGNMENT(.z_init_[_A-Z0-9]*)))
                0x0000000000000001                ASSERT ((SIZEOF (initlevel_error) == 0x0), Undefined initialization levels used.)

app_shmem_regions
                0x00000000080046b4        0x0
                0x00000000080046b4                __app_shmem_regions_start = .
 *(SORT_BY_NAME(SORT_BY_ALIGNMENT(.app_regions.*)))
                0x00000000080046b4                __app_shmem_regions_end = .

k_p4wq_initparam_area
                0x00000000080046b4        0x0
                0x00000000080046b4                _k_p4wq_initparam_list_start = .
 *(SORT_BY_NAME(SORT_BY_ALIGNMENT(._k_p4wq_initparam.static.*)))
                0x00000000080046b4                _k_p4wq_initparam_list_end = .

_static_thread_data_area
                0x00000000080046b8       0x30
                0x00000000080046b8                __static_thread_data_list_start = .
 *(SORT_BY_NAME(SORT_BY_ALIGNMENT(.__static_thread_data.static.*)))
 .__static_thread_data.static._k_thread_data_producer_thread_id_
                0x00000000080046b8       0x30 app/libapp.a(benchmark.c.obj)
                0x00000000080046b8                _k_thread_data_producer_thread_id
                0x00000000080046e8                __static_thread_data_list_end = .

device_deps     0x00000000080046e8        0x0
                0x00000000080046e8                __device_deps_start = .
 *(SORT_BY_NAME(SORT_BY_ALIGNMENT(.__device_deps_pass2*)))
                0x00000000080046e8                __device_deps_end = .

ztest           0x00000000080046e8        0x0
                0x00000000080046e8                _ztest_expected_result_entry_list_start = .
 *(SORT_BY_NAME(SORT_BY_ALIGNMENT(._ztest_expected_result_entry.static.*)))
                0x00000000080046e8                _ztest_expected_result_entry_list_end = .
                0x00000000080046e8                _ztest_suite_node_list_start = .
 *(SORT_BY_NAME(SORT_BY_ALIGNMENT(._ztest_suite_node.static.*)))
                0x00000000080046e8                _ztest_suite_node_list_end = .
                0x00000000080046e8                _ztest_unit_test_list_start = .
 *(SORT_BY_NAME(SORT_BY_ALIGNMENT(._ztest_unit_test.static.*)))
                0x00000000080046e8                _ztest_unit_test_list_end = .
                0x00000000080046e8                _ztest_test_rule_list_start = .
 *(SORT_BY_NAME(SORT_BY_ALIGNMENT(._ztest_test_rule.static.*)))
                0x00000000080046e8                _ztest_test_rule_list_end = .

bt_l2cap_fixed_chan_area
                0x00000000080046e8        0x0
                0x00000000080046e8                _bt_l2cap_fixed_chan_list_start = .
 *(SORT_BY_NAME(SORT_BY_ALIGNMENT(._bt_l2cap_fixed_chan.static.*)))
                0x00000000080046e8                _bt_l2cap_fixed_chan_list_end = .

bt_gatt_service_static_area
                0x00000000080046e8        0x0
                0x00000000080046e8                _bt_gatt_service_static_list_start = .
 *(SORT_BY_NAME(SORT_BY_ALIGNMENT(._bt_gatt_service_static.static.*)))
                0x00000000080046e8                _bt_gatt_service_static_list_end = .

log_strings_area
                0x00000000080046e8        0x0
                0x00000000080046e8                _log_strings_list_start = .
 *(SORT_BY_NAME(SORT_BY_ALIGNMENT(._log_strings.static.*)))
                0x00000000080046e8                _log_strings_list_end = .

log_const_area  0x00000000080046e8       0x28
                0x00000000080046e8                _log_const_list_start = .
 *(SORT_BY_NAME(SORT_BY_ALIGNMENT(._log_const.static.*)))
 ._log_const.static.log_const_cbprintf_package_
                0x00000000080046e8        0x8 zephyr/libzephyr.a(cbprintf_packaged.c.obj)
                0x00000000080046e8                log_const_cbprintf_package
 ._log_const.static.log_const_mpu_
                0x00000000080046f0        0x8 zephyr/arch/arch/arm/core/mpu/libarch__arm__core__mpu.a(arm_core_mpu.c.obj)
                0x00000000080046f0                log_const_mpu
 ._log_const.static.log_const_os_
                0x00000000080046f8        0x8 zephyr/kernel/libkernel.a(init.c.obj)
                0x00000000080046f8                log_const_os
 ._log_const.static.log_const_uart_stm32_
                0x0000000008004700        0x8 zephyr/drivers/serial/libdrivers__serial.a(uart_stm32.c.obj)
                0x0000000008004700                log_const_uart_stm32
 ._log_const.static.log_const_zbus_
                0x0000000008004708        0x8 zephyr/subsys/zbus/libsubsys__zbus.a(zbus.c.obj)
                0x0000000008004708                log_const_zbus
                0x0000000008004710                _log_const_list_end = .

log_backend_area
                0x0000000008004710        0x0
                0x0000000008004710                _log_backend_list_start = .
 *(SORT_BY_NAME(SORT_BY_ALIGNMENT(._log_backend.static.*)))
                0x0000000008004710                _log_backend_list_end = .

log_link_area   0x0000000008004710        0x0
                0x0000000008004710                _log_link_list_start = .
 *(SORT_BY_NAME(SORT_BY_ALIGNMENT(._log_link.static.*)))
                0x0000000008004710                _log_link_list_end = .

tracing_backend_area
                0x0000000008004710        0x0
                0x0000000008004710                _tracing_backend_list_start = .
 *(SORT_BY_NAME(SORT_BY_ALIGNMENT(._tracing_backend.static.*)))
                0x0000000008004710                _tracing_backend_list_end = .

zephyr_dbg_info
 *(SORT_BY_ALIGNMENT(.dbg_thread_info))

zbus_channel_area
                0x0000000008004710       0x14
                0x0000000008004710                _zbus_channel_list_start = .
 *(SORT_BY_NAME(SORT_BY_ALIGNMENT(._zbus_channel.static.*)))
 ._zbus_channel.static.bm_channel_
                0x0000000008004710       0x14 app/libapp.a(benchmark.c.obj)
                0x0000000008004710                bm_channel
                0x0000000008004724                _zbus_channel_list_end = .

zbus_channel_observation_area
                0x0000000008004724       0x40
                0x0000000008004724                _zbus_channel_observation_list_start = .
 *(SORT_BY_NAME(SORT_BY_ALIGNMENT(._zbus_channel_observation.static.*)))
 ._zbus_channel_observation.static.bm_channel00_
                0x0000000008004724        0x8 app/libapp.a(benchmark.c.obj)
                0x0000000008004724                bm_channel00
 ._zbus_channel_observation.static.bm_channel01_
                0x000000000800472c        0x8 app/libapp.a(benchmark.c.obj)
                0x000000000800472c                bm_channel01
 ._zbus_channel_observation.static.bm_channel02_
                0x0000000008004734        0x8 app/libapp.a(benchmark.c.obj)
                0x0000000008004734                bm_channel02
 ._zbus_channel_observation.static.bm_channel03_
                0x000000000800473c        0x8 app/libapp.a(benchmark.c.obj)
                0x000000000800473c                bm_channel03
 ._zbus_channel_observation.static.bm_channel04_
                0x0000000008004744        0x8 app/libapp.a(benchmark.c.obj)
                0x0000000008004744                bm_channel04
 ._zbus_channel_observation.static.bm_channel05_
                0x000000000800474c        0x8 app/libapp.a(benchmark.c.obj)
                0x000000000800474c                bm_channel05
 ._zbus_channel_observation.static.bm_channel06_
                0x0000000008004754        0x8 app/libapp.a(benchmark.c.obj)
                0x0000000008004754                bm_channel06
 ._zbus_channel_observation.static.bm_channel07_
                0x000000000800475c        0x8 app/libapp.a(benchmark.c.obj)
                0x000000000800475c                bm_channel07
                0x0000000008004764                _zbus_channel_observation_list_end = .

symbol_to_keep  0x0000000008004764        0x0
                0x0000000008004764                __symbol_to_keep_start = .
 *(SORT_BY_NAME(SORT_BY_ALIGNMENT(.symbol_to_keep*)))
                0x0000000008004764                __symbol_to_keep_end = .

shell_area      0x0000000008004764        0x0
                0x0000000008004764                _shell_list_start = .
 *(SORT_BY_NAME(SORT_BY_ALIGNMENT(._shell.static.*)))
                0x0000000008004764                _shell_list_end = .

shell_root_cmds_area
                0x0000000008004764        0x0
                0x0000000008004764                _shell_root_cmds_list_start = .
 *(SORT_BY_NAME(SORT_BY_ALIGNMENT(._shell_root_cmds.static.*)))
                0x0000000008004764                _shell_root_cmds_list_end = .

shell_subcmds_area
                0x0000000008004764        0x0
                0x0000000008004764                _shell_subcmds_list_start = .
 *(SORT_BY_NAME(SORT_BY_ALIGNMENT(._shell_subcmds.static.*)))
                0x0000000008004764                _shell_subcmds_list_end = .

shell_dynamic_subcmds_area
                0x0000000008004764        0x0
                0x0000000008004764                _shell_dynamic_subcmds_list_start = .
 *(SORT_BY_NAME(SORT_BY_ALIGNMENT(._shell_dynamic_subcmds.static.*)))
                0x0000000008004764                _shell_dynamic_subcmds_list_end = .

cfb_font_area   0x0000000008004764        0x0
                0x0000000008004764                _cfb_font_list_start = .
 *(SORT_BY_NAME(SORT_BY_ALIGNMENT(._cfb_font.static.*)))
                0x0000000008004764                _cfb_font_list_end = .

tdata           0x0000000008004764        0x0
 *(SORT_BY_ALIGNMENT(.tdata) SORT_BY_ALIGNMENT(.tdata.*) SORT_BY_ALIGNMENT(.gnu.linkonce.td.*))

tbss            0x0000000008004764        0x4
 *(SORT_BY_ALIGNMENT(.tbss) SORT_BY_ALIGNMENT(.tbss.*) SORT_BY_ALIGNMENT(.gnu.linkonce.tb.*) SORT_BY_ALIGNMENT(.tcommon))
 .tbss.z_tls_current
                0x0000000008004764        0x4 zephyr/libzephyr.a(thread_entry.c.obj)
                0x0000000008004764                z_tls_current
                0x0000000008004764                PROVIDE (__tdata_start = LOADADDR (tdata))
                0x0000000000000000                PROVIDE (__tdata_size = SIZEOF (tdata))
                [!provide]                        PROVIDE (__tdata_end = (__tdata_start + __tdata_size))
                0x0000000000000001                PROVIDE (__tdata_align = ALIGNOF (tdata))
                [!provide]                        PROVIDE (__tbss_start = ADDR (tbss))
                0x0000000000000004                PROVIDE (__tbss_size = SIZEOF (tbss))
                [!provide]                        PROVIDE (__tbss_end = (__tbss_start + __tbss_size))
                0x0000000000000004                PROVIDE (__tbss_align = ALIGNOF (tbss))
                [!provide]                        PROVIDE (__tls_start = __tdata_start)
                [!provide]                        PROVIDE (__tls_end = __tbss_end)
                [!provide]                        PROVIDE (__tls_size = (__tbss_end - __tdata_start))

rodata          0x0000000008004764      0xb8c
 *(SORT_BY_ALIGNMENT(.rodata))
 .rodata        0x0000000008004764        0x8 zephyr/drivers/gpio/libdrivers__gpio.a(gpio_stm32.c.obj)
 *(SORT_BY_ALIGNMENT(.rodata.*))
 .rodata.mpu_config
                0x000000000800476c        0x8 zephyr/libzephyr.a(mpu_regions.c.obj)
                0x000000000800476c                mpu_config
 .rodata.mpu_regions
                0x0000000008004774       0x24 zephyr/libzephyr.a(mpu_regions.c.obj)
 .rodata.mem_attr_region
                0x0000000008004798       0x10 zephyr/libzephyr.a(mem_attr.c.obj)
 .rodata.static_regions
                0x00000000080047a8        0xc zephyr/arch/arch/arm/core/mpu/libarch__arm__core__mpu.a(arm_core_mpu.c.obj)
 .rodata.gpio_stm32_cfg_k
                0x00000000080047b4       0x14 zephyr/drivers/gpio/libdrivers__gpio.a(gpio_stm32.c.obj)
 .rodata.gpio_stm32_cfg_j
                0x00000000080047c8       0x14 zephyr/drivers/gpio/libdrivers__gpio.a(gpio_stm32.c.obj)
 .rodata.gpio_stm32_cfg_i
                0x00000000080047dc       0x14 zephyr/drivers/gpio/libdrivers__gpio.a(gpio_stm32.c.obj)
 .rodata.gpio_stm32_cfg_h
                0x00000000080047f0       0x14 zephyr/drivers/gpio/libdrivers__gpio.a(gpio_stm32.c.obj)
 .rodata.gpio_stm32_cfg_g
                0x0000000008004804       0x14 zephyr/drivers/gpio/libdrivers__gpio.a(gpio_stm32.c.obj)
 .rodata.gpio_stm32_cfg_f
                0x0000000008004818       0x14 zephyr/drivers/gpio/libdrivers__gpio.a(gpio_stm32.c.obj)
 .rodata.gpio_stm32_cfg_e
                0x000000000800482c       0x14 zephyr/drivers/gpio/libdrivers__gpio.a(gpio_stm32.c.obj)
 .rodata.gpio_stm32_cfg_d
                0x0000000008004840       0x14 zephyr/drivers/gpio/libdrivers__gpio.a(gpio_stm32.c.obj)
 .rodata.gpio_stm32_cfg_c
                0x0000000008004854       0x14 zephyr/drivers/gpio/libdrivers__gpio.a(gpio_stm32.c.obj)
 .rodata.gpio_stm32_cfg_b
                0x0000000008004868       0x14 zephyr/drivers/gpio/libdrivers__gpio.a(gpio_stm32.c.obj)
 .rodata.gpio_stm32_cfg_a
                0x000000000800487c       0x14 zephyr/drivers/gpio/libdrivers__gpio.a(gpio_stm32.c.obj)
 .rodata.gpio_stm32_driver
                0x0000000008004890       0x24 zephyr/drivers/gpio/libdrivers__gpio.a(gpio_stm32.c.obj)
 .rodata.gpio_ports
                0x00000000080048b4       0x2c zephyr/drivers/pinctrl/libdrivers__pinctrl.a(pinctrl_stm32.c.obj)
 .rodata.reset_stm32_config
                0x00000000080048e0        0x4 zephyr/drivers/reset/libdrivers__reset.a(reset_stm32.c.obj)
 .rodata.reset_stm32_driver_api
                0x00000000080048e4       0x10 zephyr/drivers/reset/libdrivers__reset.a(reset_stm32.c.obj)
 .rodata.uart_stm32_cfg_0
                0x00000000080048f4       0x20 zephyr/drivers/serial/libdrivers__serial.a(uart_stm32.c.obj)
 .rodata.pclken_0
                0x0000000008004914        0x8 zephyr/drivers/serial/libdrivers__serial.a(uart_stm32.c.obj)
 .rodata.__pinctrl_dev_config__device_dts_ord_70
                0x000000000800491c        0x8 zephyr/drivers/serial/libdrivers__serial.a(uart_stm32.c.obj)
 .rodata.__pinctrl_states__device_dts_ord_70
                0x0000000008004924        0x8 zephyr/drivers/serial/libdrivers__serial.a(uart_stm32.c.obj)
 .rodata.__pinctrl_state_pins_0__device_dts_ord_70
                0x000000000800492c       0x10 zephyr/drivers/serial/libdrivers__serial.a(uart_stm32.c.obj)
 .rodata.uart_stm32_driver_api
                0x000000000800493c       0x14 zephyr/drivers/serial/libdrivers__serial.a(uart_stm32.c.obj)
 .rodata.CSWTCH.489
                0x0000000008004950       0x14 zephyr/kernel/libkernel.a(fatal.c.obj)
 .rodata.levels.0
                0x0000000008004964       0x18 zephyr/kernel/libkernel.a(init.c.obj)
 .rodata.CSWTCH.664
                0x000000000800497c        0x6 zephyr/drivers/serial/libdrivers__serial.a(uart_stm32.c.obj)
 .rodata.producer_thread.str1.1
                0x0000000008004982       0xea app/libapp.a(benchmark.c.obj)
                                         0xeb (size before relaxing)
 .rodata.str1.1
                0x0000000008004a6c       0x13 app/libapp.a(benchmark.c.obj)
 .rodata.str1.1
                0x0000000008004a7f       0x11 zephyr/libzephyr.a(cbprintf_packaged.c.obj)
 .rodata.str1.1
                0x0000000008004a90       0x12 zephyr/libzephyr.a(mpu_regions.c.obj)
 .rodata.str1.1
                0x0000000008004aa2       0x10 zephyr/libzephyr.a(mem_attr.c.obj)
 .rodata.z_arm_fatal_error.str1.1
                0x0000000008004ab2       0xaf zephyr/arch/arch/arm/core/libarch__arm__core.a(fatal.c.obj)
 .rodata.mem_manage_fault.str1.1
                0x0000000008004b61       0xfb zephyr/arch/arch/arm/core/cortex_m/libarch__arm__core__cortex_m.a(fault.c.obj)
 .rodata.usage_fault.constprop.0.str1.1
                0x0000000008004c5c       0xf0 zephyr/arch/arch/arm/core/cortex_m/libarch__arm__core__cortex_m.a(fault.c.obj)
 .rodata.bus_fault.constprop.0.str1.1
                0x0000000008004d4c       0xa6 zephyr/arch/arch/arm/core/cortex_m/libarch__arm__core__cortex_m.a(fault.c.obj)
 .rodata.z_arm_fault.str1.1
                0x0000000008004df2      0x139 zephyr/arch/arch/arm/core/cortex_m/libarch__arm__core__cortex_m.a(fault.c.obj)
 .rodata.str1.1
                0x0000000008004f2b        0x4 zephyr/arch/arch/arm/core/mpu/libarch__arm__core__mpu.a(arm_core_mpu.c.obj)
 .rodata.mpu_configure_regions.str1.1
                0x0000000008004f2f       0x53 zephyr/arch/arch/arm/core/mpu/libarch__arm__core__mpu.a(arm_mpu.c.obj)
 .rodata.z_arm_mpu_init.str1.1
                0x0000000008004f82       0x27 zephyr/arch/arch/arm/core/mpu/libarch__arm__core__mpu.a(arm_mpu.c.obj)
 .rodata._zbus_vded_exec.str1.1
                0x0000000008004fa9       0x42 zephyr/subsys/zbus/libsubsys__zbus.a(zbus.c.obj)
                                         0x43 (size before relaxing)
 .rodata.str1.1
                0x0000000008004feb        0x5 zephyr/subsys/zbus/libsubsys__zbus.a(zbus.c.obj)
 .rodata.line_range_6.0
                0x0000000008004ff0        0x2 zephyr/drivers/interrupt_controller/libdrivers__interrupt_controller.a(intc_exti_stm32.c.obj)
 .rodata.line_range_5.1
                0x0000000008004ff2        0x2 zephyr/drivers/interrupt_controller/libdrivers__interrupt_controller.a(intc_exti_stm32.c.obj)
 .rodata.line_range_4.2
                0x0000000008004ff4        0x2 zephyr/drivers/interrupt_controller/libdrivers__interrupt_controller.a(intc_exti_stm32.c.obj)
 .rodata.line_range_3.3
                0x0000000008004ff6        0x2 zephyr/drivers/interrupt_controller/libdrivers__interrupt_controller.a(intc_exti_stm32.c.obj)
 .rodata.line_range_2.4
                0x0000000008004ff8        0x2 zephyr/drivers/interrupt_controller/libdrivers__interrupt_controller.a(intc_exti_stm32.c.obj)
 .rodata.line_range_1.5
                0x0000000008004ffa        0x2 zephyr/drivers/interrupt_controller/libdrivers__interrupt_controller.a(intc_exti_stm32.c.obj)
 .rodata.line_range_0.6
                0x0000000008004ffc        0x2 zephyr/drivers/interrupt_controller/libdrivers__interrupt_controller.a(intc_exti_stm32.c.obj)
 .rodata.str1.1
                0x0000000008004ffe       0x1e zephyr/drivers/interrupt_controller/libdrivers__interrupt_controller.a(intc_exti_stm32.c.obj)
 .rodata.str1.1
                0x000000000800501c        0xd zephyr/drivers/clock_control/libdrivers__clock_control.a(clock_stm32_ll_h7.c.obj)
 .rodata.str1.1
                0x0000000008005029       0x9a zephyr/drivers/gpio/libdrivers__gpio.a(gpio_stm32.c.obj)
 .rodata.str1.1
                0x00000000080050c3       0x11 zephyr/drivers/reset/libdrivers__reset.a(reset_stm32.c.obj)
 .rodata.uart_stm32_set_baudrate.str1.1
                0x00000000080050d4       0x33 zephyr/drivers/serial/libdrivers__serial.a(uart_stm32.c.obj)
 .rodata.uart_stm32_init.str1.1
                0x0000000008005107       0x90 zephyr/drivers/serial/libdrivers__serial.a(uart_stm32.c.obj)
 .rodata.str1.1
                0x0000000008005197       0x1b zephyr/drivers/serial/libdrivers__serial.a(uart_stm32.c.obj)
 .rodata.k_sys_fatal_error_handler.str1.1
                0x00000000080051b2       0x14 zephyr/kernel/libkernel.a(fatal.c.obj)
 .rodata.z_fatal_error.str1.1
                0x00000000080051c6       0x86 zephyr/kernel/libkernel.a(fatal.c.obj)
 .rodata.str1.1
                0x000000000800524c       0x4a zephyr/kernel/libkernel.a(fatal.c.obj)
 .rodata.z_cstart.str1.1
                0x0000000008005296        0x5 zephyr/kernel/libkernel.a(init.c.obj)
 .rodata.str1.1
                0x000000000800529b        0x3 zephyr/kernel/libkernel.a(init.c.obj)
 .rodata.boot_banner.str1.1
                0x000000000800529e       0x42 zephyr/kernel/libkernel.a(banner.c.obj)
 .rodata.__i_vfprintf.str1.1
                0x00000000080052e0        0xf c:\users\joedo\zephyr-sdk-0.16.3\arm-zephyr-eabi\bin\../lib/gcc/../../picolibc/arm-zephyr-eabi/lib/thumb/v7e-m/nofp\libc.a(libc_tinystdio_vfiprintf.c.o)
 *(SORT_BY_ALIGNMENT(.gnu.linkonce.r.*))
                0x00000000080052f0                . = ALIGN (0x4)
 *fill*         0x00000000080052ef        0x1 
                0x00000000080052f0                __rodata_region_end = .
                0x0000000008005300                . = ALIGN (_region_min_align)
                0x0000000008008000                . = ALIGN ((0x1 << LOG2CEIL ((__rodata_region_end - ADDR (rom_start)))))
                0x0000000008008000                __rom_region_end = ((__rom_region_start + .) - ADDR (rom_start))

/DISCARD/
 *(SORT_BY_ALIGNMENT(.got.plt))
 *(SORT_BY_ALIGNMENT(.igot.plt))
 *(SORT_BY_ALIGNMENT(.got))
 *(SORT_BY_ALIGNMENT(.igot))
                0x0000000024000000                . = 0x24000000
                0x0000000024000000                . = ALIGN (_region_min_align)
                0x0000000024000000                _image_ram_start = .

.ramfunc        0x0000000024000000        0x0 load address 0x00000000080052f0
                0x0000000024000000                . = ALIGN (_region_min_align)
                0x0000000024000000                . = ALIGN ((0x1 << LOG2CEIL (__ramfunc_size)))
                0x0000000024000000                __ramfunc_start = .
 *(SORT_BY_ALIGNMENT(.ramfunc))
 *(SORT_BY_ALIGNMENT(.ramfunc.*))
                0x0000000024000000                . = ALIGN (_region_min_align)
                0x0000000024000000                . = ALIGN ((0x1 << LOG2CEIL (__ramfunc_size)))
                0x0000000024000000                __ramfunc_end = .
                0x0000000000000000                __ramfunc_size = (__ramfunc_end - __ramfunc_start)
                0x00000000080052f0                __ramfunc_load_start = LOADADDR (.ramfunc)

datas           0x0000000024000000       0x84 load address 0x00000000080052f0
                0x0000000024000000                __data_region_start = .
                0x0000000024000000                __data_start = .
 *(SORT_BY_ALIGNMENT(.data))
 *(SORT_BY_ALIGNMENT(.data.*))
 .data._zbus_chan_data_bm_channel
                0x0000000024000000       0x18 app/libapp.a(benchmark.c.obj)
 .data._char_out
                0x0000000024000018        0x4 zephyr/libzephyr.a(printk.c.obj)
                0x0000000024000018                _char_out
 .data.__stdout
                0x000000002400001c       0x10 zephyr/lib/libc/picolibc/liblib__libc__picolibc.a(libc-hooks.c.obj)
 .data.stm32_clock_control_api
                0x000000002400002c       0x1c zephyr/drivers/clock_control/libdrivers__clock_control.a(clock_stm32_ll_h7.c.obj)
 .data.uart_stm32_data_0
                0x0000000024000048        0x8 zephyr/drivers/serial/libdrivers__serial.a(uart_stm32.c.obj)
 .data.uart_cfg_0
                0x0000000024000050        0x8 zephyr/drivers/serial/libdrivers__serial.a(uart_stm32.c.obj)
 .data.SystemCoreClock
                0x0000000024000058        0x4 modules/stm32/stm32cube/lib..__modules__hal__stm32__stm32cube.a(system_stm32h7xx.c.obj)
                0x0000000024000058                SystemCoreClock
 .data.timeout_list
                0x000000002400005c        0x8 zephyr/kernel/libkernel.a(timeout.c.obj)
 .data.exti_irq_table
                0x0000000024000064       0x20 zephyr/drivers/interrupt_controller/libdrivers__interrupt_controller.a(intc_exti_stm32.c.obj)
 *(SORT_BY_ALIGNMENT(.kernel.*))
                0x0000000024000084                __data_end = .
                0x0000000000000084                __data_size = (__data_end - __data_start)
                0x00000000080052f0                __data_load_start = LOADADDR (datas)
                0x00000000080052f0                __data_region_load_start = LOADADDR (datas)

device_states   0x0000000024000084       0x1e load address 0x0000000008005374
                0x0000000024000084                __device_states_start = .
 *(SORT_BY_ALIGNMENT(.z_devstate))
 .z_devstate    0x0000000024000084        0x2 zephyr/drivers/interrupt_controller/libdrivers__interrupt_controller.a(intc_exti_stm32.c.obj)
 .z_devstate    0x0000000024000086        0x2 zephyr/drivers/clock_control/libdrivers__clock_control.a(clock_stm32_ll_h7.c.obj)
 .z_devstate    0x0000000024000088       0x16 zephyr/drivers/gpio/libdrivers__gpio.a(gpio_stm32.c.obj)
 .z_devstate    0x000000002400009e        0x2 zephyr/drivers/reset/libdrivers__reset.a(reset_stm32.c.obj)
 .z_devstate    0x00000000240000a0        0x2 zephyr/drivers/serial/libdrivers__serial.a(uart_stm32.c.obj)
 *(SORT_BY_ALIGNMENT(.z_devstate.*))
                0x00000000240000a2                __device_states_end = .

log_mpsc_pbuf_area
                0x00000000240000a2        0x0 load address 0x0000000008005392
                0x00000000240000a2                _log_mpsc_pbuf_list_start = .
 *(SORT_BY_NAME(SORT_BY_ALIGNMENT(._log_mpsc_pbuf.static.*)))
                0x00000000240000a2                _log_mpsc_pbuf_list_end = .

log_msg_ptr_area
                0x00000000240000a2        0x0 load address 0x0000000008005392
                0x00000000240000a2                _log_msg_ptr_list_start = .
 *(SORT_BY_NAME(SORT_BY_ALIGNMENT(._log_msg_ptr.static.*)))
                0x00000000240000a2                _log_msg_ptr_list_end = .

log_dynamic_area
                0x00000000240000a2        0x0 load address 0x0000000008005392
                0x00000000240000a2                _log_dynamic_list_start = .
 *(SORT_BY_NAME(SORT_BY_ALIGNMENT(._log_dynamic.static.*)))
                0x00000000240000a2                _log_dynamic_list_end = .

k_timer_area    0x00000000240000a2        0x0 load address 0x0000000008005392
                0x00000000240000a2                _k_timer_list_start = .
 *(SORT_BY_NAME(SORT_BY_ALIGNMENT(._k_timer.static.*)))
                0x00000000240000a2                _k_timer_list_end = .

k_mem_slab_area
                0x00000000240000a2        0x0 load address 0x0000000008005392
                0x00000000240000a2                _k_mem_slab_list_start = .
 *(SORT_BY_NAME(SORT_BY_ALIGNMENT(._k_mem_slab.static.*)))
                0x00000000240000a2                _k_mem_slab_list_end = .

k_heap_area     0x00000000240000a2        0x0 load address 0x0000000008005392
                0x00000000240000a2                _k_heap_list_start = .
 *(SORT_BY_NAME(SORT_BY_ALIGNMENT(._k_heap.static.*)))
                0x00000000240000a2                _k_heap_list_end = .

k_mutex_area    0x00000000240000a2        0x0 load address 0x0000000008005392
                0x00000000240000a2                _k_mutex_list_start = .
 *(SORT_BY_NAME(SORT_BY_ALIGNMENT(._k_mutex.static.*)))
                0x00000000240000a2                _k_mutex_list_end = .

k_stack_area    0x00000000240000a2        0x0 load address 0x0000000008005392
                0x00000000240000a2                _k_stack_list_start = .
 *(SORT_BY_NAME(SORT_BY_ALIGNMENT(._k_stack.static.*)))
                0x00000000240000a2                _k_stack_list_end = .

k_msgq_area     0x00000000240000a2        0x0 load address 0x0000000008005392
                0x00000000240000a2                _k_msgq_list_start = .
 *(SORT_BY_NAME(SORT_BY_ALIGNMENT(._k_msgq.static.*)))
                0x00000000240000a2                _k_msgq_list_end = .

k_mbox_area     0x00000000240000a2        0x0 load address 0x0000000008005392
                0x00000000240000a2                _k_mbox_list_start = .
 *(SORT_BY_NAME(SORT_BY_ALIGNMENT(._k_mbox.static.*)))
                0x00000000240000a2                _k_mbox_list_end = .

k_pipe_area     0x00000000240000a2        0x0 load address 0x0000000008005392
                0x00000000240000a2                _k_pipe_list_start = .
 *(SORT_BY_NAME(SORT_BY_ALIGNMENT(._k_pipe.static.*)))
                0x00000000240000a2                _k_pipe_list_end = .

k_sem_area      0x00000000240000a2        0x0 load address 0x0000000008005392
                0x00000000240000a2                _k_sem_list_start = .
 *(SORT_BY_NAME(SORT_BY_ALIGNMENT(._k_sem.static.*)))
                0x00000000240000a2                _k_sem_list_end = .

k_event_area    0x00000000240000a2        0x0 load address 0x0000000008005392
                0x00000000240000a2                _k_event_list_start = .
 *(SORT_BY_NAME(SORT_BY_ALIGNMENT(._k_event.static.*)))
                0x00000000240000a2                _k_event_list_end = .

k_queue_area    0x00000000240000a2        0x0 load address 0x0000000008005392
                0x00000000240000a2                _k_queue_list_start = .
 *(SORT_BY_NAME(SORT_BY_ALIGNMENT(._k_queue.static.*)))
                0x00000000240000a2                _k_queue_list_end = .

k_fifo_area     0x00000000240000a2        0x0 load address 0x0000000008005392
                0x00000000240000a2                _k_fifo_list_start = .
 *(SORT_BY_NAME(SORT_BY_ALIGNMENT(._k_fifo.static.*)))
                0x00000000240000a2                _k_fifo_list_end = .

k_lifo_area     0x00000000240000a2        0x0 load address 0x0000000008005392
                0x00000000240000a2                _k_lifo_list_start = .
 *(SORT_BY_NAME(SORT_BY_ALIGNMENT(._k_lifo.static.*)))
                0x00000000240000a2                _k_lifo_list_end = .

k_condvar_area  0x00000000240000a2        0x0 load address 0x0000000008005392
                0x00000000240000a2                _k_condvar_list_start = .
 *(SORT_BY_NAME(SORT_BY_ALIGNMENT(._k_condvar.static.*)))
                0x00000000240000a2                _k_condvar_list_end = .

sys_mem_blocks_ptr_area
                0x00000000240000a2        0x0 load address 0x0000000008005392
                0x00000000240000a2                _sys_mem_blocks_ptr_list_start = .
 *(SORT_BY_NAME(SORT_BY_ALIGNMENT(._sys_mem_blocks_ptr.static.*)))
                0x00000000240000a2                _sys_mem_blocks_ptr_list_end = .

net_buf_pool_area
                0x00000000240000a2        0x0 load address 0x0000000008005392
                0x00000000240000a2                _net_buf_pool_list_start = .
 *(SORT_BY_NAME(SORT_BY_ALIGNMENT(._net_buf_pool.static.*)))
                0x00000000240000a2                _net_buf_pool_list_end = .

zbus_observer_area
                0x00000000240000a4       0x40 load address 0x0000000008005394
                0x00000000240000a4                _zbus_observer_list_start = .
 *(SORT_BY_NAME(SORT_BY_ALIGNMENT(._zbus_observer.static.*)))
 ._zbus_observer.static.s1_
                0x00000000240000a4        0x8 app/libapp.a(benchmark.c.obj)
                0x00000000240000a4                s1
 ._zbus_observer.static.s2_
                0x00000000240000ac        0x8 app/libapp.a(benchmark.c.obj)
                0x00000000240000ac                s2
 ._zbus_observer.static.s3_
                0x00000000240000b4        0x8 app/libapp.a(benchmark.c.obj)
                0x00000000240000b4                s3
 ._zbus_observer.static.s4_
                0x00000000240000bc        0x8 app/libapp.a(benchmark.c.obj)
                0x00000000240000bc                s4
 ._zbus_observer.static.s5_
                0x00000000240000c4        0x8 app/libapp.a(benchmark.c.obj)
                0x00000000240000c4                s5
 ._zbus_observer.static.s6_
                0x00000000240000cc        0x8 app/libapp.a(benchmark.c.obj)
                0x00000000240000cc                s6
 ._zbus_observer.static.s7_
                0x00000000240000d4        0x8 app/libapp.a(benchmark.c.obj)
                0x00000000240000d4                s7
 ._zbus_observer.static.s8_
                0x00000000240000dc        0x8 app/libapp.a(benchmark.c.obj)
                0x00000000240000dc                s8
                0x00000000240000e4                _zbus_observer_list_end = .

zbus_channel_observation_mask_area
                0x00000000240000e4        0x8 load address 0x00000000080053d4
                0x00000000240000e4                _zbus_channel_observation_mask_list_start = .
 *(SORT_BY_NAME(SORT_BY_ALIGNMENT(._zbus_channel_observation_mask.static.*)))
 ._zbus_channel_observation_mask.static.bm_channel00_mask_
                0x00000000240000e4        0x1 app/libapp.a(benchmark.c.obj)
                0x00000000240000e4                bm_channel00_mask
 ._zbus_channel_observation_mask.static.bm_channel01_mask_
                0x00000000240000e5        0x1 app/libapp.a(benchmark.c.obj)
                0x00000000240000e5                bm_channel01_mask
 ._zbus_channel_observation_mask.static.bm_channel02_mask_
                0x00000000240000e6        0x1 app/libapp.a(benchmark.c.obj)
                0x00000000240000e6                bm_channel02_mask
 ._zbus_channel_observation_mask.static.bm_channel03_mask_
                0x00000000240000e7        0x1 app/libapp.a(benchmark.c.obj)
                0x00000000240000e7                bm_channel03_mask
 ._zbus_channel_observation_mask.static.bm_channel04_mask_
                0x00000000240000e8        0x1 app/libapp.a(benchmark.c.obj)
                0x00000000240000e8                bm_channel04_mask
 ._zbus_channel_observation_mask.static.bm_channel05_mask_
                0x00000000240000e9        0x1 app/libapp.a(benchmark.c.obj)
                0x00000000240000e9                bm_channel05_mask
 ._zbus_channel_observation_mask.static.bm_channel06_mask_
                0x00000000240000ea        0x1 app/libapp.a(benchmark.c.obj)
                0x00000000240000ea                bm_channel06_mask
 ._zbus_channel_observation_mask.static.bm_channel07_mask_
                0x00000000240000eb        0x1 app/libapp.a(benchmark.c.obj)
                0x00000000240000eb                bm_channel07_mask
                0x00000000240000ec                _zbus_channel_observation_mask_list_end = .
                0x00000000240000ec                __data_region_end = .

bss             0x00000000240000f0      0x443
                0x00000000240000f0                . = ALIGN (0x4)
                0x00000000240000f0                __bss_start = .
                0x00000000240000f0                __kernel_ram_start = .
 *(SORT_BY_ALIGNMENT(.bss))
 *(SORT_BY_ALIGNMENT(.bss.*))
 .bss._k_thread_obj_producer_thread_id
                0x00000000240000f0       0x80 app/libapp.a(benchmark.c.obj)
                0x00000000240000f0                _k_thread_obj_producer_thread_id
 .bss.announced_cycles
                0x0000000024000170        0x8 zephyr/drivers/timer/libdrivers__timer.a(cortex_m_systick.c.obj)
 .bss.cycle_count
                0x0000000024000178        0x8 zephyr/drivers/timer/libdrivers__timer.a(cortex_m_systick.c.obj)
 .bss.z_idle_threads
                0x0000000024000180       0x80 zephyr/kernel/libkernel.a(init.c.obj)
                0x0000000024000180                z_idle_threads
 .bss.z_main_thread
                0x0000000024000200       0x80 zephyr/kernel/libkernel.a(init.c.obj)
                0x0000000024000200                z_main_thread
 .bss.slice_timeouts
                0x0000000024000280       0x18 zephyr/kernel/libkernel.a(sched.c.obj)
 .bss.curr_tick
                0x0000000024000298        0x8 zephyr/kernel/libkernel.a(timeout.c.obj)
 .bss.count     0x00000000240002a0        0x4 app/libapp.a(benchmark.c.obj)
 .bss.z_arm_tls_ptr
                0x00000000240002a4        0x4 zephyr/arch/arch/arm/core/libarch__arm__core.a(tls.c.obj)
                0x00000000240002a4                z_arm_tls_ptr
 .bss.dynamic_regions.0
                0x00000000240002a8        0xc zephyr/arch/arch/arm/core/mpu/libarch__arm__core__mpu.a(arm_core_mpu.c.obj)
 .bss._stdout_hook
                0x00000000240002b4        0x4 zephyr/lib/libc/picolibc/liblib__libc__picolibc.a(libc-hooks.c.obj)
 .bss.z_malloc_heap
                0x00000000240002b8        0xc zephyr/lib/libc/common/liblib__libc__common.a(malloc.c.obj)
 .bss.exti_data
                0x00000000240002c4       0x80 zephyr/drivers/interrupt_controller/libdrivers__interrupt_controller.a(intc_exti_stm32.c.obj)
 .bss.gpio_stm32_data_k
                0x0000000024000344       0x10 zephyr/drivers/gpio/libdrivers__gpio.a(gpio_stm32.c.obj)
 .bss.gpio_stm32_data_j
                0x0000000024000354       0x10 zephyr/drivers/gpio/libdrivers__gpio.a(gpio_stm32.c.obj)
 .bss.gpio_stm32_data_i
                0x0000000024000364       0x10 zephyr/drivers/gpio/libdrivers__gpio.a(gpio_stm32.c.obj)
 .bss.gpio_stm32_data_h
                0x0000000024000374       0x10 zephyr/drivers/gpio/libdrivers__gpio.a(gpio_stm32.c.obj)
 .bss.gpio_stm32_data_g
                0x0000000024000384       0x10 zephyr/drivers/gpio/libdrivers__gpio.a(gpio_stm32.c.obj)
 .bss.gpio_stm32_data_f
                0x0000000024000394       0x10 zephyr/drivers/gpio/libdrivers__gpio.a(gpio_stm32.c.obj)
 .bss.gpio_stm32_data_e
                0x00000000240003a4       0x10 zephyr/drivers/gpio/libdrivers__gpio.a(gpio_stm32.c.obj)
 .bss.gpio_stm32_data_d
                0x00000000240003b4       0x10 zephyr/drivers/gpio/libdrivers__gpio.a(gpio_stm32.c.obj)
 .bss.gpio_stm32_data_c
                0x00000000240003c4       0x10 zephyr/drivers/gpio/libdrivers__gpio.a(gpio_stm32.c.obj)
 .bss.gpio_stm32_data_b
                0x00000000240003d4       0x10 zephyr/drivers/gpio/libdrivers__gpio.a(gpio_stm32.c.obj)
 .bss.gpio_stm32_data_a
                0x00000000240003e4       0x10 zephyr/drivers/gpio/libdrivers__gpio.a(gpio_stm32.c.obj)
 .bss.overflow_cyc
                0x00000000240003f4        0x4 zephyr/drivers/timer/libdrivers__timer.a(cortex_m_systick.c.obj)
 .bss.last_load
                0x00000000240003f8        0x4 zephyr/drivers/timer/libdrivers__timer.a(cortex_m_systick.c.obj)
 .bss._cpus_active
                0x00000000240003fc        0x4 zephyr/kernel/libkernel.a(init.c.obj)
                0x00000000240003fc                _cpus_active
 .bss._kernel   0x0000000024000400       0x20 zephyr/kernel/libkernel.a(init.c.obj)
                0x0000000024000400                _kernel
 .bss.pending_current
                0x0000000024000420        0x4 zephyr/kernel/libkernel.a(sched.c.obj)
 .bss.slice_max_prio
                0x0000000024000424        0x4 zephyr/kernel/libkernel.a(sched.c.obj)
 .bss.slice_ticks
                0x0000000024000428        0x4 zephyr/kernel/libkernel.a(sched.c.obj)
 .bss.announce_remaining
                0x000000002400042c        0x4 zephyr/kernel/libkernel.a(timeout.c.obj)
 .bss._zbus_message_bm_channel
                0x0000000024000430      0x100 app/libapp.a(benchmark.c.obj)
 .bss.static_regions_num
                0x0000000024000530        0x1 zephyr/arch/arch/arm/core/mpu/libarch__arm__core__mpu.a(arm_mpu.c.obj)
 .bss.z_sys_post_kernel
                0x0000000024000531        0x1 zephyr/kernel/libkernel.a(init.c.obj)
                0x0000000024000531                z_sys_post_kernel
 .bss.lock      0x0000000024000532        0x0 zephyr/kernel/libkernel.a(mutex.c.obj)
 .bss.slice_expired
                0x0000000024000532        0x1 zephyr/kernel/libkernel.a(sched.c.obj)
 .bss.sched_spinlock
                0x0000000024000533        0x0 zephyr/kernel/libkernel.a(sched.c.obj)
                0x0000000024000533                sched_spinlock
 *(SORT_BY_ALIGNMENT(COMMON))
 *(SORT_BY_ALIGNMENT(.kernel_bss.*))
                0x0000000024000534                __bss_end = ALIGN (0x4)

noinit          0x0000000024000540     0x1600
 *(SORT_BY_ALIGNMENT(.noinit))
 *(SORT_BY_ALIGNMENT(.noinit.*))
 .noinit."WEST_TOPDIR/zephyr/samples/subsys/zbus/benchmark/src/benchmark.c".0
                0x0000000024000540      0x540 app/libapp.a(benchmark.c.obj)
                0x0000000024000540                _k_thread_stack_producer_thread_id
 .noinit."WEST_TOPDIR/zephyr/kernel/init.c".2
                0x0000000024000a80      0x840 zephyr/kernel/libkernel.a(init.c.obj)
                0x0000000024000a80                z_interrupt_stacks
 .noinit."WEST_TOPDIR/zephyr/kernel/init.c".1
                0x00000000240012c0      0x440 zephyr/kernel/libkernel.a(init.c.obj)
 .noinit."WEST_TOPDIR/zephyr/kernel/init.c".0
                0x0000000024001700      0x440 zephyr/kernel/libkernel.a(init.c.obj)
                0x0000000024001700                z_main_stack
 *(SORT_BY_ALIGNMENT(.kernel_noinit.*))
                0x0000000024050000                __kernel_ram_end = 0x24050000
                0x000000000004ff10                __kernel_ram_size = (__kernel_ram_end - __kernel_ram_start)

/DISCARD/
 *(SORT_BY_ALIGNMENT(.irq_info*))
 *(SORT_BY_ALIGNMENT(.intList*))

.last_ram_section
                0x0000000024001b40        0x0
                0x0000000024001b40                _image_ram_end = .
                0x0000000000001b40                _image_ram_size = (_image_ram_end - _image_ram_start)
                0x0000000024001b40                _end = .
                0x0000000024001b40                z_mapped_end = .

.stab
 *(SORT_BY_ALIGNMENT(.stab))

.stabstr
 *(SORT_BY_ALIGNMENT(.stabstr))

.stab.excl
 *(SORT_BY_ALIGNMENT(.stab.excl))

.stab.exclstr
 *(SORT_BY_ALIGNMENT(.stab.exclstr))

.stab.index
 *(SORT_BY_ALIGNMENT(.stab.index))

.stab.indexstr
 *(SORT_BY_ALIGNMENT(.stab.indexstr))

.gnu.build.attributes
 *(SORT_BY_ALIGNMENT(.gnu.build.attributes) SORT_BY_ALIGNMENT(.gnu.build.attributes.*))

.comment        0x0000000000000000       0x20
 *(SORT_BY_ALIGNMENT(.comment))
 .comment       0x0000000000000000       0x20 zephyr/CMakeFiles/zephyr_final.dir/isr_tables.c.obj
                                         0x21 (size before relaxing)
 .comment       0x0000000000000020       0x21 zephyr/CMakeFiles/offsets.dir/./arch/arm/core/offsets/offsets.c.obj
 .comment       0x0000000000000020       0x21 app/libapp.a(benchmark.c.obj)
 .comment       0x0000000000000020       0x21 zephyr/libzephyr.a(cbprintf_packaged.c.obj)
 .comment       0x0000000000000020       0x21 zephyr/libzephyr.a(printk.c.obj)
 .comment       0x0000000000000020       0x21 zephyr/libzephyr.a(thread_entry.c.obj)
 .comment       0x0000000000000020       0x21 zephyr/libzephyr.a(heap.c.obj)
 .comment       0x0000000000000020       0x21 zephyr/libzephyr.a(configs.c.obj)
 .comment       0x0000000000000020       0x21 zephyr/libzephyr.a(soc_m7.c.obj)
 .comment       0x0000000000000020       0x21 zephyr/libzephyr.a(mpu_regions.c.obj)
 .comment       0x0000000000000020       0x21 zephyr/libzephyr.a(soc_config.c.obj)
 .comment       0x0000000000000020       0x21 zephyr/libzephyr.a(log_minimal.c.obj)
 .comment       0x0000000000000020       0x21 zephyr/libzephyr.a(mem_attr.c.obj)
 .comment       0x0000000000000020       0x21 zephyr/arch/arch/arm/core/libarch__arm__core.a(fatal.c.obj)
 .comment       0x0000000000000020       0x21 zephyr/arch/arch/arm/core/libarch__arm__core.a(nmi.c.obj)
 .comment       0x0000000000000020       0x21 zephyr/arch/arch/arm/core/libarch__arm__core.a(tls.c.obj)
 .comment       0x0000000000000020       0x21 zephyr/arch/arch/arm/core/cortex_m/libarch__arm__core__cortex_m.a(fault.c.obj)
 .comment       0x0000000000000020       0x21 zephyr/arch/arch/arm/core/cortex_m/libarch__arm__core__cortex_m.a(thread_abort.c.obj)
 .comment       0x0000000000000020       0x21 zephyr/arch/arch/arm/core/cortex_m/libarch__arm__core__cortex_m.a(swap.c.obj)
 .comment       0x0000000000000020       0x21 zephyr/arch/arch/arm/core/cortex_m/libarch__arm__core__cortex_m.a(irq_manage.c.obj)
 .comment       0x0000000000000020       0x21 zephyr/arch/arch/arm/core/cortex_m/libarch__arm__core__cortex_m.a(prep_c.c.obj)
 .comment       0x0000000000000020       0x21 zephyr/arch/arch/arm/core/cortex_m/libarch__arm__core__cortex_m.a(thread.c.obj)
 .comment       0x0000000000000020       0x21 zephyr/arch/arch/arm/core/cortex_m/libarch__arm__core__cortex_m.a(irq_init.c.obj)
 .comment       0x0000000000000020       0x21 zephyr/arch/arch/arm/core/mpu/libarch__arm__core__mpu.a(arm_core_mpu.c.obj)
 .comment       0x0000000000000020       0x21 zephyr/arch/arch/arm/core/mpu/libarch__arm__core__mpu.a(arm_mpu.c.obj)
 .comment       0x0000000000000020       0x21 zephyr/lib/libc/picolibc/liblib__libc__picolibc.a(libc-hooks.c.obj)
 .comment       0x0000000000000020       0x21 zephyr/lib/libc/common/liblib__libc__common.a(malloc.c.obj)
 .comment       0x0000000000000020       0x21 zephyr/subsys/zbus/libsubsys__zbus.a(zbus.c.obj)
 .comment       0x0000000000000020       0x21 zephyr/drivers/interrupt_controller/libdrivers__interrupt_controller.a(intc_exti_stm32.c.obj)
 .comment       0x0000000000000020       0x21 zephyr/drivers/clock_control/libdrivers__clock_control.a(clock_stm32_ll_h7.c.obj)
 .comment       0x0000000000000020       0x21 zephyr/drivers/console/libdrivers__console.a(uart_console.c.obj)
 .comment       0x0000000000000020       0x21 zephyr/drivers/gpio/libdrivers__gpio.a(gpio_stm32.c.obj)
 .comment       0x0000000000000020       0x21 zephyr/drivers/pinctrl/libdrivers__pinctrl.a(common.c.obj)
 .comment       0x0000000000000020       0x21 zephyr/drivers/pinctrl/libdrivers__pinctrl.a(pinctrl_stm32.c.obj)
 .comment       0x0000000000000020       0x21 zephyr/drivers/reset/libdrivers__reset.a(reset_stm32.c.obj)
 .comment       0x0000000000000020       0x21 zephyr/drivers/serial/libdrivers__serial.a(uart_stm32.c.obj)
 .comment       0x0000000000000020       0x21 zephyr/drivers/timer/libdrivers__timer.a(cortex_m_systick.c.obj)
 .comment       0x0000000000000020       0x21 modules/stm32/stm32cube/lib..__modules__hal__stm32__stm32cube.a(system_stm32h7xx.c.obj)
 .comment       0x0000000000000020       0x21 modules/stm32/stm32cube/lib..__modules__hal__stm32__stm32cube.a(stm32h7xx_hal.c.obj)
 .comment       0x0000000000000020       0x21 modules/stm32/stm32cube/lib..__modules__hal__stm32__stm32cube.a(stm32h7xx_ll_utils.c.obj)
 .comment       0x0000000000000020       0x21 zephyr/kernel/libkernel.a(device.c.obj)
 .comment       0x0000000000000020       0x21 zephyr/kernel/libkernel.a(fatal.c.obj)
 .comment       0x0000000000000020       0x21 zephyr/kernel/libkernel.a(init.c.obj)
 .comment       0x0000000000000020       0x21 zephyr/kernel/libkernel.a(thread.c.obj)
 .comment       0x0000000000000020       0x21 zephyr/kernel/libkernel.a(idle.c.obj)
 .comment       0x0000000000000020       0x21 zephyr/kernel/libkernel.a(msg_q.c.obj)
 .comment       0x0000000000000020       0x21 zephyr/kernel/libkernel.a(mutex.c.obj)
 .comment       0x0000000000000020       0x21 zephyr/kernel/libkernel.a(sched.c.obj)
 .comment       0x0000000000000020       0x21 zephyr/kernel/libkernel.a(xip.c.obj)
 .comment       0x0000000000000020       0x21 zephyr/kernel/libkernel.a(timeout.c.obj)
 .comment       0x0000000000000020       0x21 zephyr/kernel/libkernel.a(main_weak.c.obj)
 .comment       0x0000000000000020       0x21 zephyr/kernel/libkernel.a(banner.c.obj)
 .comment       0x0000000000000020       0x21 zephyr/kernel/libkernel.a(kheap.c.obj)

.debug
 *(SORT_BY_ALIGNMENT(.debug))

.line
 *(SORT_BY_ALIGNMENT(.line))

.debug_srcinfo
 *(SORT_BY_ALIGNMENT(.debug_srcinfo))

.debug_sfnames
 *(SORT_BY_ALIGNMENT(.debug_sfnames))

.debug_aranges  0x0000000000000000     0x11b8
 *(SORT_BY_ALIGNMENT(.debug_aranges))
 .debug_aranges
                0x0000000000000000       0x20 zephyr/arch/arch/arm/core/libarch__arm__core.a(nmi_on_reset.S.obj)
 .debug_aranges
                0x0000000000000020       0x20 zephyr/arch/arch/arm/core/cortex_m/libarch__arm__core__cortex_m.a(exc_exit.S.obj)
 .debug_aranges
                0x0000000000000040       0x20 zephyr/arch/arch/arm/core/cortex_m/libarch__arm__core__cortex_m.a(fault_s.S.obj)
 .debug_aranges
                0x0000000000000060       0x20 zephyr/arch/arch/arm/core/cortex_m/libarch__arm__core__cortex_m.a(reset.S.obj)
 .debug_aranges
                0x0000000000000080       0x28 zephyr/arch/arch/arm/core/cortex_m/libarch__arm__core__cortex_m.a(swap_helper.S.obj)
 .debug_aranges
                0x00000000000000a8       0x30 zephyr/arch/arch/arm/core/cortex_m/libarch__arm__core__cortex_m.a(cpu_idle.S.obj)
 .debug_aranges
                0x00000000000000d8       0x20 zephyr/arch/arch/arm/core/cortex_m/libarch__arm__core__cortex_m.a(isr_wrapper.S.obj)
 .debug_aranges
                0x00000000000000f8       0x20 zephyr/arch/arch/arm/core/cortex_m/libarch__arm__core__cortex_m.a(__aeabi_read_tp.S.obj)
 .debug_aranges
                0x0000000000000118       0x18 zephyr/CMakeFiles/zephyr_final.dir/isr_tables.c.obj
 .debug_aranges
                0x0000000000000130       0x20 zephyr/CMakeFiles/offsets.dir/./arch/arm/core/offsets/offsets.c.obj
 .debug_aranges
                0x0000000000000150       0x28 app/libapp.a(benchmark.c.obj)
 .debug_aranges
                0x0000000000000178       0x40 zephyr/libzephyr.a(cbprintf_packaged.c.obj)
 .debug_aranges
                0x00000000000001b8       0x50 zephyr/libzephyr.a(printk.c.obj)
 .debug_aranges
                0x0000000000000208       0x20 zephyr/libzephyr.a(thread_entry.c.obj)
 .debug_aranges
                0x0000000000000228       0xb8 zephyr/libzephyr.a(heap.c.obj)
 .debug_aranges
                0x00000000000002e0       0x20 zephyr/libzephyr.a(configs.c.obj)
 .debug_aranges
                0x0000000000000300       0x20 zephyr/libzephyr.a(soc_m7.c.obj)
 .debug_aranges
                0x0000000000000320       0x18 zephyr/libzephyr.a(mpu_regions.c.obj)
 .debug_aranges