Archive member included to satisfy reference by file (symbol)

app/libapp.a(main.c.obj)      (--whole-archive)
app/libapp.a(sensors.c.obj)   (--whole-archive)
zephyr/libzephyr.a(cbprintf_packaged.c.obj)
                              (--whole-archive)
zephyr/libzephyr.a(dec.c.obj)
                              (--whole-archive)
zephyr/libzephyr.a(hex.c.obj)
                              (--whole-archive)
zephyr/libzephyr.a(printk.c.obj)
                              (--whole-archive)
zephyr/libzephyr.a(rb.c.obj)  (--whole-archive)
zephyr/libzephyr.a(sem.c.obj)
                              (--whole-archive)
zephyr/libzephyr.a(thread_entry.c.obj)
                              (--whole-archive)
zephyr/libzephyr.a(timeutil.c.obj)
                              (--whole-archive)
zephyr/libzephyr.a(heap.c.obj)
                              (--whole-archive)
zephyr/libzephyr.a(heap-validate.c.obj)
                              (--whole-archive)
zephyr/libzephyr.a(bitarray.c.obj)
                              (--whole-archive)
zephyr/libzephyr.a(multi_heap.c.obj)
                              (--whole-archive)
zephyr/libzephyr.a(cbprintf_complete.c.obj)
                              (--whole-archive)
zephyr/libzephyr.a(assert.c.obj)
                              (--whole-archive)
zephyr/libzephyr.a(configs.c.obj)
                              (--whole-archive)
zephyr/libzephyr.a(soc_m7.c.obj)
                              (--whole-archive)
zephyr/libzephyr.a(mpu_regions.c.obj)
                              (--whole-archive)
zephyr/libzephyr.a(stm32cube_hal.c.obj)
                              (--whole-archive)
zephyr/libzephyr.a(soc_config.c.obj)
                              (--whole-archive)
zephyr/libzephyr.a(log_minimal.c.obj)
                              (--whole-archive)
zephyr/libzephyr.a(mem_attr.c.obj)
                              (--whole-archive)
zephyr/libzephyr.a(tracing_none.c.obj)
                              (--whole-archive)
zephyr/arch/common/libarch__common.a(sw_isr_common.c.obj)
                              (--whole-archive)
zephyr/arch/arch/arm/core/libarch__arm__core.a(fatal.c.obj)
                              (--whole-archive)
zephyr/arch/arch/arm/core/libarch__arm__core.a(nmi.c.obj)
                              (--whole-archive)
zephyr/arch/arch/arm/core/libarch__arm__core.a(nmi_on_reset.S.obj)
                              (--whole-archive)
zephyr/arch/arch/arm/core/libarch__arm__core.a(tls.c.obj)
                              (--whole-archive)
zephyr/arch/arch/arm/core/cortex_m/libarch__arm__core__cortex_m.a(exc_exit.S.obj)
                              (--whole-archive)
zephyr/arch/arch/arm/core/cortex_m/libarch__arm__core__cortex_m.a(fault.c.obj)
                              (--whole-archive)
zephyr/arch/arch/arm/core/cortex_m/libarch__arm__core__cortex_m.a(fault_s.S.obj)
                              (--whole-archive)
zephyr/arch/arch/arm/core/cortex_m/libarch__arm__core__cortex_m.a(fpu.c.obj)
                              (--whole-archive)
zephyr/arch/arch/arm/core/cortex_m/libarch__arm__core__cortex_m.a(reset.S.obj)
                              (--whole-archive)
zephyr/arch/arch/arm/core/cortex_m/libarch__arm__core__cortex_m.a(scb.c.obj)
                              (--whole-archive)
zephyr/arch/arch/arm/core/cortex_m/libarch__arm__core__cortex_m.a(thread_abort.c.obj)
                              (--whole-archive)
zephyr/arch/arch/arm/core/cortex_m/libarch__arm__core__cortex_m.a(vector_table.S.obj)
                              (--whole-archive)
zephyr/arch/arch/arm/core/cortex_m/libarch__arm__core__cortex_m.a(swap.c.obj)
                              (--whole-archive)
zephyr/arch/arch/arm/core/cortex_m/libarch__arm__core__cortex_m.a(swap_helper.S.obj)
                              (--whole-archive)
zephyr/arch/arch/arm/core/cortex_m/libarch__arm__core__cortex_m.a(irq_manage.c.obj)
                              (--whole-archive)
zephyr/arch/arch/arm/core/cortex_m/libarch__arm__core__cortex_m.a(prep_c.c.obj)
                              (--whole-archive)
zephyr/arch/arch/arm/core/cortex_m/libarch__arm__core__cortex_m.a(thread.c.obj)
                              (--whole-archive)
zephyr/arch/arch/arm/core/cortex_m/libarch__arm__core__cortex_m.a(cpu_idle.S.obj)
                              (--whole-archive)
zephyr/arch/arch/arm/core/cortex_m/libarch__arm__core__cortex_m.a(irq_init.c.obj)
                              (--whole-archive)
zephyr/arch/arch/arm/core/cortex_m/libarch__arm__core__cortex_m.a(isr_wrapper.S.obj)
                              (--whole-archive)
zephyr/arch/arch/arm/core/cortex_m/libarch__arm__core__cortex_m.a(__aeabi_read_tp.S.obj)
                              (--whole-archive)
zephyr/arch/arch/arm/core/mpu/libarch__arm__core__mpu.a(arm_core_mpu.c.obj)
                              (--whole-archive)
zephyr/arch/arch/arm/core/mpu/libarch__arm__core__mpu.a(arm_mpu.c.obj)
                              (--whole-archive)
[...]
Memory Configuration

Name             Origin             Length             Attributes
FLASH            0x0000000008000000 0x0000000000100000 xr
RAM              0x0000000024000000 0x0000000000050000 xw
QSPI             0x0000000090000000 0x0000000010000000
SRAM1            0x0000000030000000 0x0000000000004000
SRAM2            0x0000000030004000 0x0000000000004000
SRAM4            0x0000000038000000 0x0000000000004000
DTCM             0x0000000020000000 0x0000000000020000
ITCM             0x0000000000000000 0x0000000000010000
IDT_LIST         0x00000000fffff7ff 0x0000000000000800 xw
*default*        0x0000000000000000 0xffffffffffffffff

Linker script and memory map

                0x0000000008005478                vfprintf = __i_vfprintf
                0x0000000000000000                vfscanf = __i_vfscanf
LOAD zephyr/CMakeFiles/zephyr_pre0.dir/misc/empty_file.c.obj
LOAD zephyr/CMakeFiles/offsets.dir/./arch/arm/core/offsets/offsets.c.obj
LOAD app/libapp.a
LOAD zephyr/libzephyr.a
LOAD zephyr/arch/common/libarch__common.a
LOAD zephyr/arch/arch/arm/core/libarch__arm__core.a
LOAD zephyr/arch/arch/arm/core/cortex_m/libarch__arm__core__cortex_m.a
LOAD zephyr/arch/arch/arm/core/mpu/libarch__arm__core__mpu.a
LOAD zephyr/lib/libc/picolibc/liblib__libc__picolibc.a
LOAD zephyr/lib/libc/common/liblib__libc__common.a
LOAD zephyr/subsys/zbus/libsubsys__zbus.a
LOAD zephyr/drivers/interrupt_controller/libdrivers__interrupt_controller.a
LOAD zephyr/drivers/clock_control/libdrivers__clock_control.a
LOAD zephyr/drivers/console/libdrivers__console.a
LOAD zephyr/drivers/gpio/libdrivers__gpio.a
LOAD zephyr/drivers/pinctrl/libdrivers__pinctrl.a
LOAD zephyr/drivers/reset/libdrivers__reset.a
LOAD zephyr/drivers/serial/libdrivers__serial.a
LOAD zephyr/drivers/timer/libdrivers__timer.a
LOAD modules/stm32/stm32cube/lib..__modules__hal__stm32__stm32cube.a
LOAD zephyr/kernel/libkernel.a
LOAD c:/users/joedo/zephyr-sdk-0.16.3/arm-zephyr-eabi/bin/../lib/gcc/arm-zephyr-eabi/12.2.0/thumb/v7e-m/nofp\libgcc.a
LOAD zephyr/arch/common/libisr_tables.a
LOAD c:\users\joedo\zephyr-sdk-0.16.3\arm-zephyr-eabi\bin\../lib/gcc/../../picolibc/arm-zephyr-eabi/lib/thumb/v7e-m/nofp\libc.a
LOAD c:/users/joedo/zephyr-sdk-0.16.3/arm-zephyr-eabi/bin/../lib/gcc/arm-zephyr-eabi/12.2.0/thumb/v7e-m/nofp\libgcc.a
                0x0000000000000020                _region_min_align = 0x20

.rel.plt        0x0000000008000000        0x0
 *(SORT_BY_ALIGNMENT(.rel.plt))
                [!provide]                        PROVIDE (__rel_iplt_start = .)
 *(SORT_BY_ALIGNMENT(.rel.iplt))
 .rel.iplt      0x0000000008000000        0x0 app/libapp.a(main.c.obj)
                [!provide]                        PROVIDE (__rel_iplt_end = .)

.rela.plt       0x0000000000000000        0x0
 *(SORT_BY_ALIGNMENT(.rela.plt))
                [!provide]                        PROVIDE (__rela_iplt_start = .)
 *(SORT_BY_ALIGNMENT(.rela.iplt))
                [!provide]                        PROVIDE (__rela_iplt_end = .)

.rel.dyn
 *(SORT_BY_ALIGNMENT(.rel.*))

.rela.dyn
 *(SORT_BY_ALIGNMENT(.rela.*))

/DISCARD/
 *(SORT_BY_ALIGNMENT(.plt))

/DISCARD/
 *(SORT_BY_ALIGNMENT(.iplt))
                0x0000000008000000                __rom_region_start = 0x8000000

rom_start       0x0000000008000000      0x2cc
                0x0000000008000000                __rom_start_address = .
 FILL mask 0x00
                0x0000000008000000                . = (. + (0x0 - (. - __rom_start_address)))
                0x0000000008000000                . = ALIGN (0x4)
                0x0000000008000000                . = ALIGN (0x80)
                0x0000000008000000                . = ALIGN (0x400)
                0x0000000008000000                _vector_start = .
 *(SORT_BY_ALIGNMENT(.exc_vector_table))
 *(SORT_BY_ALIGNMENT(.exc_vector_table.*))
 .exc_vector_table._vector_table_section
                0x0000000008000000       0x40 zephyr/arch/arch/arm/core/cortex_m/libarch__arm__core__cortex_m.a(vector_table.S.obj)
                0x0000000008000000                _vector_table
 *(SORT_BY_ALIGNMENT(.vectors))
                0x00000000080002cc                _vector_end = .
                0x0000000008000040                . = ALIGN (0x4)
 *(SORT_BY_ALIGNMENT(.gnu.linkonce.irq_vector_table*))
 .gnu.linkonce.irq_vector_table
                0x0000000008000040      0x28c zephyr/arch/common/libisr_tables.a(isr_tables.c.obj)
                0x0000000008000040                _irq_vector_table
                0x00000000080002cc                _vector_end = .

text            0x00000000080002cc     0x5f30
                0x00000000080002cc                __text_region_start = .
 *(SORT_BY_ALIGNMENT(.text))
 .text          0x00000000080002cc       0x30 c:/users/joedo/zephyr-sdk-0.16.3/arm-zephyr-eabi/bin/../lib/gcc/arm-zephyr-eabi/12.2.0/thumb/v7e-m/nofp\libgcc.a(_aeabi_uldivmod.o)
                0x00000000080002cc                __aeabi_uldivmod
 .text          0x00000000080002fc        0x4 c:/users/joedo/zephyr-sdk-0.16.3/arm-zephyr-eabi/bin/../lib/gcc/arm-zephyr-eabi/12.2.0/thumb/v7e-m/nofp\libgcc.a(_dvmd_tls.o)
                0x00000000080002fc                __aeabi_idiv0
                0x00000000080002fc                __aeabi_ldiv0
 .text          0x0000000008000300      0x2a0 c:/users/joedo/zephyr-sdk-0.16.3/arm-zephyr-eabi/bin/../lib/gcc/arm-zephyr-eabi/12.2.0/thumb/v7e-m/nofp\libgcc.a(_udivmoddi4.o)
                0x0000000008000300                __udivmoddi4
 *(SORT_BY_ALIGNMENT(.text.*))
 .text.dh1_cb   0x00000000080005a0       0x10 app/libapp.a(main.c.obj)
 .text.dh2_cb   0x00000000080005b0       0x10 app/libapp.a(main.c.obj)
 .text.dh3_cb   0x00000000080005c0       0x10 app/libapp.a(main.c.obj)
 .text.wq_dh_cb
                0x00000000080005d0       0x30 app/libapp.a(main.c.obj)
 .text.thread_handler1_task
                0x0000000008000600       0x48 app/libapp.a(main.c.obj)
 .text.thread_handler2_task
                0x0000000008000648       0x48 app/libapp.a(main.c.obj)
 .text.thread_handler3_task
                0x0000000008000690       0x48 app/libapp.a(main.c.obj)
 .text.zbus_chan_const_msg
                0x00000000080006d8       0x38 app/libapp.a(main.c.obj)
 .text.fh1_cb   0x0000000008000710       0x20 app/libapp.a(main.c.obj)
 .text.fh2_cb   0x0000000008000730       0x20 app/libapp.a(main.c.obj)
 .text.fh3_cb   0x0000000008000750       0x20 app/libapp.a(main.c.obj)
 .text.main     0x0000000008000770       0x30 app/libapp.a(main.c.obj)
                0x0000000008000770                main
 .text.peripheral_thread
                0x00000000080007a0       0x3c app/libapp.a(sensors.c.obj)
                0x00000000080007a0                peripheral_thread
 .text.char_out
                0x00000000080007dc        0xc zephyr/libzephyr.a(printk.c.obj)
 .text.__printk_hook_install
                0x00000000080007e8        0xc zephyr/libzephyr.a(printk.c.obj)
                0x00000000080007e8                __printk_hook_install
 .text.vprintk  0x00000000080007f4       0x30 zephyr/libzephyr.a(printk.c.obj)
                0x00000000080007f4                vprintk
 .text.z_thread_entry
                0x0000000008000824       0x34 zephyr/libzephyr.a(thread_entry.c.obj)
                0x0000000008000824                z_thread_entry
 .text.sys_heap_init
                0x0000000008000858      0x134 zephyr/libzephyr.a(heap.c.obj)
                0x0000000008000858                sys_heap_init
 .text.stm32h7_init
                0x000000000800098c       0xe4 zephyr/libzephyr.a(soc_m7.c.obj)
 .text.mem_attr_get_regions
                0x0000000008000a70        0xc zephyr/libzephyr.a(mem_attr.c.obj)
                0x0000000008000a70                mem_attr_get_regions
 .text.z_arm_fatal_error
                0x0000000008000a7c       0x5c zephyr/arch/arch/arm/core/libarch__arm__core.a(fatal.c.obj)
                0x0000000008000a7c                z_arm_fatal_error
 .text.z_SysNmiOnReset
                0x0000000008000ad8        0x8 zephyr/arch/arch/arm/core/libarch__arm__core.a(nmi_on_reset.S.obj)
                0x0000000008000ad8                z_SysNmiOnReset
 .text.arch_tls_stack_setup
                0x0000000008000ae0       0x60 zephyr/arch/arch/arm/core/libarch__arm__core.a(tls.c.obj)
                0x0000000008000ae0                arch_tls_stack_setup
 .text._HandlerModeExit
                0x0000000008000b40       0x1c zephyr/arch/arch/arm/core/cortex_m/libarch__arm__core__cortex_m.a(exc_exit.S.obj)
                0x0000000008000b40                z_arm_int_exit
                0x0000000008000b40                z_arm_exc_exit
 .text.mem_manage_fault
                0x0000000008000b5c      0x134 zephyr/arch/arch/arm/core/cortex_m/libarch__arm__core__cortex_m.a(fault.c.obj)
 .text.usage_fault.constprop.0
                0x0000000008000c90       0xa4 zephyr/arch/arch/arm/core/cortex_m/libarch__arm__core__cortex_m.a(fault.c.obj)
 .text.bus_fault.constprop.0
                0x0000000008000d34       0xc8 zephyr/arch/arch/arm/core/cortex_m/libarch__arm__core__cortex_m.a(fault.c.obj)
 .text.z_arm_fault
                0x0000000008000dfc      0x21c zephyr/arch/arch/arm/core/cortex_m/libarch__arm__core__cortex_m.a(fault.c.obj)
                0x0000000008000dfc                z_arm_fault
 .text.z_arm_fault_init
                0x0000000008001018       0x10 zephyr/arch/arch/arm/core/cortex_m/libarch__arm__core__cortex_m.a(fault.c.obj)
                0x0000000008001018                z_arm_fault_init
 .text.__fault  0x0000000008001028       0x14 zephyr/arch/arch/arm/core/cortex_m/libarch__arm__core__cortex_m.a(fault_s.S.obj)
                0x0000000008001028                z_arm_usage_fault
                0x0000000008001028                z_arm_mpu_fault
                0x0000000008001028                z_arm_exc_spurious
                0x0000000008001028                z_arm_debug_monitor
                0x0000000008001028                z_arm_hard_fault
                0x0000000008001028                z_arm_bus_fault
 .text._reset_section
                0x000000000800103c       0x2c zephyr/arch/arch/arm/core/cortex_m/libarch__arm__core__cortex_m.a(reset.S.obj)
                0x000000000800103c                __start
                0x000000000800103c                z_arm_reset
 .text.z_impl_k_thread_abort
                0x0000000008001068       0x2c zephyr/arch/arch/arm/core/cortex_m/libarch__arm__core__cortex_m.a(thread_abort.c.obj)
                0x0000000008001068                z_impl_k_thread_abort
 .text.arch_swap
                0x0000000008001094       0x34 zephyr/arch/arch/arm/core/cortex_m/libarch__arm__core__cortex_m.a(swap.c.obj)
                0x0000000008001094                arch_swap
 .text.z_arm_pendsv
                0x00000000080010c8       0x68 zephyr/arch/arch/arm/core/cortex_m/libarch__arm__core__cortex_m.a(swap_helper.S.obj)
                0x00000000080010c8                z_arm_pendsv
 .text.z_arm_svc
                0x0000000008001130       0x20 zephyr/arch/arch/arm/core/cortex_m/libarch__arm__core__cortex_m.a(swap_helper.S.obj)
                0x0000000008001130                z_arm_svc
 .text.arch_irq_enable
                0x0000000008001150       0x1c zephyr/arch/arch/arm/core/cortex_m/libarch__arm__core__cortex_m.a(irq_manage.c.obj)
                0x0000000008001150                arch_irq_enable
 .text.z_arm_irq_priority_set
                0x000000000800116c       0x64 zephyr/arch/arch/arm/core/cortex_m/libarch__arm__core__cortex_m.a(irq_manage.c.obj)
                0x000000000800116c                z_arm_irq_priority_set
 .text.z_arm_prep_c
                0x00000000080011d0       0x48 zephyr/arch/arch/arm/core/cortex_m/libarch__arm__core__cortex_m.a(prep_c.c.obj)
                0x00000000080011d0                z_arm_prep_c
 .text.arch_new_thread
                0x0000000008001218       0x30 zephyr/arch/arch/arm/core/cortex_m/libarch__arm__core__cortex_m.a(thread.c.obj)
                0x0000000008001218                arch_new_thread
 .text.z_check_thread_stack_fail
                0x0000000008001248       0x30 zephyr/arch/arch/arm/core/cortex_m/libarch__arm__core__cortex_m.a(thread.c.obj)
                0x0000000008001248                z_check_thread_stack_fail
 .text.arch_switch_to_main_thread
                0x0000000008001278       0x38 zephyr/arch/arch/arm/core/cortex_m/libarch__arm__core__cortex_m.a(thread.c.obj)
                0x0000000008001278                arch_switch_to_main_thread
 .text.z_arm_cpu_idle_init
                0x00000000080012b0        0xc zephyr/arch/arch/arm/core/cortex_m/libarch__arm__core__cortex_m.a(cpu_idle.S.obj)
                0x00000000080012b0                z_arm_cpu_idle_init
 .text.arch_cpu_idle
                0x00000000080012bc       0x1c zephyr/arch/arch/arm/core/cortex_m/libarch__arm__core__cortex_m.a(cpu_idle.S.obj)
                0x00000000080012bc                arch_cpu_idle
 .text.z_arm_interrupt_init
                0x00000000080012d8       0x18 zephyr/arch/arch/arm/core/cortex_m/libarch__arm__core__cortex_m.a(irq_init.c.obj)
                0x00000000080012d8                z_arm_interrupt_init
 .text._isr_wrapper
                0x00000000080012f0       0x28 zephyr/arch/arch/arm/core/cortex_m/libarch__arm__core__cortex_m.a(isr_wrapper.S.obj)
                0x00000000080012f0                _isr_wrapper
 .text.z_arm_configure_static_mpu_regions
                0x0000000008001318       0x18 zephyr/arch/arch/arm/core/mpu/libarch__arm__core__mpu.a(arm_core_mpu.c.obj)
                0x0000000008001318                z_arm_configure_static_mpu_regions
 .text.z_arm_configure_dynamic_mpu_regions
                0x0000000008001330       0x24 zephyr/arch/arch/arm/core/mpu/libarch__arm__core__mpu.a(arm_core_mpu.c.obj)
                0x0000000008001330                z_arm_configure_dynamic_mpu_regions
 .text.region_init
                0x0000000008001354       0x28 zephyr/arch/arch/arm/core/mpu/libarch__arm__core__mpu.a(arm_mpu.c.obj)
 .text.mpu_configure_regions
                0x000000000800137c       0x78 zephyr/arch/arch/arm/core/mpu/libarch__arm__core__mpu.a(arm_mpu.c.obj)
 .text.arm_core_mpu_enable
                0x00000000080013f4       0x18 zephyr/arch/arch/arm/core/mpu/libarch__arm__core__mpu.a(arm_mpu.c.obj)
                0x00000000080013f4                arm_core_mpu_enable
 .text.arm_core_mpu_disable
                0x000000000800140c       0x14 zephyr/arch/arch/arm/core/mpu/libarch__arm__core__mpu.a(arm_mpu.c.obj)
                0x000000000800140c                arm_core_mpu_disable
 .text.arm_core_mpu_configure_static_mpu_regions
                0x0000000008001420       0x4c zephyr/arch/arch/arm/core/mpu/libarch__arm__core__mpu.a(arm_mpu.c.obj)
                0x0000000008001420                arm_core_mpu_configure_static_mpu_regions
 .text.arm_core_mpu_configure_dynamic_mpu_regions
                0x000000000800146c       0x64 zephyr/arch/arch/arm/core/mpu/libarch__arm__core__mpu.a(arm_mpu.c.obj)
                0x000000000800146c                arm_core_mpu_configure_dynamic_mpu_regions
 .text.z_arm_mpu_init
                0x00000000080014d0      0x1ec zephyr/arch/arch/arm/core/mpu/libarch__arm__core__mpu.a(arm_mpu.c.obj)
                0x00000000080014d0                z_arm_mpu_init
 .text.z_impl_zephyr_fputc
                0x00000000080016bc       0x10 zephyr/lib/libc/picolibc/liblib__libc__picolibc.a(libc-hooks.c.obj)
                0x00000000080016bc                z_impl_zephyr_fputc
 .text.__stdout_hook_install
                0x00000000080016cc       0x18 zephyr/lib/libc/picolibc/liblib__libc__picolibc.a(libc-hooks.c.obj)
                0x00000000080016cc                __stdout_hook_install
 .text.malloc_prepare
                0x00000000080016e4       0x24 zephyr/lib/libc/common/liblib__libc__common.a(malloc.c.obj)
 .text._zbus_vded_exec
                0x0000000008001708       0xc4 zephyr/subsys/zbus/libsubsys__zbus.a(zbus.c.obj)
 .text._zbus_init
                0x00000000080017cc       0xac zephyr/subsys/zbus/libsubsys__zbus.a(zbus.c.obj)
                0x00000000080017cc                _zbus_init
 .text.zbus_chan_pub
                0x0000000008001878       0xdc zephyr/subsys/zbus/libsubsys__zbus.a(zbus.c.obj)
                0x0000000008001878                zbus_chan_pub
 .text.zbus_chan_read
                0x0000000008001954       0xa0 zephyr/subsys/zbus/libsubsys__zbus.a(zbus.c.obj)
                0x0000000008001954                zbus_chan_read
 .text.zbus_sub_wait
                0x00000000080019f4       0xe4 zephyr/subsys/zbus/libsubsys__zbus.a(zbus.c.obj)
                0x00000000080019f4                zbus_sub_wait
 .text.stm32_exti_isr
                0x0000000008001ad8       0x50 zephyr/drivers/interrupt_controller/libdrivers__interrupt_controller.a(intc_exti_stm32.c.obj)
 .text.stm32_fill_irq_table
                0x0000000008001b28       0x18 zephyr/drivers/interrupt_controller/libdrivers__interrupt_controller.a(intc_exti_stm32.c.obj)
 .text.stm32_exti_enable
                0x0000000008001b40       0x50 zephyr/drivers/interrupt_controller/libdrivers__interrupt_controller.a(intc_exti_stm32.c.obj)
                0x0000000008001b40                stm32_exti_enable
 .text.stm32_exti_set_callback
                0x0000000008001b90       0x30 zephyr/drivers/interrupt_controller/libdrivers__interrupt_controller.a(intc_exti_stm32.c.obj)
                0x0000000008001b90                stm32_exti_set_callback
 .text.stm32_exti_unset_callback
                0x0000000008001bc0       0x14 zephyr/drivers/interrupt_controller/libdrivers__interrupt_controller.a(intc_exti_stm32.c.obj)
                0x0000000008001bc0                stm32_exti_unset_callback
 .text.get_pllsrc_frequency
                0x0000000008001bd4       0x18 zephyr/drivers/clock_control/libdrivers__clock_control.a(clock_stm32_ll_h7.c.obj)
 .text.get_hclk_frequency
                0x0000000008001bec       0x30 zephyr/drivers/clock_control/libdrivers__clock_control.a(clock_stm32_ll_h7.c.obj)
 .text.stm32_clock_control_configure
                0x0000000008001c1c       0x5c zephyr/drivers/clock_control/libdrivers__clock_control.a(clock_stm32_ll_h7.c.obj)
 .text.stm32_clock_control_get_subsys_rate
                0x0000000008001c78       0x68 zephyr/drivers/clock_control/libdrivers__clock_control.a(clock_stm32_ll_h7.c.obj)
 .text.stm32_clock_control_init
                0x0000000008001ce0      0x1cc zephyr/drivers/clock_control/libdrivers__clock_control.a(clock_stm32_ll_h7.c.obj)
                0x0000000008001ce0                stm32_clock_control_init
 .text.uart_console_init
                0x0000000008001eac       0x28 zephyr/drivers/console/libdrivers__console.a(uart_console.c.obj)
 .text.console_out
                0x0000000008001ed4       0x28 zephyr/drivers/console/libdrivers__console.a(uart_console.c.obj)
 .text.gpio_stm32_manage_callback
                0x0000000008001efc       0xa0 zephyr/drivers/gpio/libdrivers__gpio.a(gpio_stm32.c.obj)
 .text.gpio_stm32_init
                0x0000000008001f9c       0x30 zephyr/drivers/gpio/libdrivers__gpio.a(gpio_stm32.c.obj)
 .text.gpio_stm32_isr
                0x0000000008001fcc       0x58 zephyr/drivers/gpio/libdrivers__gpio.a(gpio_stm32.c.obj)
 .text.gpio_stm32_pin_interrupt_configure
                0x0000000008002024      0x110 zephyr/drivers/gpio/libdrivers__gpio.a(gpio_stm32.c.obj)
 .text.pinctrl_configure_pins
                0x0000000008002134       0xb0 zephyr/drivers/pinctrl/libdrivers__pinctrl.a(pinctrl_stm32.c.obj)
                0x0000000008002134                pinctrl_configure_pins
 .text.uart_stm32_set_baudrate
                0x00000000080021e4       0x78 zephyr/drivers/serial/libdrivers__serial.a(uart_stm32.c.obj)
 .text.uart_stm32_parameters_set
                0x000000000800225c      0x134 zephyr/drivers/serial/libdrivers__serial.a(uart_stm32.c.obj)
 .text.uart_stm32_init
                0x0000000008002390      0x1b8 zephyr/drivers/serial/libdrivers__serial.a(uart_stm32.c.obj)
 .text.uart_stm32_configure
                0x0000000008002548      0x18c zephyr/drivers/serial/libdrivers__serial.a(uart_stm32.c.obj)
 .text.elapsed  0x00000000080026d4       0x4c zephyr/drivers/timer/libdrivers__timer.a(cortex_m_systick.c.obj)
 .text.sys_clock_driver_init
                0x0000000008002720       0x38 zephyr/drivers/timer/libdrivers__timer.a(cortex_m_systick.c.obj)
 .text.sys_clock_isr
                0x0000000008002758       0x54 zephyr/drivers/timer/libdrivers__timer.a(cortex_m_systick.c.obj)
                0x0000000008002758                sys_clock_isr
 .text.sys_clock_set_timeout
                0x00000000080027ac      0x168 zephyr/drivers/timer/libdrivers__timer.a(cortex_m_systick.c.obj)
                0x00000000080027ac                sys_clock_set_timeout
 .text.sys_clock_elapsed
                0x0000000008002914       0xa8 zephyr/drivers/timer/libdrivers__timer.a(cortex_m_systick.c.obj)
                0x0000000008002914                sys_clock_elapsed
 .text.HAL_DBGMCU_DisableDBGStopMode
                0x00000000080029bc       0x10 modules/stm32/stm32cube/lib..__modules__hal__stm32__stm32cube.a(stm32h7xx_hal.c.obj)
                0x00000000080029bc                HAL_DBGMCU_DisableDBGStopMode
 .text.LL_SetFlashLatency
                0x00000000080029cc      0x198 modules/stm32/stm32cube/lib..__modules__hal__stm32__stm32cube.a(stm32h7xx_ll_utils.c.obj)
                0x00000000080029cc                LL_SetFlashLatency
 .text.z_device_state_init
                0x0000000008002b64       0x44 zephyr/kernel/libkernel.a(device.c.obj)
                0x0000000008002b64                z_device_state_init
 .text.k_sys_fatal_error_handler
                0x0000000008002ba8       0x18 zephyr/kernel/libkernel.a(fatal.c.obj)
                0x0000000008002ba8                k_sys_fatal_error_handler
 .text.z_fatal_error
                0x0000000008002bc0       0xcc zephyr/kernel/libkernel.a(fatal.c.obj)
                0x0000000008002bc0                z_fatal_error
 .text.z_sys_init_run_level
                0x0000000008002c8c       0x48 zephyr/kernel/libkernel.a(init.c.obj)
 .text.bg_thread_main
                0x0000000008002cd4       0x34 zephyr/kernel/libkernel.a(init.c.obj)
 .text.z_bss_zero
                0x0000000008002d08       0x18 zephyr/kernel/libkernel.a(init.c.obj)
                0x0000000008002d08                z_bss_zero
 .text.z_init_cpu
                0x0000000008002d20       0x94 zephyr/kernel/libkernel.a(init.c.obj)
                0x0000000008002d20                z_init_cpu
 .text.z_cstart
                0x0000000008002db4       0xd0 zephyr/kernel/libkernel.a(init.c.obj)
                0x0000000008002db4                z_cstart
 .text.z_impl_k_thread_name_set
                0x0000000008002e84       0x20 zephyr/kernel/libkernel.a(thread.c.obj)
                0x0000000008002e84                z_impl_k_thread_name_set
 .text.z_setup_new_thread
                0x0000000008002ea4       0xf4 zephyr/kernel/libkernel.a(thread.c.obj)
                0x0000000008002ea4                z_setup_new_thread
 .text.z_impl_k_thread_create
                0x0000000008002f98       0x8c zephyr/kernel/libkernel.a(thread.c.obj)
                0x0000000008002f98                z_impl_k_thread_create
 .text.z_init_static_threads
                0x0000000008003024       0xe4 zephyr/kernel/libkernel.a(thread.c.obj)
                0x0000000008003024                z_init_static_threads
 .text.z_spin_lock_valid
                0x0000000008003108       0x1c zephyr/kernel/libkernel.a(thread.c.obj)
                0x0000000008003108                z_spin_lock_valid
 .text.z_spin_unlock_valid
                0x0000000008003124       0x1c zephyr/kernel/libkernel.a(thread.c.obj)
                0x0000000008003124                z_spin_unlock_valid
 .text.z_spin_lock_set_owner
                0x0000000008003140       0x10 zephyr/kernel/libkernel.a(thread.c.obj)
                0x0000000008003140                z_spin_lock_set_owner
 .text.idle     0x0000000008003150       0x48 zephyr/kernel/libkernel.a(idle.c.obj)
                0x0000000008003150                idle
 .text.z_impl_k_msgq_put
                0x0000000008003198      0x168 zephyr/kernel/libkernel.a(msg_q.c.obj)
                0x0000000008003198                z_impl_k_msgq_put
 .text.z_impl_k_msgq_get
                0x0000000008003300      0x17c zephyr/kernel/libkernel.a(msg_q.c.obj)
                0x0000000008003300                z_impl_k_msgq_get
 .text.z_impl_k_mutex_lock
                0x000000000800347c      0x1a4 zephyr/kernel/libkernel.a(mutex.c.obj)
                0x000000000800347c                z_impl_k_mutex_lock
 .text.z_impl_k_mutex_unlock
                0x0000000008003620      0x120 zephyr/kernel/libkernel.a(mutex.c.obj)
                0x0000000008003620                z_impl_k_mutex_unlock
 .text.z_impl_k_sem_give
                0x0000000008003740       0xb4 zephyr/kernel/libkernel.a(sem.c.obj)
                0x0000000008003740                z_impl_k_sem_give
 .text.work_queue_main
                0x00000000080037f4      0x1ec zephyr/kernel/libkernel.a(work.c.obj)
 .text.submit_to_queue_locked
                0x00000000080039e0       0xd8 zephyr/kernel/libkernel.a(work.c.obj)
 .text.k_work_init
                0x0000000008003ab8       0x4c zephyr/kernel/libkernel.a(work.c.obj)
                0x0000000008003ab8                k_work_init
 .text.z_work_submit_to_queue
                0x0000000008003b04       0xd4 zephyr/kernel/libkernel.a(work.c.obj)
                0x0000000008003b04                z_work_submit_to_queue
 .text.k_work_submit
                0x0000000008003bd8        0xc zephyr/kernel/libkernel.a(work.c.obj)
                0x0000000008003bd8                k_work_submit
 .text.k_work_queue_start
                0x0000000008003be4       0xd0 zephyr/kernel/libkernel.a(work.c.obj)
                0x0000000008003be4                k_work_queue_start
 .text.sliceable
                0x0000000008003cb4       0x3c zephyr/kernel/libkernel.a(sched.c.obj)
 .text.slice_timeout
                0x0000000008003cf0       0x60 zephyr/kernel/libkernel.a(sched.c.obj)
 .text.z_reset_time_slice
                0x0000000008003d50       0x50 zephyr/kernel/libkernel.a(sched.c.obj)
                0x0000000008003d50                z_reset_time_slice
 .text.update_cache
                0x0000000008003da0       0x68 zephyr/kernel/libkernel.a(sched.c.obj)
 .text.ready_thread
                0x0000000008003e08       0x94 zephyr/kernel/libkernel.a(sched.c.obj)
 .text.z_ready_thread
                0x0000000008003e9c       0x90 zephyr/kernel/libkernel.a(sched.c.obj)
                0x0000000008003e9c                z_ready_thread
 .text.z_reschedule
                0x0000000008003f2c       0x8c zephyr/kernel/libkernel.a(sched.c.obj)
                0x0000000008003f2c                z_reschedule
 .text.z_sched_start
                0x0000000008003fb8       0xa8 zephyr/kernel/libkernel.a(sched.c.obj)
                0x0000000008003fb8                z_sched_start
 .text.k_sched_lock
                0x0000000008004060       0xe0 zephyr/kernel/libkernel.a(sched.c.obj)
                0x0000000008004060                k_sched_lock
 .text.k_sched_unlock
                0x0000000008004140       0xec zephyr/kernel/libkernel.a(sched.c.obj)
                0x0000000008004140                k_sched_unlock
 .text.z_priq_dumb_remove
                0x000000000800422c       0x40 zephyr/kernel/libkernel.a(sched.c.obj)
                0x000000000800422c                z_priq_dumb_remove
 .text.move_thread_to_end_of_prio_q
                0x000000000800426c       0xa4 zephyr/kernel/libkernel.a(sched.c.obj)
 .text.z_time_slice
                0x0000000008004310       0xcc zephyr/kernel/libkernel.a(sched.c.obj)
                0x0000000008004310                z_time_slice
 .text.unready_thread
                0x00000000080043dc       0x38 zephyr/kernel/libkernel.a(sched.c.obj)
 .text.add_to_waitq_locked
                0x0000000008004414       0x7c zephyr/kernel/libkernel.a(sched.c.obj)
 .text.pend_locked
                0x0000000008004490       0x30 zephyr/kernel/libkernel.a(sched.c.obj)
 .text.z_pend_curr
                0x00000000080044c0       0xf4 zephyr/kernel/libkernel.a(sched.c.obj)
                0x00000000080044c0                z_pend_curr
 .text.z_set_prio
                0x00000000080045b4      0x128 zephyr/kernel/libkernel.a(sched.c.obj)
                0x00000000080045b4                z_set_prio
 .text.unpend_thread_no_timeout
                0x00000000080046dc       0x40 zephyr/kernel/libkernel.a(sched.c.obj)
 .text.z_sched_wake_thread
                0x000000000800471c       0xb4 zephyr/kernel/libkernel.a(sched.c.obj)
                0x000000000800471c                z_sched_wake_thread
 .text.z_unpend_first_thread
                0x00000000080047d0       0xa4 zephyr/kernel/libkernel.a(sched.c.obj)
                0x00000000080047d0                z_unpend_first_thread
 .text.z_thread_halt
                0x0000000008004874      0x130 zephyr/kernel/libkernel.a(sched.c.obj)
 .text.z_impl_k_thread_suspend
                0x00000000080049a4       0xa4 zephyr/kernel/libkernel.a(sched.c.obj)
                0x00000000080049a4                z_impl_k_thread_suspend
 .text.z_sched_init
                0x0000000008004a48       0x10 zephyr/kernel/libkernel.a(sched.c.obj)
                0x0000000008004a48                z_sched_init
 .text.z_impl_k_yield
                0x0000000008004a58      0x134 zephyr/kernel/libkernel.a(sched.c.obj)
                0x0000000008004a58                z_impl_k_yield
 .text.z_tick_sleep
                0x0000000008004b8c      0x148 zephyr/kernel/libkernel.a(sched.c.obj)
 .text.z_impl_k_sleep
                0x0000000008004cd4       0x64 zephyr/kernel/libkernel.a(sched.c.obj)
                0x0000000008004cd4                z_impl_k_sleep
 .text.z_impl_k_sched_current_thread_query
                0x0000000008004d38        0xc zephyr/kernel/libkernel.a(sched.c.obj)
                0x0000000008004d38                z_impl_k_sched_current_thread_query
 .text.z_thread_abort
                0x0000000008004d44       0xe0 zephyr/kernel/libkernel.a(sched.c.obj)
                0x0000000008004d44                z_thread_abort
 .text.z_sched_wake
                0x0000000008004e24       0xc0 zephyr/kernel/libkernel.a(sched.c.obj)
                0x0000000008004e24                z_sched_wake
 .text.z_sched_wait
                0x0000000008004ee4       0x24 zephyr/kernel/libkernel.a(sched.c.obj)
                0x0000000008004ee4                z_sched_wait
 .text.z_data_copy
                0x0000000008004f08       0x34 zephyr/kernel/libkernel.a(xip.c.obj)
                0x0000000008004f08                z_data_copy
 .text.elapsed  0x0000000008004f3c       0x14 zephyr/kernel/libkernel.a(timeout.c.obj)
 .text.next_timeout
                0x0000000008004f50       0x40 zephyr/kernel/libkernel.a(timeout.c.obj)
 .text.remove_timeout
                0x0000000008004f90       0x38 zephyr/kernel/libkernel.a(timeout.c.obj)
 .text.z_add_timeout
                0x0000000008004fc8      0x184 zephyr/kernel/libkernel.a(timeout.c.obj)
                0x0000000008004fc8                z_add_timeout
 .text.z_abort_timeout
                0x000000000800514c       0x9c zephyr/kernel/libkernel.a(timeout.c.obj)
                0x000000000800514c                z_abort_timeout
 .text.sys_clock_announce
                0x00000000080051e8      0x160 zephyr/kernel/libkernel.a(timeout.c.obj)
                0x00000000080051e8                sys_clock_announce
 .text.sys_clock_tick_get
                0x0000000008005348       0xa0 zephyr/kernel/libkernel.a(timeout.c.obj)
                0x0000000008005348                sys_clock_tick_get
 .text.boot_banner
                0x00000000080053e8        0xc zephyr/kernel/libkernel.a(banner.c.obj)
                0x00000000080053e8                boot_banner
 .text.statics_init
                0x00000000080053f4       0x50 zephyr/kernel/libkernel.a(kheap.c.obj)
 .text.k_sys_work_q_init
                0x0000000008005444       0x34 zephyr/kernel/libkernel.a(system_work_q.c.obj)
 .text.__i_vfprintf
                0x0000000008005478      0x490 c:\users\joedo\zephyr-sdk-0.16.3\arm-zephyr-eabi\bin\../lib/gcc/../../picolibc/arm-zephyr-eabi/lib/thumb/v7e-m/nofp\libc.a(libc_tinystdio_vfiprintf.c.o)
                0x0000000008005478                __i_vfprintf
 .text._OffsetAbsSyms
                0x0000000008005908        0x2 zephyr/CMakeFiles/offsets.dir/./arch/arm/core/offsets/offsets.c.obj
                0x0000000008005908                _OffsetAbsSyms
 .text.arch_printk_char_out
                0x000000000800590a        0x4 zephyr/libzephyr.a(printk.c.obj)
                0x000000000800590a                arch_printk_char_out
 .text.printk   0x000000000800590e       0x1a zephyr/libzephyr.a(printk.c.obj)
                0x000000000800590e                printk
 .text.chunk_field
                0x0000000008005928       0x16 zephyr/libzephyr.a(heap.c.obj)
 .text.chunk_set
                0x000000000800593e       0x16 zephyr/libzephyr.a(heap.c.obj)
 .text.chunk_size
                0x0000000008005954        0xc zephyr/libzephyr.a(heap.c.obj)
 .text.set_chunk_used
                0x0000000008005960       0x30 zephyr/libzephyr.a(heap.c.obj)
 .text.set_chunk_size
                0x0000000008005990        0x8 zephyr/libzephyr.a(heap.c.obj)
 .text.bytes_to_chunksz.isra.0
                0x0000000008005998       0x14 zephyr/libzephyr.a(heap.c.obj)
 .text.bucket_idx.isra.0
                0x00000000080059ac       0x18 zephyr/libzephyr.a(heap.c.obj)
 .text.free_list_add
                0x00000000080059c4       0x84 zephyr/libzephyr.a(heap.c.obj)
 .text.assert_post_action
                0x0000000008005a48        0xe zephyr/libzephyr.a(assert.c.obj)
                0x0000000008005a48                assert_post_action
 .text.assert_print
                0x0000000008005a56       0x1a zephyr/libzephyr.a(assert.c.obj)
                0x0000000008005a56                assert_print
 .text._ConfigAbsSyms
                0x0000000008005a70        0x2 zephyr/libzephyr.a(configs.c.obj)
                0x0000000008005a70                _ConfigAbsSyms
 .text.st_stm32_common_config
                0x0000000008005a72        0xa zephyr/libzephyr.a(soc_config.c.obj)
 .text.z_log_minimal_printk
                0x0000000008005a7c       0x1a zephyr/libzephyr.a(log_minimal.c.obj)
                0x0000000008005a7c                z_log_minimal_printk
 .text.z_do_kernel_oops
                0x0000000008005a96        0x8 zephyr/arch/arch/arm/core/libarch__arm__core.a(fatal.c.obj)
                0x0000000008005a96                z_do_kernel_oops
 .text.z_arm_nmi
                0x0000000008005a9e        0xe zephyr/arch/arch/arm/core/libarch__arm__core.a(nmi.c.obj)
                0x0000000008005a9e                z_arm_nmi
 .text.z_irq_spurious
                0x0000000008005aac        0x8 zephyr/arch/arch/arm/core/cortex_m/libarch__arm__core__cortex_m.a(irq_manage.c.obj)
                0x0000000008005aac                z_irq_spurious
 .text.size_to_mpu_rasr_size
                0x0000000008005ab4       0x20 zephyr/arch/arch/arm/core/mpu/libarch__arm__core__mpu.a(arm_mpu.c.obj)
 .text.picolibc_put
                0x0000000008005ad4        0xa zephyr/lib/libc/picolibc/liblib__libc__picolibc.a(libc-hooks.c.obj)
 .text.stm32_exti_init
                0x0000000008005ade       0x92 zephyr/drivers/interrupt_controller/libdrivers__interrupt_controller.a(intc_exti_stm32.c.obj)
 .text.stm32_exti_disable
                0x0000000008005b70       0x1a zephyr/drivers/interrupt_controller/libdrivers__interrupt_controller.a(intc_exti_stm32.c.obj)
                0x0000000008005b70                stm32_exti_disable
 .text.stm32_exti_trigger
                0x0000000008005b8a       0x64 zephyr/drivers/interrupt_controller/libdrivers__interrupt_controller.a(intc_exti_stm32.c.obj)
                0x0000000008005b8a                stm32_exti_trigger
 .text.stm32_clock_control_on
                0x0000000008005bee       0x24 zephyr/drivers/clock_control/libdrivers__clock_control.a(clock_stm32_ll_h7.c.obj)
 .text.stm32_clock_control_off
                0x0000000008005c12       0x26 zephyr/drivers/clock_control/libdrivers__clock_control.a(clock_stm32_ll_h7.c.obj)
 .text.gpio_stm32_port_get_raw
                0x0000000008005c38        0xc zephyr/drivers/gpio/libdrivers__gpio.a(gpio_stm32.c.obj)
 .text.gpio_stm32_port_set_masked_raw
                0x0000000008005c44       0x12 zephyr/drivers/gpio/libdrivers__gpio.a(gpio_stm32.c.obj)
 .text.gpio_stm32_port_set_bits_raw
                0x0000000008005c56        0xa zephyr/drivers/gpio/libdrivers__gpio.a(gpio_stm32.c.obj)
 .text.gpio_stm32_port_clear_bits_raw
                0x0000000008005c60        0xc zephyr/drivers/gpio/libdrivers__gpio.a(gpio_stm32.c.obj)
 .text.gpio_stm32_port_toggle_bits
                0x0000000008005c6c        0xe zephyr/drivers/gpio/libdrivers__gpio.a(gpio_stm32.c.obj)
 .text.gpio_stm32_configure_raw.isra.0
                0x0000000008005c7a       0xa0 zephyr/drivers/gpio/libdrivers__gpio.a(gpio_stm32.c.obj)
 .text.gpio_stm32_config
                0x0000000008005d1a       0x78 zephyr/drivers/gpio/libdrivers__gpio.a(gpio_stm32.c.obj)
 .text.gpio_stm32_configure
                0x0000000008005d92       0x30 zephyr/drivers/gpio/libdrivers__gpio.a(gpio_stm32.c.obj)
                0x0000000008005d92                gpio_stm32_configure
 .text.pinctrl_lookup_state
                0x0000000008005dc2       0x26 zephyr/drivers/pinctrl/libdrivers__pinctrl.a(common.c.obj)
                0x0000000008005dc2                pinctrl_lookup_state
 .text.reset_stm32_status
                0x0000000008005de8       0x22 zephyr/drivers/reset/libdrivers__reset.a(reset_stm32.c.obj)
 .text.reset_stm32_line_assert
                0x0000000008005e0a       0x1c zephyr/drivers/reset/libdrivers__reset.a(reset_stm32.c.obj)
 .text.reset_stm32_line_deassert
                0x0000000008005e26       0x1e zephyr/drivers/reset/libdrivers__reset.a(reset_stm32.c.obj)
 .text.reset_stm32_line_toggle
                0x0000000008005e44       0x16 zephyr/drivers/reset/libdrivers__reset.a(reset_stm32.c.obj)
 .text.uart_stm32_ll2cfg_databits
                0x0000000008005e5a       0x2a zephyr/drivers/serial/libdrivers__serial.a(uart_stm32.c.obj)
 .text.uart_stm32_err_check
                0x0000000008005e84       0x62 zephyr/drivers/serial/libdrivers__serial.a(uart_stm32.c.obj)
 .text.uart_stm32_poll_out
                0x0000000008005ee6       0x3a zephyr/drivers/serial/libdrivers__serial.a(uart_stm32.c.obj)
 .text.uart_stm32_poll_in
                0x0000000008005f20       0x24 zephyr/drivers/serial/libdrivers__serial.a(uart_stm32.c.obj)
 .text.uart_stm32_config_get
                0x0000000008005f44       0x92 zephyr/drivers/serial/libdrivers__serial.a(uart_stm32.c.obj)
 .text.z_device_is_ready
                0x0000000008005fd6       0x16 zephyr/kernel/libkernel.a(device.c.obj)
                0x0000000008005fd6                z_device_is_ready
 .text.arch_system_halt
                0x0000000008005fec       0x12 zephyr/kernel/libkernel.a(fatal.c.obj)
                0x0000000008005fec                arch_system_halt
 .text.z_early_memset
                0x0000000008005ffe        0x4 zephyr/kernel/libkernel.a(init.c.obj)
                0x0000000008005ffe                z_early_memset
 .text.z_early_memcpy
                0x0000000008006002        0x4 zephyr/kernel/libkernel.a(init.c.obj)
                0x0000000008006002                z_early_memcpy
 .text.k_is_in_isr
                0x0000000008006006        0xc zephyr/kernel/libkernel.a(thread.c.obj)
                0x0000000008006006                k_is_in_isr
 .text.k_thread_name_get
                0x0000000008006012        0x4 zephyr/kernel/libkernel.a(thread.c.obj)
                0x0000000008006012                k_thread_name_get
 .text.z_impl_k_thread_start
                0x0000000008006016        0x4 zephyr/kernel/libkernel.a(thread.c.obj)
                0x0000000008006016                z_impl_k_thread_start
 .text.adjust_owner_prio.isra.0
                0x000000000800601a       0x10 zephyr/kernel/libkernel.a(mutex.c.obj)
 .text.z_impl_k_mutex_init
                0x000000000800602a        0xe zephyr/kernel/libkernel.a(mutex.c.obj)
                0x000000000800602a                z_impl_k_mutex_init
 .text.flag_test_and_clear
                0x0000000008006038       0x16 zephyr/kernel/libkernel.a(work.c.obj)
 .text.notify_queue_locked.isra.0
                0x000000000800604e        0xe zephyr/kernel/libkernel.a(work.c.obj)
 .text.k_work_submit_to_queue
                0x000000000800605c       0x22 zephyr/kernel/libkernel.a(work.c.obj)
                0x000000000800605c                k_work_submit_to_queue
 .text.z_reschedule_irqlock
                0x000000000800607e       0x18 zephyr/kernel/libkernel.a(sched.c.obj)
                0x000000000800607e                z_reschedule_irqlock
 .text.z_reschedule_unlocked
                0x0000000008006096       0x14 zephyr/kernel/libkernel.a(sched.c.obj)
 .text.z_thread_timeout
                0x00000000080060aa        0x8 zephyr/kernel/libkernel.a(sched.c.obj)
                0x00000000080060aa                z_thread_timeout
 .text.sys_clock_tick_get_32
                0x00000000080060b2        0x8 zephyr/kernel/libkernel.a(timeout.c.obj)
                0x00000000080060b2                sys_clock_tick_get_32
 .text.sys_timepoint_calc
                0x00000000080060ba       0x48 zephyr/kernel/libkernel.a(timeout.c.obj)
                0x00000000080060ba                sys_timepoint_calc
 .text.sys_timepoint_timeout
                0x0000000008006102       0x42 zephyr/kernel/libkernel.a(timeout.c.obj)
                0x0000000008006102                sys_timepoint_timeout
 .text.k_heap_init
                0x0000000008006144       0x10 zephyr/kernel/libkernel.a(kheap.c.obj)
                0x0000000008006144                k_heap_init
 .text.strncpy  0x0000000008006154       0x20 c:\users\joedo\zephyr-sdk-0.16.3\arm-zephyr-eabi\bin\../lib/gcc/../../picolibc/arm-zephyr-eabi/lib/thumb/v7e-m/nofp\libc.a(libc_string_strncpy.c.o)
                0x0000000008006154                strncpy
 .text.strnlen  0x0000000008006174       0x18 c:\users\joedo\zephyr-sdk-0.16.3\arm-zephyr-eabi\bin\../lib/gcc/../../picolibc/arm-zephyr-eabi/lib/thumb/v7e-m/nofp\libc.a(libc_string_strnlen.c.o)
                0x0000000008006174                strnlen
 .text.__ultoa_invert
                0x000000000800618c       0x38 c:\users\joedo\zephyr-sdk-0.16.3\arm-zephyr-eabi\bin\../lib/gcc/../../picolibc/arm-zephyr-eabi/lib/thumb/v7e-m/nofp\libc.a(libc_tinystdio_vfiprintf.c.o)
 .text.memcpy   0x00000000080061c4       0x1c c:\users\joedo\zephyr-sdk-0.16.3\arm-zephyr-eabi\bin\../lib/gcc/../../picolibc/arm-zephyr-eabi/lib/thumb/v7e-m/nofp\libc.a(memcpy.c.o)
                0x00000000080061c4                __aeabi_memcpy
                0x00000000080061c4                __aeabi_memcpy4
                0x00000000080061c4                __aeabi_memcpy8
                0x00000000080061c4                memcpy
 .text.memset   0x00000000080061e0       0x10 c:\users\joedo\zephyr-sdk-0.16.3\arm-zephyr-eabi\bin\../lib/gcc/../../picolibc/arm-zephyr-eabi/lib/thumb/v7e-m/nofp\libc.a(memset.c.o)
                0x00000000080061e0                memset
 *(SORT_BY_ALIGNMENT(.TEXT.*))
 .TEXT.__aeabi_read_tp
                0x00000000080061f0        0xc zephyr/arch/arch/arm/core/cortex_m/libarch__arm__core__cortex_m.a(__aeabi_read_tp.S.obj)
                0x00000000080061f0                __aeabi_read_tp
 *(SORT_BY_ALIGNMENT(.gnu.linkonce.t.*))
 *(SORT_BY_ALIGNMENT(.glue_7t))
 .glue_7t       0x00000000080061fc        0x0 linker stubs
 *(SORT_BY_ALIGNMENT(.glue_7))
 .glue_7        0x00000000080061fc        0x0 linker stubs
 *(SORT_BY_ALIGNMENT(.vfp11_veneer))
 .vfp11_veneer  0x00000000080061fc        0x0 linker stubs
 *(SORT_BY_ALIGNMENT(.v4_bx))
 .v4_bx         0x00000000080061fc        0x0 linker stubs
                0x00000000080061fc                . = ALIGN (0x4)
                0x00000000080061fc                __text_region_end = .

.ARM.exidx      0x00000000080061fc        0x8
                0x00000000080061fc                __exidx_start = .
 *(SORT_BY_ALIGNMENT(.ARM.exidx*) SORT_BY_ALIGNMENT(gnu.linkonce.armexidx.*))
 .ARM.exidx     0x00000000080061fc        0x8 c:/users/joedo/zephyr-sdk-0.16.3/arm-zephyr-eabi/bin/../lib/gcc/arm-zephyr-eabi/12.2.0/thumb/v7e-m/nofp\libgcc.a(_udivmoddi4.o)
                0x0000000008006204                __exidx_end = .
                0x0000000008006204                __rodata_region_start = .

initlevel       0x0000000008006204       0xb8
                0x0000000008006204                __init_start = .
                0x0000000008006204                __init_EARLY_start = .
 *(SORT_BY_NAME(SORT_BY_ALIGNMENT(.z_init_EARLY?_*)))
 *(SORT_BY_NAME(SORT_BY_ALIGNMENT(.z_init_EARLY??_*)))
                0x0000000008006204                __init_PRE_KERNEL_1_start = .
 *(SORT_BY_NAME(SORT_BY_ALIGNMENT(.z_init_PRE_KERNEL_1?_*)))
 .z_init_PRE_KERNEL_10_0_
                0x0000000008006204        0x8 zephyr/libzephyr.a(soc_m7.c.obj)
 .z_init_PRE_KERNEL_11_00008_
                0x000000000800620c        0x8 zephyr/drivers/clock_control/libdrivers__clock_control.a(clock_stm32_ll_h7.c.obj)
 .z_init_PRE_KERNEL_11_0_
                0x0000000008006214        0x8 zephyr/libzephyr.a(soc_config.c.obj)
 *(SORT_BY_NAME(SORT_BY_ALIGNMENT(.z_init_PRE_KERNEL_1??_*)))
 .z_init_PRE_KERNEL_130_0_
                0x000000000800621c        0x8 zephyr/kernel/libkernel.a(kheap.c.obj)
 .z_init_PRE_KERNEL_135_00063_
                0x0000000008006224        0x8 zephyr/drivers/reset/libdrivers__reset.a(reset_stm32.c.obj)
 .z_init_PRE_KERNEL_140_00032_
                0x000000000800622c        0x8 zephyr/drivers/gpio/libdrivers__gpio.a(gpio_stm32.c.obj)
 .z_init_PRE_KERNEL_140_00033_
                0x0000000008006234        0x8 zephyr/drivers/gpio/libdrivers__gpio.a(gpio_stm32.c.obj)
 .z_init_PRE_KERNEL_140_00056_
                0x000000000800623c        0x8 zephyr/drivers/interrupt_controller/libdrivers__interrupt_controller.a(intc_exti_stm32.c.obj)
 .z_init_PRE_KERNEL_140_00095_
                0x0000000008006244        0x8 zephyr/drivers/gpio/libdrivers__gpio.a(gpio_stm32.c.obj)
 .z_init_PRE_KERNEL_140_00096_
                0x000000000800624c        0x8 zephyr/drivers/gpio/libdrivers__gpio.a(gpio_stm32.c.obj)
 .z_init_PRE_KERNEL_140_00097_
                0x0000000008006254        0x8 zephyr/drivers/gpio/libdrivers__gpio.a(gpio_stm32.c.obj)
 .z_init_PRE_KERNEL_140_00098_
                0x000000000800625c        0x8 zephyr/drivers/gpio/libdrivers__gpio.a(gpio_stm32.c.obj)
 .z_init_PRE_KERNEL_140_00099_
                0x0000000008006264        0x8 zephyr/drivers/gpio/libdrivers__gpio.a(gpio_stm32.c.obj)
 .z_init_PRE_KERNEL_140_00100_
                0x000000000800626c        0x8 zephyr/drivers/gpio/libdrivers__gpio.a(gpio_stm32.c.obj)
 .z_init_PRE_KERNEL_140_00101_
                0x0000000008006274        0x8 zephyr/drivers/gpio/libdrivers__gpio.a(gpio_stm32.c.obj)
 .z_init_PRE_KERNEL_140_00102_
                0x000000000800627c        0x8 zephyr/drivers/gpio/libdrivers__gpio.a(gpio_stm32.c.obj)
 .z_init_PRE_KERNEL_140_00103_
                0x0000000008006284        0x8 zephyr/drivers/gpio/libdrivers__gpio.a(gpio_stm32.c.obj)
 .z_init_PRE_KERNEL_155_00070_
                0x000000000800628c        0x8 zephyr/drivers/serial/libdrivers__serial.a(uart_stm32.c.obj)
 .z_init_PRE_KERNEL_160_0_
                0x0000000008006294        0x8 zephyr/drivers/console/libdrivers__console.a(uart_console.c.obj)
                0x000000000800629c                __init_PRE_KERNEL_2_start = .
 *(SORT_BY_NAME(SORT_BY_ALIGNMENT(.z_init_PRE_KERNEL_2?_*)))
 .z_init_PRE_KERNEL_20_0_
                0x000000000800629c        0x8 zephyr/drivers/timer/libdrivers__timer.a(cortex_m_systick.c.obj)
 *(SORT_BY_NAME(SORT_BY_ALIGNMENT(.z_init_PRE_KERNEL_2??_*)))
                0x00000000080062a4                __init_POST_KERNEL_start = .
 *(SORT_BY_NAME(SORT_BY_ALIGNMENT(.z_init_POST_KERNEL?_*)))
 *(SORT_BY_NAME(SORT_BY_ALIGNMENT(.z_init_POST_KERNEL??_*)))
 .z_init_POST_KERNEL40_0_
                0x00000000080062a4        0x8 zephyr/lib/libc/common/liblib__libc__common.a(malloc.c.obj)
 .z_init_POST_KERNEL40_0_
                0x00000000080062ac        0x8 zephyr/kernel/libkernel.a(system_work_q.c.obj)
                0x00000000080062b4                __init_APPLICATION_start = .
 *(SORT_BY_NAME(SORT_BY_ALIGNMENT(.z_init_APPLICATION?_*)))
 .z_init_APPLICATION5_0_
                0x00000000080062b4        0x8 zephyr/subsys/zbus/libsubsys__zbus.a(zbus.c.obj)
 *(SORT_BY_NAME(SORT_BY_ALIGNMENT(.z_init_APPLICATION??_*)))
                0x00000000080062bc                __init_SMP_start = .
 *(SORT_BY_NAME(SORT_BY_ALIGNMENT(.z_init_SMP?_*)))
 *(SORT_BY_NAME(SORT_BY_ALIGNMENT(.z_init_SMP??_*)))
                0x00000000080062bc                __init_end = .

device_area     0x00000000080062bc      0x12c
                0x00000000080062bc                _device_list_start = .
 *(SORT_BY_NAME(SORT_BY_ALIGNMENT(._device.static.*_?_*)))
 ._device.static.1_1_
                0x00000000080062bc       0x14 zephyr/drivers/clock_control/libdrivers__clock_control.a(clock_stm32_ll_h7.c.obj)
                0x00000000080062bc                __device_dts_ord_8
 *(SORT_BY_NAME(SORT_BY_ALIGNMENT(._device.static.*_??_*)))
 ._device.static.1_35_
                0x00000000080062d0       0x14 zephyr/drivers/reset/libdrivers__reset.a(reset_stm32.c.obj)
                0x00000000080062d0                __device_dts_ord_63
 ._device.static.1_40_
                0x00000000080062e4       0x14 zephyr/drivers/interrupt_controller/libdrivers__interrupt_controller.a(intc_exti_stm32.c.obj)
                0x00000000080062e4                __device_dts_ord_56
 ._device.static.1_40_
                0x00000000080062f8       0xdc zephyr/drivers/gpio/libdrivers__gpio.a(gpio_stm32.c.obj)
                0x00000000080062f8                __device_dts_ord_103
                0x000000000800630c                __device_dts_ord_102
                0x0000000008006320                __device_dts_ord_101
                0x0000000008006334                __device_dts_ord_100
                0x0000000008006348                __device_dts_ord_99
                0x000000000800635c                __device_dts_ord_98
                0x0000000008006370                __device_dts_ord_33
                0x0000000008006384                __device_dts_ord_97
                0x0000000008006398                __device_dts_ord_96
                0x00000000080063ac                __device_dts_ord_32
                0x00000000080063c0                __device_dts_ord_95
 ._device.static.1_55_
                0x00000000080063d4       0x14 zephyr/drivers/serial/libdrivers__serial.a(uart_stm32.c.obj)
                0x00000000080063d4                __device_dts_ord_70
                0x00000000080063e8                _device_list_end = .

sw_isr_table    0x00000000080063e8      0x518
                0x00000000080063e8                . = ALIGN (0x4)
 *(SORT_BY_ALIGNMENT(.gnu.linkonce.sw_isr_table*))
 .gnu.linkonce.sw_isr_table
                0x00000000080063e8      0x518 zephyr/arch/common/libisr_tables.a(isr_tables.c.obj)
                0x00000000080063e8                _sw_isr_table

initlevel_error
                0x0000000008006204        0x0
 *(SORT_BY_NAME(SORT_BY_ALIGNMENT(.z_init_[_A-Z0-9]*)))
                0x0000000000000001                ASSERT ((SIZEOF (initlevel_error) == 0x0), Undefined initialization levels used.)

app_shmem_regions
                0x0000000008006900        0x0
                0x0000000008006900                __app_shmem_regions_start = .
 *(SORT_BY_NAME(SORT_BY_ALIGNMENT(.app_regions.*)))
                0x0000000008006900                __app_shmem_regions_end = .

k_p4wq_initparam_area
                0x0000000008006900        0x0
                0x0000000008006900                _k_p4wq_initparam_list_start = .
 *(SORT_BY_NAME(SORT_BY_ALIGNMENT(._k_p4wq_initparam.static.*)))
                0x0000000008006900                _k_p4wq_initparam_list_end = .

_static_thread_data_area
                0x0000000008006900       0xc0
                0x0000000008006900                __static_thread_data_list_start = .
 *(SORT_BY_NAME(SORT_BY_ALIGNMENT(.__static_thread_data.static.*)))
 .__static_thread_data.static._k_thread_data_peripheral_thread_id_
                0x0000000008006900       0x30 app/libapp.a(sensors.c.obj)
                0x0000000008006900                _k_thread_data_peripheral_thread_id
 .__static_thread_data.static._k_thread_data_thread_handler1_id_
                0x0000000008006930       0x30 app/libapp.a(main.c.obj)
                0x0000000008006930                _k_thread_data_thread_handler1_id
 .__static_thread_data.static._k_thread_data_thread_handler2_id_
                0x0000000008006960       0x30 app/libapp.a(main.c.obj)
                0x0000000008006960                _k_thread_data_thread_handler2_id
 .__static_thread_data.static._k_thread_data_thread_handler3_id_
                0x0000000008006990       0x30 app/libapp.a(main.c.obj)
                0x0000000008006990                _k_thread_data_thread_handler3_id
                0x00000000080069c0                __static_thread_data_list_end = .

device_deps     0x00000000080069c0        0x0
                0x00000000080069c0                __device_deps_start = .
 *(SORT_BY_NAME(SORT_BY_ALIGNMENT(.__device_deps_pass2*)))
                0x00000000080069c0                __device_deps_end = .

ztest           0x00000000080069c0        0x0
                0x00000000080069c0                _ztest_expected_result_entry_list_start = .
 *(SORT_BY_NAME(SORT_BY_ALIGNMENT(._ztest_expected_result_entry.static.*)))
                0x00000000080069c0                _ztest_expected_result_entry_list_end = .
                0x00000000080069c0                _ztest_suite_node_list_start = .
 *(SORT_BY_NAME(SORT_BY_ALIGNMENT(._ztest_suite_node.static.*)))
                0x00000000080069c0                _ztest_suite_node_list_end = .
                0x00000000080069c0                _ztest_unit_test_list_start = .
 *(SORT_BY_NAME(SORT_BY_ALIGNMENT(._ztest_unit_test.static.*)))
                0x00000000080069c0                _ztest_unit_test_list_end = .
                0x00000000080069c0                _ztest_test_rule_list_start = .
 *(SORT_BY_NAME(SORT_BY_ALIGNMENT(._ztest_test_rule.static.*)))
                0x00000000080069c0                _ztest_test_rule_list_end = .

bt_l2cap_fixed_chan_area
                0x00000000080069c0        0x0
                0x00000000080069c0                _bt_l2cap_fixed_chan_list_start = .
 *(SORT_BY_NAME(SORT_BY_ALIGNMENT(._bt_l2cap_fixed_chan.static.*)))
                0x00000000080069c0                _bt_l2cap_fixed_chan_list_end = .

bt_gatt_service_static_area
                0x00000000080069c0        0x0
                0x00000000080069c0                _bt_gatt_service_static_list_start = .
 *(SORT_BY_NAME(SORT_BY_ALIGNMENT(._bt_gatt_service_static.static.*)))
                0x00000000080069c0                _bt_gatt_service_static_list_end = .

log_strings_area
                0x00000000080069c0        0x0
                0x00000000080069c0                _log_strings_list_start = .
 *(SORT_BY_NAME(SORT_BY_ALIGNMENT(._log_strings.static.*)))
                0x00000000080069c0                _log_strings_list_end = .

log_const_area  0x00000000080069c0       0x28
                0x00000000080069c0                _log_const_list_start = .
 *(SORT_BY_NAME(SORT_BY_ALIGNMENT(._log_const.static.*)))
 ._log_const.static.log_const_cbprintf_package_
                0x00000000080069c0        0x8 zephyr/libzephyr.a(cbprintf_packaged.c.obj)
                0x00000000080069c0                log_const_cbprintf_package
 ._log_const.static.log_const_mpu_
                0x00000000080069c8        0x8 zephyr/arch/arch/arm/core/mpu/libarch__arm__core__mpu.a(arm_core_mpu.c.obj)
                0x00000000080069c8                log_const_mpu
 ._log_const.static.log_const_os_
                0x00000000080069d0        0x8 zephyr/kernel/libkernel.a(init.c.obj)
                0x00000000080069d0                log_const_os
 ._log_const.static.log_const_uart_stm32_
                0x00000000080069d8        0x8 zephyr/drivers/serial/libdrivers__serial.a(uart_stm32.c.obj)
                0x00000000080069d8                log_const_uart_stm32
 ._log_const.static.log_const_zbus_
                0x00000000080069e0        0x8 zephyr/subsys/zbus/libsubsys__zbus.a(zbus.c.obj)
                0x00000000080069e0                log_const_zbus
                0x00000000080069e8                _log_const_list_end = .

log_backend_area
                0x00000000080069e8        0x0
                0x00000000080069e8                _log_backend_list_start = .
 *(SORT_BY_NAME(SORT_BY_ALIGNMENT(._log_backend.static.*)))
                0x00000000080069e8                _log_backend_list_end = .

log_link_area   0x00000000080069e8        0x0
                0x00000000080069e8                _log_link_list_start = .
 *(SORT_BY_NAME(SORT_BY_ALIGNMENT(._log_link.static.*)))
                0x00000000080069e8                _log_link_list_end = .

tracing_backend_area
                0x00000000080069e8        0x0
                0x00000000080069e8                _tracing_backend_list_start = .
 *(SORT_BY_NAME(SORT_BY_ALIGNMENT(._tracing_backend.static.*)))
                0x00000000080069e8                _tracing_backend_list_end = .

zephyr_dbg_info
 *(SORT_BY_ALIGNMENT(.dbg_thread_info))

zbus_channel_area
                0x00000000080069e8       0x28
                0x00000000080069e8                _zbus_channel_list_start = .
 *(SORT_BY_NAME(SORT_BY_ALIGNMENT(._zbus_channel.static.*)))
 ._zbus_channel.static.sensor_data_chan_
                0x00000000080069e8       0x14 app/libapp.a(main.c.obj)
                0x00000000080069e8                sensor_data_chan
 ._zbus_channel.static.version_chan_
                0x00000000080069fc       0x14 app/libapp.a(main.c.obj)
                0x00000000080069fc                version_chan
                0x0000000008006a10                _zbus_channel_list_end = .

zbus_channel_observation_area
                0x0000000008006a10       0x48
                0x0000000008006a10                _zbus_channel_observation_list_start = .
 *(SORT_BY_NAME(SORT_BY_ALIGNMENT(._zbus_channel_observation.static.*)))
 ._zbus_channel_observation.static.sensor_data_chan00_
                0x0000000008006a10        0x8 app/libapp.a(main.c.obj)
                0x0000000008006a10                sensor_data_chan00
 ._zbus_channel_observation.static.sensor_data_chan01_
                0x0000000008006a18        0x8 app/libapp.a(main.c.obj)
                0x0000000008006a18                sensor_data_chan01
 ._zbus_channel_observation.static.sensor_data_chan02_
                0x0000000008006a20        0x8 app/libapp.a(main.c.obj)
                0x0000000008006a20                sensor_data_chan02
 ._zbus_channel_observation.static.sensor_data_chan03_
                0x0000000008006a28        0x8 app/libapp.a(main.c.obj)
                0x0000000008006a28                sensor_data_chan03
 ._zbus_channel_observation.static.sensor_data_chan04_
                0x0000000008006a30        0x8 app/libapp.a(main.c.obj)
                0x0000000008006a30                sensor_data_chan04
 ._zbus_channel_observation.static.sensor_data_chan05_
                0x0000000008006a38        0x8 app/libapp.a(main.c.obj)
                0x0000000008006a38                sensor_data_chan05
 ._zbus_channel_observation.static.sensor_data_chan06_
                0x0000000008006a40        0x8 app/libapp.a(main.c.obj)
                0x0000000008006a40                sensor_data_chan06
 ._zbus_channel_observation.static.sensor_data_chan07_
                0x0000000008006a48        0x8 app/libapp.a(main.c.obj)
                0x0000000008006a48                sensor_data_chan07
 ._zbus_channel_observation.static.sensor_data_chan08_
                0x0000000008006a50        0x8 app/libapp.a(main.c.obj)
                0x0000000008006a50                sensor_data_chan08
                0x0000000008006a58                _zbus_channel_observation_list_end = .

symbol_to_keep  0x0000000008006a58        0x0
                0x0000000008006a58                __symbol_to_keep_start = .
 *(SORT_BY_NAME(SORT_BY_ALIGNMENT(.symbol_to_keep*)))
                0x0000000008006a58                __symbol_to_keep_end = .

shell_area      0x0000000008006a58        0x0
                0x0000000008006a58                _shell_list_start = .
 *(SORT_BY_NAME(SORT_BY_ALIGNMENT(._shell.static.*)))
                0x0000000008006a58                _shell_list_end = .

shell_root_cmds_area
                0x0000000008006a58        0x0
                0x0000000008006a58                _shell_root_cmds_list_start = .
 *(SORT_BY_NAME(SORT_BY_ALIGNMENT(._shell_root_cmds.static.*)))
                0x0000000008006a58                _shell_root_cmds_list_end = .

shell_subcmds_area
                0x0000000008006a58        0x0
                0x0000000008006a58                _shell_subcmds_list_start = .
 *(SORT_BY_NAME(SORT_BY_ALIGNMENT(._shell_subcmds.static.*)))
                0x0000000008006a58                _shell_subcmds_list_end = .

shell_dynamic_subcmds_area
                0x0000000008006a58        0x0
                0x0000000008006a58                _shell_dynamic_subcmds_list_start = .
 *(SORT_BY_NAME(SORT_BY_ALIGNMENT(._shell_dynamic_subcmds.static.*)))
                0x0000000008006a58                _shell_dynamic_subcmds_list_end = .

cfb_font_area   0x0000000008006a58        0x0
                0x0000000008006a58                _cfb_font_list_start = .
 *(SORT_BY_NAME(SORT_BY_ALIGNMENT(._cfb_font.static.*)))
                0x0000000008006a58                _cfb_font_list_end = .

tdata           0x0000000008006a58        0x0
 *(SORT_BY_ALIGNMENT(.tdata) SORT_BY_ALIGNMENT(.tdata.*) SORT_BY_ALIGNMENT(.gnu.linkonce.td.*))

tbss            0x0000000008006a58        0x4
 *(SORT_BY_ALIGNMENT(.tbss) SORT_BY_ALIGNMENT(.tbss.*) SORT_BY_ALIGNMENT(.gnu.linkonce.tb.*) SORT_BY_ALIGNMENT(.tcommon))
 .tbss.z_tls_current
                0x0000000008006a58        0x4 zephyr/libzephyr.a(thread_entry.c.obj)
                0x0000000008006a58                z_tls_current
                0x0000000008006a58                PROVIDE (__tdata_start = LOADADDR (tdata))
                0x0000000000000000                PROVIDE (__tdata_size = SIZEOF (tdata))
                [!provide]                        PROVIDE (__tdata_end = (__tdata_start + __tdata_size))
                0x0000000000000001                PROVIDE (__tdata_align = ALIGNOF (tdata))
                [!provide]                        PROVIDE (__tbss_start = ADDR (tbss))
                0x0000000000000004                PROVIDE (__tbss_size = SIZEOF (tbss))
                [!provide]                        PROVIDE (__tbss_end = (__tbss_start + __tbss_size))
                0x0000000000000004                PROVIDE (__tbss_align = ALIGNOF (tbss))
                [!provide]                        PROVIDE (__tls_start = __tdata_start)
                [!provide]                        PROVIDE (__tls_end = __tbss_end)
                [!provide]                        PROVIDE (__tls_size = (__tbss_end - __tdata_start))

rodata          0x0000000008006a58     0x1df0
 *(SORT_BY_ALIGNMENT(.rodata))
 .rodata        0x0000000008006a58        0x8 zephyr/drivers/gpio/libdrivers__gpio.a(gpio_stm32.c.obj)
 *(SORT_BY_ALIGNMENT(.rodata.*))
 .rodata.mpu_config
                0x0000000008006a60        0x8 zephyr/libzephyr.a(mpu_regions.c.obj)
                0x0000000008006a60                mpu_config
 .rodata.mpu_regions
                0x0000000008006a68       0x24 zephyr/libzephyr.a(mpu_regions.c.obj)
 .rodata.mem_attr_region
                0x0000000008006a8c       0x10 zephyr/libzephyr.a(mem_attr.c.obj)
 .rodata.static_regions
                0x0000000008006a9c        0xc zephyr/arch/arch/arm/core/mpu/libarch__arm__core__mpu.a(arm_core_mpu.c.obj)
 .rodata.gpio_stm32_cfg_k
                0x0000000008006aa8       0x14 zephyr/drivers/gpio/libdrivers__gpio.a(gpio_stm32.c.obj)
 .rodata.gpio_stm32_cfg_j
                0x0000000008006abc       0x14 zephyr/drivers/gpio/libdrivers__gpio.a(gpio_stm32.c.obj)
 .rodata.gpio_stm32_cfg_i
                0x0000000008006ad0       0x14 zephyr/drivers/gpio/libdrivers__gpio.a(gpio_stm32.c.obj)
 .rodata.gpio_stm32_cfg_h
                0x0000000008006ae4       0x14 zephyr/drivers/gpio/libdrivers__gpio.a(gpio_stm32.c.obj)
 .rodata.gpio_stm32_cfg_g
                0x0000000008006af8       0x14 zephyr/drivers/gpio/libdrivers__gpio.a(gpio_stm32.c.obj)
 .rodata.gpio_stm32_cfg_f
                0x0000000008006b0c       0x14 zephyr/drivers/gpio/libdrivers__gpio.a(gpio_stm32.c.obj)
 .rodata.gpio_stm32_cfg_e
                0x0000000008006b20       0x14 zephyr/drivers/gpio/libdrivers__gpio.a(gpio_stm32.c.obj)
 .rodata.gpio_stm32_cfg_d
                0x0000000008006b34       0x14 zephyr/drivers/gpio/libdrivers__gpio.a(gpio_stm32.c.obj)
 .rodata.gpio_stm32_cfg_c
                0x0000000008006b48       0x14 zephyr/drivers/gpio/libdrivers__gpio.a(gpio_stm32.c.obj)
 .rodata.gpio_stm32_cfg_b
                0x0000000008006b5c       0x14 zephyr/drivers/gpio/libdrivers__gpio.a(gpio_stm32.c.obj)
 .rodata.gpio_stm32_cfg_a
                0x0000000008006b70       0x14 zephyr/drivers/gpio/libdrivers__gpio.a(gpio_stm32.c.obj)
 .rodata.gpio_stm32_driver
                0x0000000008006b84       0x24 zephyr/drivers/gpio/libdrivers__gpio.a(gpio_stm32.c.obj)
 .rodata.gpio_ports
                0x0000000008006ba8       0x2c zephyr/drivers/pinctrl/libdrivers__pinctrl.a(pinctrl_stm32.c.obj)
 .rodata.reset_stm32_config
                0x0000000008006bd4        0x4 zephyr/drivers/reset/libdrivers__reset.a(reset_stm32.c.obj)
 .rodata.reset_stm32_driver_api
                0x0000000008006bd8       0x10 zephyr/drivers/reset/libdrivers__reset.a(reset_stm32.c.obj)
 .rodata.uart_stm32_cfg_0
                0x0000000008006be8       0x20 zephyr/drivers/serial/libdrivers__serial.a(uart_stm32.c.obj)
 .rodata.pclken_0
                0x0000000008006c08        0x8 zephyr/drivers/serial/libdrivers__serial.a(uart_stm32.c.obj)
 .rodata.__pinctrl_dev_config__device_dts_ord_70
                0x0000000008006c10        0x8 zephyr/drivers/serial/libdrivers__serial.a(uart_stm32.c.obj)
 .rodata.__pinctrl_states__device_dts_ord_70
                0x0000000008006c18        0x8 zephyr/drivers/serial/libdrivers__serial.a(uart_stm32.c.obj)
 .rodata.__pinctrl_state_pins_0__device_dts_ord_70
                0x0000000008006c20       0x10 zephyr/drivers/serial/libdrivers__serial.a(uart_stm32.c.obj)
 .rodata.uart_stm32_driver_api
                0x0000000008006c30       0x14 zephyr/drivers/serial/libdrivers__serial.a(uart_stm32.c.obj)
 .rodata.CSWTCH.489
                0x0000000008006c44       0x14 zephyr/kernel/libkernel.a(fatal.c.obj)
 .rodata.levels.0
                0x0000000008006c58       0x18 zephyr/kernel/libkernel.a(init.c.obj)
 .rodata.CSWTCH.664
                0x0000000008006c70        0x6 zephyr/drivers/serial/libdrivers__serial.a(uart_stm32.c.obj)
 .rodata.wq_dh_cb.str1.1
                0x0000000008006c76       0x5b app/libapp.a(main.c.obj)
 .rodata.thread_handler1_task.str1.1
                0x0000000008006cd1       0x54 app/libapp.a(main.c.obj)
 .rodata.thread_handler2_task.str1.1
                0x0000000008006d25       0x54 app/libapp.a(main.c.obj)
 .rodata.thread_handler3_task.str1.1
                0x0000000008006d79       0x54 app/libapp.a(main.c.obj)
 .rodata.zbus_chan_const_msg.str1.1
                0x0000000008006dcd       0x72 app/libapp.a(main.c.obj)
 .rodata.fh1_cb.str1.1
                0x0000000008006e3f       0x50 app/libapp.a(main.c.obj)
 .rodata.fh2_cb.str1.1
                0x0000000008006e8f       0x50 app/libapp.a(main.c.obj)
 .rodata.fh3_cb.str1.1
                0x0000000008006edf       0x50 app/libapp.a(main.c.obj)
 .rodata.str1.1
                0x0000000008006f2f       0x39 app/libapp.a(main.c.obj)
 .rodata.str1.1
                0x0000000008006f68       0x15 app/libapp.a(sensors.c.obj)
 .rodata.str1.1
                0x0000000008006f7d       0x11 zephyr/libzephyr.a(cbprintf_packaged.c.obj)
 .rodata.sys_heap_free.str1.1
                0x0000000008006f8e       0xcc zephyr/libzephyr.a(heap.c.obj)
                                         0xe9 (size before relaxing)
 .rodata.sys_heap_init.str1.1
                0x000000000800705a       0x8e zephyr/libzephyr.a(heap.c.obj)
 .rodata.str1.1
                0x00000000080070e8       0x12 zephyr/libzephyr.a(mpu_regions.c.obj)
 .rodata.str1.1
                0x00000000080070fa       0x10 zephyr/libzephyr.a(mem_attr.c.obj)
 .rodata.z_arm_fatal_error.str1.1
                0x000000000800710a       0xaf zephyr/arch/arch/arm/core/libarch__arm__core.a(fatal.c.obj)
 .rodata.mem_manage_fault.str1.1
                0x00000000080071b9      0x19a zephyr/arch/arch/arm/core/cortex_m/libarch__arm__core__cortex_m.a(fault.c.obj)
                                        0x1b7 (size before relaxing)
 .rodata.usage_fault.constprop.0.str1.1
                0x0000000008007353       0xf0 zephyr/arch/arch/arm/core/cortex_m/libarch__arm__core__cortex_m.a(fault.c.obj)
 .rodata.bus_fault.constprop.0.str1.1
                0x0000000008007443       0xa6 zephyr/arch/arch/arm/core/cortex_m/libarch__arm__core__cortex_m.a(fault.c.obj)
 .rodata.z_arm_fault.str1.1
                0x00000000080074e9      0x1de zephyr/arch/arch/arm/core/cortex_m/libarch__arm__core__cortex_m.a(fault.c.obj)
                                        0x1e0 (size before relaxing)
 .rodata.z_arm_irq_priority_set.str1.1
                0x00000000080076c7       0x92 zephyr/arch/arch/arm/core/cortex_m/libarch__arm__core__cortex_m.a(irq_manage.c.obj)
                                         0xaf (size before relaxing)
 .rodata.str1.1
                0x0000000008007759        0x4 zephyr/arch/arch/arm/core/mpu/libarch__arm__core__mpu.a(arm_core_mpu.c.obj)
 .rodata.mpu_configure_regions.str1.1
                0x000000000800775d       0x53 zephyr/arch/arch/arm/core/mpu/libarch__arm__core__mpu.a(arm_mpu.c.obj)
 .rodata.arm_core_mpu_configure_static_mpu_regions.str1.1
                0x00000000080077b0       0x5b zephyr/arch/arch/arm/core/mpu/libarch__arm__core__mpu.a(arm_mpu.c.obj)
                                         0x7a (size before relaxing)
 .rodata.arm_core_mpu_configure_dynamic_mpu_regions.str1.1
                0x000000000800780b       0x2d zephyr/arch/arch/arm/core/mpu/libarch__arm__core__mpu.a(arm_mpu.c.obj)
 .rodata.z_arm_mpu_init.str1.1
                0x0000000008007838      0x14c zephyr/arch/arch/arm/core/mpu/libarch__arm__core__mpu.a(arm_mpu.c.obj)
 .rodata._zbus_vded_exec.str1.1
                0x0000000008007984       0x76 zephyr/subsys/zbus/libsubsys__zbus.a(zbus.c.obj)
                                         0x96 (size before relaxing)
 .rodata._zbus_init.str1.1
                0x00000000080079fa       0x70 zephyr/subsys/zbus/libsubsys__zbus.a(zbus.c.obj)
 .rodata.zbus_chan_pub.str1.1
                0x0000000008007a6a       0x56 zephyr/subsys/zbus/libsubsys__zbus.a(zbus.c.obj)
                                         0x7d (size before relaxing)
 .rodata.zbus_sub_wait.str1.1
                0x0000000008007ac0       0x9d zephyr/subsys/zbus/libsubsys__zbus.a(zbus.c.obj)
 .rodata.str1.1
                0x0000000008007b5d        0x5 zephyr/subsys/zbus/libsubsys__zbus.a(zbus.c.obj)
 .rodata.stm32_exti_enable.str1.1
                0x0000000008007b62       0x47 zephyr/drivers/interrupt_controller/libdrivers__interrupt_controller.a(intc_exti_stm32.c.obj)
                                         0x64 (size before relaxing)
 .rodata.line_range_6.0
                0x0000000008007ba9        0x2 zephyr/drivers/interrupt_controller/libdrivers__interrupt_controller.a(intc_exti_stm32.c.obj)
 .rodata.line_range_5.1
                0x0000000008007bab        0x2 zephyr/drivers/interrupt_controller/libdrivers__interrupt_controller.a(intc_exti_stm32.c.obj)
 .rodata.line_range_4.2
                0x0000000008007bad        0x2 zephyr/drivers/interrupt_controller/libdrivers__interrupt_controller.a(intc_exti_stm32.c.obj)
 .rodata.line_range_3.3
                0x0000000008007baf        0x2 zephyr/drivers/interrupt_controller/libdrivers__interrupt_controller.a(intc_exti_stm32.c.obj)
 .rodata.line_range_2.4
                0x0000000008007bb1        0x2 zephyr/drivers/interrupt_controller/libdrivers__interrupt_controller.a(intc_exti_stm32.c.obj)
 .rodata.line_range_1.5
                0x0000000008007bb3        0x2 zephyr/drivers/interrupt_controller/libdrivers__interrupt_controller.a(intc_exti_stm32.c.obj)
 .rodata.line_range_0.6
                0x0000000008007bb5        0x2 zephyr/drivers/interrupt_controller/libdrivers__interrupt_controller.a(intc_exti_stm32.c.obj)
 .rodata.str1.1
                0x0000000008007bb7       0x1e zephyr/drivers/interrupt_controller/libdrivers__interrupt_controller.a(intc_exti_stm32.c.obj)
 .rodata.str1.1
                0x0000000008007bd5        0xd zephyr/drivers/clock_control/libdrivers__clock_control.a(clock_stm32_ll_h7.c.obj)
 .rodata.gpio_stm32_manage_callback.str1.1
                0x0000000008007be2       0x7d zephyr/drivers/gpio/libdrivers__gpio.a(gpio_stm32.c.obj)
                                         0x9a (size before relaxing)
 .rodata.gpio_stm32_isr.str1.1
                0x0000000008007c5f        0xc zephyr/drivers/gpio/libdrivers__gpio.a(gpio_stm32.c.obj)
 .rodata.str1.1
                0x0000000008007c6b       0x9a zephyr/drivers/gpio/libdrivers__gpio.a(gpio_stm32.c.obj)
 .rodata.pinctrl_configure_pins.str1.1
                0x0000000008007d05       0x4b zephyr/drivers/pinctrl/libdrivers__pinctrl.a(pinctrl_stm32.c.obj)
                                         0x68 (size before relaxing)
 .rodata.str1.1
                0x0000000008007d50       0x11 zephyr/drivers/reset/libdrivers__reset.a(reset_stm32.c.obj)
 .rodata.uart_stm32_set_baudrate.str1.1
                0x0000000008007d61       0x93 zephyr/drivers/serial/libdrivers__serial.a(uart_stm32.c.obj)
                                         0xb0 (size before relaxing)
 .rodata.uart_stm32_init.str1.1
                0x0000000008007df4       0x90 zephyr/drivers/serial/libdrivers__serial.a(uart_stm32.c.obj)
 .rodata.str1.1
                0x0000000008007e84       0x1b zephyr/drivers/serial/libdrivers__serial.a(uart_stm32.c.obj)
 .rodata.sys_clock_set_timeout.str1.1
                0x0000000008007e9f       0x84 zephyr/drivers/timer/libdrivers__timer.a(cortex_m_systick.c.obj)
                                         0xa1 (size before relaxing)
 .rodata.z_device_state_init.str1.1
                0x0000000008007f23       0x3b zephyr/kernel/libkernel.a(device.c.obj)
                                         0x77 (size before relaxing)
 .rodata.k_sys_fatal_error_handler.str1.1
                0x0000000008007f5e       0x14 zephyr/kernel/libkernel.a(fatal.c.obj)
 .rodata.z_fatal_error.str1.1
                0x0000000008007f72       0xfa zephyr/kernel/libkernel.a(fatal.c.obj)
                                        0x117 (size before relaxing)
 .rodata.str1.1
                0x000000000800806c       0x4a zephyr/kernel/libkernel.a(fatal.c.obj)
 .rodata.z_init_cpu.str1.1
                0x00000000080080b6        0x5 zephyr/kernel/libkernel.a(init.c.obj)
 .rodata.z_cstart.str1.1
                0x00000000080080bb        0x5 zephyr/kernel/libkernel.a(init.c.obj)
 .rodata.str1.1
                0x00000000080080c0        0x3 zephyr/kernel/libkernel.a(init.c.obj)
 .rodata.z_setup_new_thread.str1.1
                0x00000000080080c3       0xd4 zephyr/kernel/libkernel.a(thread.c.obj)
                                         0xf1 (size before relaxing)
 .rodata.z_impl_k_thread_create.str1.1
                0x0000000008008197       0x37 zephyr/kernel/libkernel.a(thread.c.obj)
 .rodata.z_init_static_threads.str1.1
                0x00000000080081ce       0x2d zephyr/kernel/libkernel.a(thread.c.obj)
                                         0x4c (size before relaxing)
 .rodata.idle.str1.1
                0x00000000080081fb       0x49 zephyr/kernel/libkernel.a(idle.c.obj)
                                         0x66 (size before relaxing)
 .rodata.z_impl_k_msgq_put.str1.1
                0x0000000008008244       0xb7 zephyr/kernel/libkernel.a(msg_q.c.obj)
                                        0x158 (size before relaxing)
 .rodata.z_impl_k_mutex_lock.str1.1
                0x00000000080082fb       0x47 zephyr/kernel/libkernel.a(mutex.c.obj)
                                         0xfa (size before relaxing)
 .rodata.z_impl_k_mutex_unlock.str1.1
                0x0000000008008342       0x17 zephyr/kernel/libkernel.a(mutex.c.obj)
 .rodata.z_impl_k_sem_give.str1.1
                0x0000000008008359       0xa1 zephyr/kernel/libkernel.a(sem.c.obj)
 .rodata.work_queue_main.str1.1
                0x0000000008008359       0x21 zephyr/kernel/libkernel.a(work.c.obj)
                                         0xd9 (size before relaxing)
 .rodata.submit_to_queue_locked.str1.1
                0x000000000800837a       0x1b zephyr/kernel/libkernel.a(work.c.obj)
 .rodata.k_work_init.str1.1
                0x0000000008008395       0x14 zephyr/kernel/libkernel.a(work.c.obj)
 .rodata.z_work_submit_to_queue.str1.1
                0x00000000080083a9       0x1d zephyr/kernel/libkernel.a(work.c.obj)
 .rodata.k_work_queue_start.str1.1
                0x00000000080083c6       0x40 zephyr/kernel/libkernel.a(work.c.obj)
 .rodata.slice_timeout.str1.1
                0x0000000008008406      0x1bb zephyr/kernel/libkernel.a(sched.c.obj)
                                        0x1d8 (size before relaxing)
 .rodata.update_cache.str1.1
                0x00000000080085c1       0x27 zephyr/kernel/libkernel.a(sched.c.obj)
                                         0x2a (size before relaxing)
 .rodata.ready_thread.str1.1
                0x00000000080085e8       0x21 zephyr/kernel/libkernel.a(sched.c.obj)
 .rodata.k_sched_time_slice_set.str1.1
                0x0000000008008609       0x84 zephyr/kernel/libkernel.a(sched.c.obj)
 .rodata.k_sched_lock.str1.1
                0x0000000008008609       0x5c zephyr/kernel/libkernel.a(sched.c.obj)
                                         0x6e (size before relaxing)
 .rodata.k_sched_unlock.str1.1
                0x0000000008008665       0x31 zephyr/kernel/libkernel.a(sched.c.obj)
 .rodata.z_pend_curr.str1.1
                0x0000000008008696       0x37 zephyr/kernel/libkernel.a(sched.c.obj)
 .rodata.unpend_thread_no_timeout.str1.1
                0x00000000080086cd       0x17 zephyr/kernel/libkernel.a(sched.c.obj)
 .rodata.z_thread_halt.str1.1
                0x00000000080086e4       0x2d zephyr/kernel/libkernel.a(sched.c.obj)
 .rodata.z_tick_sleep.str1.1
                0x0000000008008711       0x40 zephyr/kernel/libkernel.a(sched.c.obj)
 .rodata.z_thread_abort.str1.1
                0x0000000008008751       0x1f zephyr/kernel/libkernel.a(sched.c.obj)
                                         0x21 (size before relaxing)
 .rodata.z_add_timeout.str1.1
                0x0000000008008770       0x44 zephyr/kernel/libkernel.a(timeout.c.obj)
                                         0xe8 (size before relaxing)
 .rodata.boot_banner.str1.1
                0x00000000080087b4       0x42 zephyr/kernel/libkernel.a(banner.c.obj)
 .rodata.statics_init.str1.1
                0x00000000080087f6       0x38 zephyr/kernel/libkernel.a(kheap.c.obj)
                                         0x74 (size before relaxing)
 .rodata.k_sys_work_q_init.str1.1
                0x000000000800882e        0x9 zephyr/kernel/libkernel.a(system_work_q.c.obj)
 .rodata.__i_vfprintf.str1.1
                0x0000000008008837        0xf c:\users\joedo\zephyr-sdk-0.16.3\arm-zephyr-eabi\bin\../lib/gcc/../../picolibc/arm-zephyr-eabi/lib/thumb/v7e-m/nofp\libc.a(libc_tinystdio_vfiprintf.c.o)
 *(SORT_BY_ALIGNMENT(.gnu.linkonce.r.*))
                0x0000000008008848                . = ALIGN (0x4)
 *fill*         0x0000000008008846        0x2 
                0x0000000008008848                __rodata_region_end = .
                0x0000000008008860                . = ALIGN (_region_min_align)
                0x0000000008010000                . = ALIGN ((0x1 << LOG2CEIL ((__rodata_region_end - ADDR (rom_start)))))
                0x0000000008010000                __rom_region_end = ((__rom_region_start + .) - ADDR (rom_start))

/DISCARD/
 *(SORT_BY_ALIGNMENT(.got.plt))
 *(SORT_BY_ALIGNMENT(.igot.plt))
 *(SORT_BY_ALIGNMENT(.got))
 *(SORT_BY_ALIGNMENT(.igot))
                0x0000000024000000                . = 0x24000000
                0x0000000024000000                . = ALIGN (_region_min_align)
                0x0000000024000000                _image_ram_start = .

.ramfunc        0x0000000024000000        0x0 load address 0x0000000008008848
                0x0000000024000000                . = ALIGN (_region_min_align)
                0x0000000024000000                . = ALIGN ((0x1 << LOG2CEIL (__ramfunc_size)))
                0x0000000024000000                __ramfunc_start = .
 *(SORT_BY_ALIGNMENT(.ramfunc))
 *(SORT_BY_ALIGNMENT(.ramfunc.*))
                0x0000000024000000                . = ALIGN (_region_min_align)
                0x0000000024000000                . = ALIGN ((0x1 << LOG2CEIL (__ramfunc_size)))
                0x0000000024000000                __ramfunc_end = .
                0x0000000000000000                __ramfunc_size = (__ramfunc_end - __ramfunc_start)
                0x0000000008008848                __ramfunc_load_start = LOADADDR (.ramfunc)

datas           0x0000000024000000       0xe8 load address 0x0000000008008848
                0x0000000024000000                __data_region_start = .
                0x0000000024000000                __data_start = .
 *(SORT_BY_ALIGNMENT(.data))
 *(SORT_BY_ALIGNMENT(.data.*))
 .data.wq_handler3
                0x0000000024000000       0x18 app/libapp.a(main.c.obj)
 .data.wq_handler2
                0x0000000024000018       0x18 app/libapp.a(main.c.obj)
 .data.wq_handler1
                0x0000000024000030       0x18 app/libapp.a(main.c.obj)
 .data._zbus_chan_data_sensor_data_chan
                0x0000000024000048       0x18 app/libapp.a(main.c.obj)
 .data._zbus_chan_data_version_chan
                0x0000000024000060       0x18 app/libapp.a(main.c.obj)
 .data._char_out
                0x0000000024000078        0x4 zephyr/libzephyr.a(printk.c.obj)
                0x0000000024000078                _char_out
 .data.__stdout
                0x000000002400007c       0x10 zephyr/lib/libc/picolibc/liblib__libc__picolibc.a(libc-hooks.c.obj)
 .data.stm32_clock_control_api
                0x000000002400008c       0x1c zephyr/drivers/clock_control/libdrivers__clock_control.a(clock_stm32_ll_h7.c.obj)
 .data.uart_stm32_data_0
                0x00000000240000a8        0x8 zephyr/drivers/serial/libdrivers__serial.a(uart_stm32.c.obj)
 .data.uart_cfg_0
                0x00000000240000b0        0x8 zephyr/drivers/serial/libdrivers__serial.a(uart_stm32.c.obj)
 .data.SystemCoreClock
                0x00000000240000b8        0x4 modules/stm32/stm32cube/lib..__modules__hal__stm32__stm32cube.a(system_stm32h7xx.c.obj)
                0x00000000240000b8                SystemCoreClock
 .data.timeout_list
                0x00000000240000bc        0x8 zephyr/kernel/libkernel.a(timeout.c.obj)
 .data._zbus_message_version_chan
                0x00000000240000c4        0x4 app/libapp.a(main.c.obj)
 .data.exti_irq_table
                0x00000000240000c8       0x20 zephyr/drivers/interrupt_controller/libdrivers__interrupt_controller.a(intc_exti_stm32.c.obj)
 *(SORT_BY_ALIGNMENT(.kernel.*))
                0x00000000240000e8                __data_end = .
                0x00000000000000e8                __data_size = (__data_end - __data_start)
                0x0000000008008848                __data_load_start = LOADADDR (datas)
                0x0000000008008848                __data_region_load_start = LOADADDR (datas)

device_states   0x00000000240000e8       0x1e load address 0x0000000008008930
                0x00000000240000e8                __device_states_start = .
 *(SORT_BY_ALIGNMENT(.z_devstate))
 .z_devstate    0x00000000240000e8        0x2 zephyr/drivers/interrupt_controller/libdrivers__interrupt_controller.a(intc_exti_stm32.c.obj)
 .z_devstate    0x00000000240000ea        0x2 zephyr/drivers/clock_control/libdrivers__clock_control.a(clock_stm32_ll_h7.c.obj)
 .z_devstate    0x00000000240000ec       0x16 zephyr/drivers/gpio/libdrivers__gpio.a(gpio_stm32.c.obj)
 .z_devstate    0x0000000024000102        0x2 zephyr/drivers/reset/libdrivers__reset.a(reset_stm32.c.obj)
 .z_devstate    0x0000000024000104        0x2 zephyr/drivers/serial/libdrivers__serial.a(uart_stm32.c.obj)
 *(SORT_BY_ALIGNMENT(.z_devstate.*))
                0x0000000024000106                __device_states_end = .

log_mpsc_pbuf_area
                0x0000000024000106        0x0 load address 0x000000000800894e
                0x0000000024000106                _log_mpsc_pbuf_list_start = .
 *(SORT_BY_NAME(SORT_BY_ALIGNMENT(._log_mpsc_pbuf.static.*)))
                0x0000000024000106                _log_mpsc_pbuf_list_end = .

log_msg_ptr_area
                0x0000000024000106        0x0 load address 0x000000000800894e
                0x0000000024000106                _log_msg_ptr_list_start = .
 *(SORT_BY_NAME(SORT_BY_ALIGNMENT(._log_msg_ptr.static.*)))
                0x0000000024000106                _log_msg_ptr_list_end = .

log_dynamic_area
                0x0000000024000106        0x0 load address 0x000000000800894e
                0x0000000024000106                _log_dynamic_list_start = .
 *(SORT_BY_NAME(SORT_BY_ALIGNMENT(._log_dynamic.static.*)))
                0x0000000024000106                _log_dynamic_list_end = .

k_timer_area    0x0000000024000106        0x0 load address 0x000000000800894e
                0x0000000024000106                _k_timer_list_start = .
 *(SORT_BY_NAME(SORT_BY_ALIGNMENT(._k_timer.static.*)))
                0x0000000024000106                _k_timer_list_end = .

k_mem_slab_area
                0x0000000024000106        0x0 load address 0x000000000800894e
                0x0000000024000106                _k_mem_slab_list_start = .
 *(SORT_BY_NAME(SORT_BY_ALIGNMENT(._k_mem_slab.static.*)))
                0x0000000024000106                _k_mem_slab_list_end = .

k_heap_area     0x0000000024000106        0x0 load address 0x000000000800894e
                0x0000000024000106                _k_heap_list_start = .
 *(SORT_BY_NAME(SORT_BY_ALIGNMENT(._k_heap.static.*)))
                0x0000000024000106                _k_heap_list_end = .

k_mutex_area    0x0000000024000106        0x0 load address 0x000000000800894e
                0x0000000024000106                _k_mutex_list_start = .
 *(SORT_BY_NAME(SORT_BY_ALIGNMENT(._k_mutex.static.*)))
                0x0000000024000106                _k_mutex_list_end = .

k_stack_area    0x0000000024000106        0x0 load address 0x000000000800894e
                0x0000000024000106                _k_stack_list_start = .
 *(SORT_BY_NAME(SORT_BY_ALIGNMENT(._k_stack.static.*)))
                0x0000000024000106                _k_stack_list_end = .

k_msgq_area     0x0000000024000108       0x84 load address 0x0000000008008950
                0x0000000024000108                _k_msgq_list_start = .
 *(SORT_BY_NAME(SORT_BY_ALIGNMENT(._k_msgq.static.*)))
 ._k_msgq.static._zbus_observer_queue_thread_handler1_sub_
                0x0000000024000108       0x2c app/libapp.a(main.c.obj)
                0x0000000024000108                _zbus_observer_queue_thread_handler1_sub
 ._k_msgq.static._zbus_observer_queue_thread_handler2_sub_
                0x0000000024000134       0x2c app/libapp.a(main.c.obj)
                0x0000000024000134                _zbus_observer_queue_thread_handler2_sub
 ._k_msgq.static._zbus_observer_queue_thread_handler3_sub_
                0x0000000024000160       0x2c app/libapp.a(main.c.obj)
                0x0000000024000160                _zbus_observer_queue_thread_handler3_sub
                0x000000002400018c                _k_msgq_list_end = .

k_mbox_area     0x000000002400018c        0x0 load address 0x00000000080089d4
                0x000000002400018c                _k_mbox_list_start = .
 *(SORT_BY_NAME(SORT_BY_ALIGNMENT(._k_mbox.static.*)))
                0x000000002400018c                _k_mbox_list_end = .

k_pipe_area     0x000000002400018c        0x0 load address 0x00000000080089d4
                0x000000002400018c                _k_pipe_list_start = .
 *(SORT_BY_NAME(SORT_BY_ALIGNMENT(._k_pipe.static.*)))
                0x000000002400018c                _k_pipe_list_end = .

k_sem_area      0x000000002400018c        0x0 load address 0x00000000080089d4
                0x000000002400018c                _k_sem_list_start = .
 *(SORT_BY_NAME(SORT_BY_ALIGNMENT(._k_sem.static.*)))
                0x000000002400018c                _k_sem_list_end = .

k_event_area    0x000000002400018c        0x0 load address 0x00000000080089d4
                0x000000002400018c                _k_event_list_start = .
 *(SORT_BY_NAME(SORT_BY_ALIGNMENT(._k_event.static.*)))
                0x000000002400018c                _k_event_list_end = .

k_queue_area    0x000000002400018c        0x0 load address 0x00000000080089d4
                0x000000002400018c                _k_queue_list_start = .
 *(SORT_BY_NAME(SORT_BY_ALIGNMENT(._k_queue.static.*)))
                0x000000002400018c                _k_queue_list_end = .

k_fifo_area     0x000000002400018c        0x0 load address 0x00000000080089d4
                0x000000002400018c                _k_fifo_list_start = .
 *(SORT_BY_NAME(SORT_BY_ALIGNMENT(._k_fifo.static.*)))
                0x000000002400018c                _k_fifo_list_end = .

k_lifo_area     0x000000002400018c        0x0 load address 0x00000000080089d4
                0x000000002400018c                _k_lifo_list_start = .
 *(SORT_BY_NAME(SORT_BY_ALIGNMENT(._k_lifo.static.*)))
                0x000000002400018c                _k_lifo_list_end = .

k_condvar_area  0x000000002400018c        0x0 load address 0x00000000080089d4
                0x000000002400018c                _k_condvar_list_start = .
 *(SORT_BY_NAME(SORT_BY_ALIGNMENT(._k_condvar.static.*)))
                0x000000002400018c                _k_condvar_list_end = .

sys_mem_blocks_ptr_area
                0x000000002400018c        0x0 load address 0x00000000080089d4
                0x000000002400018c                _sys_mem_blocks_ptr_list_start = .
 *(SORT_BY_NAME(SORT_BY_ALIGNMENT(._sys_mem_blocks_ptr.static.*)))
                0x000000002400018c                _sys_mem_blocks_ptr_list_end = .

net_buf_pool_area
                0x000000002400018c        0x0 load address 0x00000000080089d4
                0x000000002400018c                _net_buf_pool_list_start = .
 *(SORT_BY_NAME(SORT_BY_ALIGNMENT(._net_buf_pool.static.*)))
                0x000000002400018c                _net_buf_pool_list_end = .

zbus_observer_area
                0x000000002400018c       0x48 load address 0x00000000080089d4
                0x000000002400018c                _zbus_observer_list_start = .
 *(SORT_BY_NAME(SORT_BY_ALIGNMENT(._zbus_observer.static.*)))
 ._zbus_observer.static.delay_handler1_lis_
                0x000000002400018c        0x8 app/libapp.a(main.c.obj)
                0x000000002400018c                delay_handler1_lis
 ._zbus_observer.static.delay_handler2_lis_
                0x0000000024000194        0x8 app/libapp.a(main.c.obj)
                0x0000000024000194                delay_handler2_lis
 ._zbus_observer.static.delay_handler3_lis_
                0x000000002400019c        0x8 app/libapp.a(main.c.obj)
                0x000000002400019c                delay_handler3_lis
 ._zbus_observer.static.fast_handler1_lis_
                0x00000000240001a4        0x8 app/libapp.a(main.c.obj)
                0x00000000240001a4                fast_handler1_lis
 ._zbus_observer.static.fast_handler2_lis_
                0x00000000240001ac        0x8 app/libapp.a(main.c.obj)
                0x00000000240001ac                fast_handler2_lis
 ._zbus_observer.static.fast_handler3_lis_
                0x00000000240001b4        0x8 app/libapp.a(main.c.obj)
                0x00000000240001b4                fast_handler3_lis
 ._zbus_observer.static.thread_handler1_sub_
                0x00000000240001bc        0x8 app/libapp.a(main.c.obj)
                0x00000000240001bc                thread_handler1_sub
 ._zbus_observer.static.thread_handler2_sub_
                0x00000000240001c4        0x8 app/libapp.a(main.c.obj)
                0x00000000240001c4                thread_handler2_sub
 ._zbus_observer.static.thread_handler3_sub_
                0x00000000240001cc        0x8 app/libapp.a(main.c.obj)
                0x00000000240001cc                thread_handler3_sub
                0x00000000240001d4                _zbus_observer_list_end = .

zbus_channel_observation_mask_area
                0x00000000240001d4        0x9 load address 0x0000000008008a1c
                0x00000000240001d4                _zbus_channel_observation_mask_list_start = .
 *(SORT_BY_NAME(SORT_BY_ALIGNMENT(._zbus_channel_observation_mask.static.*)))
 ._zbus_channel_observation_mask.static.sensor_data_chan00_mask_
                0x00000000240001d4        0x1 app/libapp.a(main.c.obj)
                0x00000000240001d4                sensor_data_chan00_mask
 ._zbus_channel_observation_mask.static.sensor_data_chan01_mask_
                0x00000000240001d5        0x1 app/libapp.a(main.c.obj)
                0x00000000240001d5                sensor_data_chan01_mask
 ._zbus_channel_observation_mask.static.sensor_data_chan02_mask_
                0x00000000240001d6        0x1 app/libapp.a(main.c.obj)
                0x00000000240001d6                sensor_data_chan02_mask
 ._zbus_channel_observation_mask.static.sensor_data_chan03_mask_
                0x00000000240001d7        0x1 app/libapp.a(main.c.obj)